drivers/usb/host/ehci-hcd.c:123:12:ehci_get_port_speed	0	static
drivers/usb/host/ehci-hcd.c:128:13:ehci_set_usbmode	0	static
drivers/usb/host/ehci-hcd.c:150:18:ehci_get_portsc_register	0	static
drivers/usb/host/ehci-hcd.c:1659:12:ehci_get_max_xfer_size	0	static
drivers/usb/host/ehci-hcd.c:144:13:ehci_powerup_fixup	0	static
drivers/usb/host/ehci-hcd.c:164:12:handshake	24	static
drivers/usb/host/ehci-hcd.c:1427:14:_ehci_poll_int_queue	24	static
drivers/usb/host/ehci-hcd.c:1645:14:ehci_poll_int_queue	0	static
drivers/usb/host/ehci-hcd.c:286:13:ehci_update_endpt2_dev_n_port	16	static
drivers/usb/host/ehci-hcd.c:322:12:ehci_disable_async.part.0	8	static
drivers/usb/host/ehci-hcd.c:242:12:ehci_td_buffer.constprop	24	static
drivers/usb/host/ehci-hcd.c:1244:1:disable_periodic.isra	8	static
drivers/usb/host/ehci-hcd.c:1223:1:enable_periodic.isra	8	static
drivers/usb/host/ehci-hcd.c:208:12:ehci_shutdown.isra	24	static
drivers/usb/host/ehci-hcd.c:114:26:ehci_get_ctrl.isra	8	static
drivers/usb/host/ehci-hcd.c:1468:12:_ehci_destroy_int_queue.isra	32	static
drivers/usb/host/ehci-hcd.c:1652:12:ehci_destroy_int_queue	0	static
drivers/usb/host/ehci-hcd.c:1263:26:_ehci_create_int_queue.constprop	80	static
drivers/usb/host/ehci-hcd.c:1636:26:ehci_create_int_queue	4	static
drivers/usb/host/ehci-hcd.c:1627:12:ehci_submit_int_msg	32	static
drivers/usb/host/ehci-hcd.c:347:1:ehci_submit_async	288	static
drivers/usb/host/ehci-hcd.c:1620:12:ehci_submit_bulk_msg	4	static
drivers/usb/host/ehci-hcd.c:1610:12:ehci_submit_control_msg	48	static
drivers/usb/host/ehci-hcd.c:1670:12:ehci_lock_async	8	static
drivers/usb/host/ehci-hcd.c:1677:5:ehci_register	32	static
drivers/usb/host/ehci-hcd.c:1723:5:ehci_deregister	8	static
drivers/usb/host/ehci-hcd.c:1803:5:ehci_setup_phy	0	static
drivers/usb/host/ehci-hcd.c:1808:5:ehci_shutdown_phy	0	static
