net/eth-uclass.c:43:32:eth_get_uclass_priv	16	static
net/eth-uclass.c:581:12:eth_pre_remove	8	static
net/eth-uclass.c:459:12:eth_post_bind	16	static
net/eth-uclass.c:193:12:eth_write_hwaddr.isra	8	static
net/eth-uclass.c:503:12:eth_post_probe	24	static
net/eth-uclass.c:225:12:on_ethaddr	24	static
net/eth-uclass.c:56:6:eth_set_current_to_next	8	static
net/eth-uclass.c:73:17:eth_get_dev	8	static
net/eth-uclass.c:89:6:eth_set_dev	8	static
net/eth-uclass.c:474:12:eth_pre_unbind	8	static
net/eth-uclass.c:104:17:eth_get_dev_by_name	32	static
net/eth-uclass.c:144:16:eth_get_ethaddr	8	static
net/eth-uclass.c:157:5:eth_init_state_only	8	static
net/eth-uclass.c:173:6:eth_halt_state_only	8	static
net/eth-uclass.c:186:5:eth_get_dev_index	8	static
net/eth-uclass.c:253:5:eth_init	24	static
net/eth-uclass.c:331:5:eth_is_active	8	static
net/eth-uclass.c:316:6:eth_halt	8	static
net/eth-uclass.c:342:5:eth_send	16	static
net/eth-uclass.c:366:5:eth_rx	24	static
net/eth-uclass.c:402:5:eth_initialize	32	static
