lib/fdtdec.c:612:20:get_prop_check_min_len	24	static
lib/fdtdec.c:77:13:fdtdec_get_compatible	0	static
lib/fdtdec.c:245:10:fdtdec_get_uint64	24	static
lib/fdtdec.c:258:5:fdtdec_get_is_enabled	8	static
lib/fdtdec.c:1074:12:get_next_memory_node	32	static
lib/fdtdec.c:275:20:fdtdec_lookup	24	static
lib/fdtdec.c:287:5:fdtdec_next_compatible	0	static
lib/fdtdec.c:292:5:fdtdec_next_compatible_subnode	24	static
lib/fdtdec.c:307:5:fdtdec_next_alias	72	static
lib/fdtdec.c:339:5:fdtdec_add_aliases_for_id	56	dynamic
lib/fdtdec.c:329:5:fdtdec_find_aliases_for_id	24	static
lib/fdtdec.c:454:5:fdtdec_get_alias_seq	56	static
lib/fdtdec.c:496:5:fdtdec_get_alias_highest_id	32	static
lib/fdtdec.c:529:13:fdtdec_get_chosen_prop	16	static
lib/fdtdec.c:539:5:fdtdec_get_chosen_node	8	static
lib/fdtdec.c:566:5:fdtdec_prepare_fdt	8	static
lib/fdtdec.c:549:5:fdtdec_check_fdt	8	static
lib/fdtdec.c:587:5:fdtdec_lookup_phandle	8	static
lib/fdtdec.c:630:5:fdtdec_get_int_array	32	static
lib/fdtdec.c:950:12:decode_timing_property	40	static
lib/fdtdec.c:648:5:fdtdec_get_int_array_count	16	static
lib/fdtdec.c:668:12:fdtdec_locate_array	24	static
lib/fdtdec.c:679:5:fdtdec_get_bool	16	static
lib/fdtdec.c:689:5:fdtdec_parse_phandle_with_args	48	static
lib/fdtdec.c:813:5:fdtdec_get_child_count	16	static
lib/fdtdec.c:824:5:fdtdec_get_byte_array	32	static
lib/fdtdec.c:836:11:fdtdec_locate_byte_array	24	static
lib/fdtdec.c:848:5:fdtdec_get_config_int	16	static
lib/fdtdec.c:860:5:fdtdec_get_config_bool	16	static
lib/fdtdec.c:874:7:fdtdec_get_config_string	24	static
lib/fdtdec.c:892:5:fdtdec_get_number	8	static
lib/fdtdec.c:84:12:fdtdec_get_addr_size_fixed	40	static
lib/fdtdec.c:130:12:fdtdec_get_addr_size_auto_parent	40	static
lib/fdtdec.c:157:12:fdtdec_get_addr_size_auto_noparent	40	static
lib/fdtdec.c:176:12:fdtdec_get_addr_size	24	static
lib/fdtdec.c:186:12:fdtdec_get_addr	0	static
lib/fdtdec.c:902:5:fdt_get_resource	40	static
lib/fdtdec.c:937:5:fdt_get_named_resource	24	static
lib/fdtdec.c:974:5:fdtdec_decode_display_timing	24	static
lib/fdtdec.c:1042:5:fdtdec_setup_mem_size_base_fdt	24	static
lib/fdtdec.c:1067:5:fdtdec_setup_mem_size_base	0	static
lib/fdtdec.c:1084:5:fdtdec_setup_memory_banksize_fdt	32	static
lib/fdtdec.c:1124:5:fdtdec_setup_memory_banksize	0	static
lib/fdtdec.c:1198:14:board_fdt_blob_setup	0	static
lib/fdtdec.c:1215:5:fdtdec_set_ethernet_mac_address	32	static
lib/fdtdec.c:1276:5:fdtdec_add_reserved_memory	136	static
lib/fdtdec.c:1382:5:fdtdec_get_carveout	40	static
lib/fdtdec.c:1431:5:fdtdec_set_carveout	32	static
lib/fdtdec.c:1469:5:fdtdec_setup	8	static
lib/fdtdec.c:1565:5:fdtdec_decode_ram_size	56	static
