lib/vsprintf.c:53:14:put_dec_trunc	20	static
lib/vsprintf.c:131:23:put_dec	32	static
lib/vsprintf.c:160:14:number	120	static
lib/vsprintf.c:281:14:string16	40	static
lib/vsprintf.c:259:14:string	24	static
lib/vsprintf.c:509:12:vsnprintf_internal	120	static
lib/vsprintf.c:714:5:vsnprintf	0	static
lib/vsprintf.c:720:5:vscnprintf	8	static
lib/vsprintf.c:733:5:snprintf	16	static
lib/vsprintf.c:745:5:scnprintf	16	static
lib/vsprintf.c:770:5:vsprintf	0	static
lib/vsprintf.c:775:5:sprintf	12	static
lib/vsprintf.c:787:5:printf	1056	static
lib/vsprintf.c:810:5:vprintf	1056	static
lib/vsprintf.c:830:7:simple_itoa	24	static
lib/vsprintf.c:845:6:print_grouped_ull	48	static
lib/vsprintf.c:860:6:str2off	24	static
lib/vsprintf.c:868:6:str2long	24	static
lib/vsprintf.c:876:7:strmhz	16	static
