drivers/spi/spi-uclass.c:197:12:spi_child_pre_probe	16	static
drivers/spi/spi-uclass.c:164:12:spi_post_probe	16	static
drivers/spi/spi-uclass.c:47:5:dm_spi_claim_bus	40	static
drivers/spi/spi-uclass.c:75:6:dm_spi_release_bus	0	static
drivers/spi/spi-uclass.c:84:5:dm_spi_xfer	8	static
drivers/spi/spi-uclass.c:98:5:dm_spi_get_mmap	8	static
drivers/spi/spi-uclass.c:112:5:spi_claim_bus	0	static
drivers/spi/spi-uclass.c:117:6:spi_release_bus	0	static
drivers/spi/spi-uclass.c:122:5:spi_xfer	0	static
drivers/spi/spi-uclass.c:128:5:spi_write_then_read	32	static
drivers/spi/spi-uclass.c:218:5:spi_chip_select	8	static
drivers/spi/spi-uclass.c:225:5:spi_find_chip_select	32	static
drivers/spi/spi-uclass.c:284:5:spi_cs_info	16	static
drivers/spi/spi-uclass.c:269:5:spi_cs_is_valid	16	static
drivers/spi/spi-uclass.c:298:5:spi_find_bus_and_cs	24	static
drivers/spi/spi-uclass.c:320:5:spi_get_bus_and_cs	40	static
drivers/spi/spi-uclass.c:412:19:spi_setup_slave	32	static
drivers/spi/spi-uclass.c:427:6:spi_free_slave	8	static
drivers/spi/spi-uclass.c:433:5:spi_slave_ofdata_to_platdata	16	static
drivers/spi/spi-uclass.c:153:12:spi_child_post_bind	8	static
