87800000 T __image_copy_start
87800000 T _start
87800020 T _undefined_instruction
87800024 T _software_interrupt
87800028 T _prefetch_abort
8780002c T _data_abort
87800030 T _not_used
87800034 T _irq
87800038 T _fiq
87800040 T IRQ_STACK_START_IN
87800060 t undefined_instruction
878000c0 t software_interrupt
87800120 t prefetch_abort
87800180 t data_abort
878001e0 t not_used
87800240 t irq
878002a0 t fiq
878002e8 T reset
878002ec T save_boot_params_ret
87800328 T c_runtime_cpu_setup
87800338 W save_boot_params
8780033c T cpu_init_cp15
8780039c T cpu_init_crit
878003a8 T __efi_runtime_start
878003a8 W efi_reset_system
878003aa W efi_get_time
878003b4 W efi_set_time
878003bc t efi_unimplemented
878003c4 t efi_set_virtual_address_map_runtime
878003cc t efi_convert_pointer_runtime
878003d4 T efi_update_capsule
878003dc T efi_query_capsule_caps
878003e4 t efi_convert_pointer
87800468 T efi_update_table_header_crc32
8780047c t efi_get_variable_runtime
87800484 t efi_get_next_variable_name_runtime
8780048c t efi_set_variable_runtime
87800494 T efi_query_variable_info
8780049c T crc32_no_comp
8780052c T crc32
87800538 T efi_runtime_detach
8780055c T efi_runtime_relocate
87800688 T efi_events
87800690 T systab
878006d8 t firmware_vendor
878006f0 t efi_virtmap
878006f4 t efi_descriptor_count
878006f8 t efi_descriptor_size
87800700 T efi_runtime_services
87800750 t crc_table
87800b50 T efi_runtime_mmio
87800b58 T __efi_runtime_stop
87800b60 T __v7_flush_dcache_all
87800b74 t start_flush_levels
87800b78 t flush_levels
87800bb4 t loop1
87800bb8 t loop2
87800bdc t skip
87800be8 t finished
87800bfc T v7_flush_dcache_all
87800c0c T __v7_invalidate_dcache_all
87800c24 t inval_levels
87800c60 t inval_loop1
87800c64 t inval_loop2
87800c88 t inval_skip
87800c94 t inval_finished
87800ca8 T v7_invalidate_dcache_all
87800cb8 T allow_unaligned
87800cc8 T invalidate_icache_all
87800cdc W v7_outer_cache_enable
87800cde W v7_outer_cache_disable
87800ce0 W v7_outer_cache_flush_all
87800ce2 T flush_dcache_all
87800cf0 W v7_outer_cache_inval_all
87800cf2 T invalidate_dcache_all
87800d00 T arm_init_before_mmu
87800d22 W v7_outer_cache_flush_range
87800d24 T flush_dcache_range
87800d5c T mmu_page_table_flush
87800d7a W v7_outer_cache_inval_range
87800d7c T invalidate_dcache_range
87800dbe W cpu_cache_initialization
87800dc0 T cleanup_before_linux_select
87800dfe T cleanup_before_linux
87800e04 W lowlevel_init
87800e40 T _main
87800e8c t here
87800ee0 T memset
87800f80 T memcpy
87801264 T setjmp
87801274 T longjmp
87801290 W relocate_vectors
8780129c T relocate_code
878012ac t copy_loop
878012c4 t fixloop
878012e4 t fixnext
878012ec t relocate_done
87801300 T arch_fixup_fdt
87801324 T arch_lmb_reserve
87801358 W board_quiesce_devices
8780135c t boot_jump_linux
878013ec W setup_board_tags
878013ee W board_prep_linux
878013f0 t boot_prep_linux
87801560 T do_bootm_linux
878015a4 T boot_prep_vxworks
878015d4 T boot_jump_vxworks
878015dc T bootz_setup
8780166c T arch_reserve_stacks
87801682 t show_efi_loaded_images.isra.0
87801688 T interrupt_init
8780169c T enable_interrupts
8780169e T disable_interrupts
878016a4 T bad_mode
878016b0 T show_regs
87801834 T do_undefined_instruction
8780185c T do_software_interrupt
87801884 T do_prefetch_abort
878018ac T do_data_abort
878018d4 T do_not_used
878018fc T do_fiq
87801924 T do_irq
8780194c T do_reset
87801974 W flush_cache
8780197c T check_cache_range
8780199c t cache_disable
878019d8 W arm_init_domains
878019da T set_section_dcache
878019ec T mmu_set_region_dcache_behaviour
87801a2a W dram_bank_mmu_setup
87801a52 T icache_enable
87801a64 T icache_disable
87801a6c T icache_status
87801a76 T dcache_enable
87801ae4 T dcache_disable
87801aea T dcache_status
87801af4 T imx_iomux_v3_setup_pad
87801bd0 T imx_iomux_v3_setup_multiple_pads
87801bec T get_imx_reset_cause
87801c0c t get_reset_cause
87801ca8 T get_reboot_reason
87801cd0 T get_imx_type
87801f54 T print_cpuinfo
8780204c T get_ahb_clk
87802068 T arch_preboot_os
8780206a T get_clocks
8780207c T imx_ddr_size
878020d0 T mxs_wait_mask_set
878020f8 T mxs_wait_mask_clr
87802120 T mxs_reset_block
8780218c T board_lmb_reserve
878021b8 T configure_tzc380
878021d8 T enable_caches
87802228 T init_aips
878022fc T imx_wdog_disable_powerdown
87802394 T init_src
878023ac T boot_mode_apply
878023d4 T imx_get_mac_from_fuse
878024bc T timer_init
878024f8 T get_ticks
8780250a T get_timer
87802540 T __udelay
878025bc T get_tbclk
878025c4 t do_boot_mode
87802650 t create_usage
878026b0 T add_board_boot_modes
878026ec T get_cpu_rev
87802788 T get_cpu_speed_grade_hz
8780287c T get_cpu_temp_grade
878028c4 W get_board_rev
878028ec T set_ldo_voltage
87802990 T is_usb_boot
87802998 t mmc_get_boot_dev
878029c0 T arch_cpu_init
87802d30 W board_mmc_get_env_dev
87802d34 T mmc_get_env_dev
87802d58 W board_mmc_get_env_part
87802d5c T mmc_get_env_part
87802d72 T board_postclk_init
87802d90 T get_board_serial
87802da4 T get_boot_device
87802df0 T set_wdog_reset
87802e0a T reset_misc
87802e0c T s_init
87802ed0 t get_ipg_clk
87802eec t get_ipg_per_clk
87802f74 t enable_pll_video.constprop.0
87803040 t get_mcu_main_clk
8780306c t mxc_get_pll_pfd
878030f0 t get_usdhc_clk
87803188 t get_uart_clk
87803234 T enable_ocotp_clk
87803250 T enable_usboh3_clk
87803270 T enable_enet_clk
878032c4 T enable_i2c_clk
87803358 T get_periph_clk
878033dc t get_axi_clk
87803410 t get_emi_slow_clk
87803460 t get_mmdc_ch0_clk
878035d8 T do_mx6_showclocks
8780378c T enable_lcdif_clock
878039a8 T mxs_set_lcdclk
87803c50 T enable_qspi_clk
87803cc8 T enable_fec_anatop_clock
87803d80 T imx_get_uartclk
87803d84 T imx_get_fecclk
87803d88 T enable_thermal_clk
87803dcc T mxc_get_clock
87803ef4 T check_module_fused
87803f38 T ft_system_setup
87803fe8 T mx6_esdhc_fused
87804024 T mx6_usb_fused
87804034 T mx6_qspi_fused
87804038 T mx6_i2c_fused
87804074 T mx6_enet_fused
87804094 W mmc_map_to_kernel_blk
87804098 T board_late_mmc_env_init
87804104 T dram_init
87804112 T board_phy_config
87804140 T board_early_init_f
87804154 T board_init
878041b8 T board_late_init
878042cc T checkboard
878042dc W do_go_exec
878042e4 t do_go
87804330 T do_bootm
878043d0 T do_bootd
878043e8 t image_info
8780448c t do_iminfo
878044cc T bootm_maybe_autostart
87804518 t do_help
87804544 t do_version
87804574 T blk_common_cmd
87804774 T image_source_script
87804804 t do_source
87804838 t print_num
87804848 t do_bdinfo
8780491c t do_blkcache
87804958 t blkc_configure
87804998 t blkc_show
878049c0 t do_bmp
878049f8 t do_bmp_info
87804aa4 T bmp_display
87804afc t do_bmp_display
87804b94 t efi_reserve_memory
87804be4 t do_bootefi_exec
87804d1c T efi_install_fdt
87804f44 T efi_run_image
87804fdc t do_bootefi
8780508c T efi_set_bootdev
878050f0 T do_bootz
8780518c t parse_argv
878051c8 t do_icache
87805224 t do_dcache
87805280 t do_coninfo
87805314 t do_dm_dump_devres
87805318 t do_dm
8780535c t do_dm_dump_drivers
87805366 t do_dm_dump_uclass
87805370 t do_dm_dump_all
8780537c t do_echo
878053fc t load_elf_image_phdr
878054c0 T valid_elf_image
878054f0 T do_bootelf
87805688 T do_bootvx
878058b8 t do_exit
878058d8 T do_ext4_size
878058e6 T do_ext4_load
878058f4 T do_ext4_ls
87805902 T do_ext4_write
87805910 T do_ext2load
8780591e t do_ext2ls
8780592c T do_fat_size
8780593a T do_fat_fsload
87805948 t do_fat_ls
87805958 t do_fat_fsinfo
878059ac t do_fat_fswrite
87805a80 t do_fat_rm
87805a8e t do_fat_mkdir
87805a9c t fdt_valid
87805b10 t is_printable_string
87805b5c t print_data.part.0
87805c58 T set_working_fdt_addr
87805c6c t do_fdt
878066ac t do_flinfo
878066b0 t do_protect
878066bc t do_flerase
878066c0 t do_size_wrapper
878066ce t do_load_wrapper
878066dc t do_save_wrapper
878066ea t do_ls_wrapper
878066f8 t do_ln_wrapper
87806706 t do_fstype_wrapper
8780670a t strtou32
87806738 t do_fuse
87806970 t gpio_get_description
878069f4 t do_gpio
87806c40 t do_i2c
87806c7c t i2c_get_cur_bus
87806ca0 t do_i2c_bus_speed
87806d04 t do_i2c_reset
87806d28 t i2c_get_cur_bus_chip
87806d48 t do_i2c_probe
87806dbc t do_i2c_bus_num
87806e2c t show_bus
87806e90 t do_i2c_olen
87806f04 t do_i2c_flags
87806f7c t do_i2c_show_bus
87806fe8 t get_alen.constprop.0
87807008 t mod_i2c_mem.part.0
87807160 t do_i2c_nm
87807172 t do_i2c_mm
87807184 t do_i2c_md
878072e8 t do_i2c_read
87807378 t do_i2c_mw
87807434 t do_i2c_write
8780753c t do_i2c_crc
8780761c t do_i2c_loop
878076dc t evalexp
87807728 t evalstr
87807764 t binary_test
87807858 t do_itest
878078a4 t bin_data_init
878078c0 t k_data_save
878078f4 t k_data_restore
87807928 t getcxmodem
87807940 t bin_data_char
8780795c t chk1.constprop.0
8780797c t s1_sendpacket.constprop.0
878079b0 t load_serial
87807ad4 t do_load_serial
87807b60 t load_serial_ymodem.isra.0
87807bec t do_load_serial_bin
87808104 t do_mem_md
878081a4 t do_mem_base
878081cc t do_mem_crc
878081f8 t do_mem_mtest
87808358 t do_mem_mw
878083d0 t do_mem_loop
87808454 t do_mem_cmp
8780853c t mod_mem.part.0
87808628 t do_mem_mm
8780863a t do_mem_nm
8780864c t do_mem_cp
878086bc t do_random
8780875c t do_sleep
878087e4 t do_mmcops
87808868 t do_mmc_setdsr
878088d8 t init_mmc_device
87808920 t do_mmc_rst_func
8780897c t do_mmc_rescan
87808994 t do_mmc_partconf
87808a38 t do_mmc_bootbus
87808aa8 t do_mmc_hwpartition
87808e48 t do_mmc_list
87808e54 t do_mmc_dev
87808f18 t do_mmcinfo
878091d8 t do_mmc_boot_resize
87809258 t do_mmc_part
87809290 t do_mmc_erase
8780932c t do_mmc_write
878093dc t do_mmc_read
87809478 T mtd_arg_off
878094c8 T mtd_arg_off_size
87809588 t netboot_common
8780975c t do_bootp
87809764 t do_dhcp
8780976c t do_nfs
87809774 T do_tftpb
8780979c t do_ping
878097e4 t do_pinmux
87809824 t do_list
8780988c t show_pinmux
8780991c t do_status
878099b8 t do_dev
87809a0c T do_raw_read
87809ae0 t bytes_per_second
87809b14 t do_spi_flash
8780a0b4 t substitute
8780a14c t get_arg
8780a180 t regex_sub.part.0
8780a38c t do_setexpr
8780a47c t do_false
8780a480 t do_true
8780a484 t do_test
8780a684 t usb_get_class_desc
8780a6f8 t usb_display_class_sub
8780a7f0 t usb_display_desc
8780a8e8 t usb_show_tree_graph
8780aa60 t usb_show_subtree
8780aa7c t usb_for_each_root_dev
8780aab8 t usb_display_string
8780aae4 t usb_display_config
8780ac90 t usb_show_info
8780acda t usb_find_device
8780ad40 t do_usbboot
8780ad4c t do_usb_start
8780ad6c T usb_show_tree
8780ad78 t do_usb
8780b00c T common_diskboot
8780b180 t do_fastboot
8780b2c8 t do_imgextract
8780b47c t del_gpt_info
8780b4a4 t extract_val
8780b4fc t calc_parts_list_len
8780b550 t extract_env
8780b5f0 t get_gpt_info
8780b6b4 t create_gpt_partitions_list.constprop.0
8780b784 t set_gpt_info
8780ba6c t print_gpt_info
8780bb20 t do_gpt
8780bf90 t do_env_delete
8780bffc t do_env_save
8780c00c t do_env
8780c048 t env_print
8780c0c0 t do_env_print
8780c138 t do_env_import
8780c2d8 t do_env_default
8780c334 t do_env_exists
8780c374 t _do_env_set.constprop.0
8780c490 t do_env_set
8780c4a4 T env_get_id
8780c4b0 T env_set
8780c4ec T env_set_ulong
8780c504 T env_set_hex
8780c524 t do_env_export
8780c680 T env_match
8780c6c8 T env_get_f
8780c74c T env_get
8780c79c T env_get_hex
8780c7bc T eth_env_get_enetaddr
8780c7f0 T eth_env_set_enetaddr
8780c820 T env_get_ulong
8780c83c t do_env_edit.part.0
8780c8ac t do_env_edit
8780c8c8 T board_init_f_alloc_reserve
8780c8d4 T board_init_f_init_reserve
8780c8e8 W show_boot_progress
8780c8ec T main_loop
8780c920 t mdelay
8780c92a t dummy
8780c92c T get_version
8780c930 T jumptable_init
8780ca90 T hash_command
8780cb00 t b_reset
8780cb0e t static_get
8780cb20 t static_peek
8780cb28 t mapset
8780cb3c t syntax_err
8780cb48 t xmalloc
8780cb60 t new_pipe
8780cb78 t xrealloc
8780cb90 t is_assignment
8780cbc0 t do_showvar
8780cc60 t b_addchr
8780cca2 t done_command.isra.0
8780cce2 t done_pipe.isra.0
8780cd10 t done_word
8780ced0 t free_pipe_list.isra.0
8780cf4c t file_get
8780d084 t b_addqchr.isra.0
8780d0b4 t file_peek
8780d0bc T get_local_var
8780d114 T set_local_var
8780d21c t insert_var_value_sub
8780d3d8 T parse_string_outer
8780d468 t run_list_real
8780d93c t parse_stream_outer
8780dd5c T parse_file_outer
8780dd88 T u_boot_hush_start
8780ddb8 T bootdelay_process
8780dec8 T autoboot_command
8780df6c t log_init
8780df70 t log_init
8780df74 t display_text_info
8780df78 t setup_mon_len
8780df90 t reserve_round_4k
8780dfa4 W reserve_mmu
8780dfd2 t reserve_uboot
8780e002 t reserve_malloc
8780e016 t reserve_global_data
8780e02c t reserve_fdt
8780e066 W dram_init_banksize
8780e080 t setup_reloc
8780e0a6 t reloc_fdt
8780e0d2 t reserve_board
8780e0fa t reserve_video
8780e118 t announce_dram_init
8780e128 t init_baud_rate
8780e144 t initf_dm
8780e14a t initf_bootstage
8780e156 W clear_bss
8780e15a t setup_spl_handoff
8780e15e W mach_cpu_init
8780e162 t reserve_trace
8780e166 t setup_machine
8780e16a t reserve_bootstage
8780e16e t reserve_bloblist
8780e172 t display_new_sp
8780e176 t reloc_bootstage
8780e17a t reloc_bloblist
8780e17e t initf_console_record
8780e182 W reserve_arch
8780e186 W arch_cpu_init_dm
8780e18a W checkcpu
8780e18e W coloured_LED_init
8780e190 W red_led_on
8780e192 W board_add_ram_info
8780e194 t show_dram_config
8780e1bc W board_get_usable_ram_top
8780e1cc t setup_dest_addr
8780e1fc t reserve_stacks
8780e218 T board_init_f
8780e260 t initr_trace
8780e264 t initr_reloc
8780e278 t run_main_loop
8780e280 t initr_check_fastboot
8780e28c t initr_net
8780e2a0 t initr_fastboot_setup
8780e2ac t initr_ethaddr
8780e2c4 t initr_enable_interrupts
8780e2ce t initr_jumptable
8780e2d8 t initr_env
8780e320 t initr_mmc
8780e338 t initr_serial
8780e342 t initr_dm
8780e354 t initr_bootstage
8780e360 t initr_malloc
8780e37c t initr_reloc_global_data
8780e3b4 t initr_caches
8780e3be t initr_binman
8780e3c2 t initr_barrier
8780e3c6 t initr_console_record
8780e3ca t initr_dm_devices
8780e3ce W power_init_board
8780e3d2 t initr_announce
8780e3d6 W cpu_secondary_init_r
8780e3d8 t initr_secondary_cpu
8780e3e4 T board_init_r
8780e42c W show_board_info
8780e458 T bootm_find_images
8780e4c4 T bootm_disable_interrupts
8780e4d4 T do_bootm_states
8780ea50 W switch_to_non_secure_mode
8780ea54 T do_bootm_vxworks
8780eba4 t copy_args
8780ebd8 t do_bootm_plan9
8780ec40 t do_bootm_netbsd
8780ece8 t do_bootm_qnxelf
8780ed34 t do_bootm_standalone
8780ed70 t do_bootm_rtems
8780ed9c W board_preboot_os
8780ed9e T boot_selected_os
8780eddc T bootm_os_get_boot_func
8780ede8 t of_bus_default_map
8780ee58 t fdt_pack_reg
8780eedc t of_bus_default_translate
8780ef44 T fdt_support_default_count_cells
8780ef78 t __of_translate_address
8780f0ec T fdt_find_and_setprop
8780f134 T fdt_find_or_add_subnode
8780f174 T fdt_root
8780f1d4 T fdt_initrd
8780f300 T fdt_chosen
8780f36c T do_fixup_by_path
8780f3a0 T fdt_fixup_memory_banks
8780f48c T fdt_fixup_memory
8780f4a4 T fdt_fixup_ethernet
8780f5ac T fdt_shrink_to_minimum
8780f630 T fdt_increase_size
8780f640 T fdt_translate_address
8780f64c T miiphy_get_dev_by_name
8780f680 T miiphy_init
8780f698 T mdio_alloc
8780f6b4 T mdio_free
8780f6b8 T mdio_register
8780f704 T mdio_unregister
8780f728 t usb_set_maxpacket_ep
8780f77a T usb_int_msg
8780f788 T usb_control_msg
8780f7f4 t usb_get_descriptor
8780f82c t get_descriptor_len
8780f88c t usb_setup_descriptor
8780f910 t usb_get_string
8780f960 t usb_string_sub
8780f9f0 T usb_bulk_msg
8780fa3a T usb_maxpacket
8780fa4e T usb_clear_halt
8780fab0 T usb_get_configuration_len
8780fb00 T usb_get_configuration_no
8780fb1c T usb_set_interface
8780fb90 T usb_string
8780fc30 T usb_select_config
8780ff44 T usb_setup_device
8780ffe8 W board_usb_init
8780ffec W board_usb_cleanup
8780fff0 T usb_device_has_child_on_port
8780fff4 T usb_find_usb2_hub_address_port
87810040 t usb_set_port_feature
8781006e t usb_get_hub_descriptor
878100ac t usb_clear_port_feature.isra.0
878100da W usb_hub_reset_devices
878100dc T usb_hub_is_root_hub
878100ec T usb_get_port_status
8781015c T usb_hub_port_connect_change
87810254 t usb_hub_configure
87810638 T usb_hub_scan
87810646 t usb_hub_post_probe
8781064a t usb_stor_irq
8781065c t usb_stor_BBB_reset
878106f0 t usb_stor_CB_reset
8781077c t usb_stor_CB_comdat
878108d0 t usb_stor_CBI_get_status
87810954 t usb_stor_CB_transport
87810ab0 t usb_request_sense.constprop.0.isra.0
87810af8 t usb_stor_write
87810bf4 t usb_stor_read
87810cf0 t usb_stor_BBB_clear_endpt_stall.isra.0
87810d1c t usb_stor_BBB_transport
87810ed4 T usb_stor_info
87810f1c T usb_stor_reset
87810f28 T usb_stor_scan
87810f58 T usb_storage_probe
878110d0 T usb_stor_get_info
878112f0 t usb_mass_storage_probe
878113f0 T iomux_doenv
87811528 W splash_screen_prepare
87811568 T splash_get_pos
878115bc T splash_display_banner
878115f8 T splash_display
8781164c t cread_add_char
878116cc t delete_char
87811754 T cli_readline_into_buffer
87811da4 T cli_readline
87811db4 t console_tstc
87811e14 t console_putc
87811e4c t console_puts
87811e84 t on_console
87811ef4 T serial_printf
87811f26 T puts
87811f48 T putc
87811f6a T tstc
87811f84 t fgetc.part.0
87811fa8 T getc
87811fc2 T fputs
87811fcc T ctrlc
87812000 T confirm_yesno
87812084 T disable_ctrlc
87812094 T had_ctrlc
878120a0 T clear_ctrlc
878120ac T search_device
878120c4 T console_assign
87812148 T console_init_f
87812154 T stdio_print_current_devices
878121cc T console_init_r
878122d8 T sbrk
87812318 T mem_malloc_init
87812340 t malloc_trim
878123c4 t free
8781252c t malloc
8781294c t calloc
878129e8 t realloc
87812cbc t memalign
87812dd2 T initf_malloc
87812de6 t alloc_simple
87812e20 T malloc_simple
87812e26 T memalign_simple
87812e30 t on_loadaddr
87812e4c T image_check_hcrc
87812e76 T image_check_dcrc
87812e98 T image_multi_count
87812eaa T image_multi_getimg
87812ef4 T env_get_bootm_low
87812f14 T env_get_bootm_size
87812f58 T env_get_bootm_mapsize
87812f78 T memmove_wd
87812f84 T genimg_print_size
87812fa8 T get_table_entry
87812fba T get_table_entry_name
87812fcc T genimg_get_os_name
87812fe0 T genimg_get_arch_name
87812ff4 T genimg_get_type_name
87813008 T image_decomp
878130a0 T genimg_get_comp_name
878130b4 T image_print_contents
878131cc T genimg_get_kernel_addr_fit
878131e0 T genimg_get_format
87813210 T genimg_has_config
87813214 T boot_get_ramdisk
878133f8 T boot_ramdisk_high
878134b4 T boot_get_setup
878134ba T image_setup_linux
878134f0 t append_kernel_cmdline
87813764 T android_image_get_kernel
878138f0 T android_image_check_header
87813900 T android_image_get_end
878139e8 T android_image_get_kload
87813a28 T android_image_get_kcomp
87813a68 T android_image_get_ramdisk
87813b2c T android_image_get_second
87813c14 T android_print_contents
87813f24 t fdt_error
87813f48 T boot_fdt_add_mem_rsv_regions
87814044 T boot_relocate_fdt
87814150 T boot_get_fdt
87814354 W ft_verify_fdt
87814358 T image_setup_libfdt
87814428 W get_effective_memsize
8781442e t nulldev_putc
87814430 t nulldev_puts
87814432 t nulldev_input
87814436 t stdio_serial_tstc
8781443a t stdio_serial_getc
8781443e t stdio_serial_puts
87814444 t stdio_serial_putc
8781444c T stdio_get_list
87814454 T stdio_get_by_name
878144f4 T stdio_clone
87814518 T stdio_register_dev
8781454c T stdio_register
87814554 T stdio_deregister_dev
878145f4 T stdio_deregister
87814610 T stdio_init_tables
87814624 T stdio_add_devices
878146b4 T run_command
878146c2 T run_command_list
87814708 T do_run
87814754 T cli_process_fdt
87814784 T cli_secure_boot_cmd
878147d0 T cli_loop
878147de T cli_init
878147e2 T find_cmd_tbl
87814848 T find_cmd
87814864 T cmd_usage
878148a0 T _do_help
878149a4 T var_complete
878149f4 T complete_subcmdv
87814af8 T cmd_auto_complete
87814d78 T cmd_get_data_size
87814dac T cmd_always_repeatable
87814dbc T cmd_never_repeatable
87814dcc T cmd_process
87814ea8 T cmd_process_error
87814ec4 t hex1_bin
87814ef0 t hex2_bin
87814f14 T srec_decode
878150a4 t CYGACC_COMM_IF_GETC_TIMEOUT.constprop.0
878150d2 t xyzModem_flush
878150e8 t xyzModem_get_hdr
87815250 T xyzModem_stream_open
878153bc T xyzModem_stream_read
87815550 T xyzModem_stream_close
87815590 T xyzModem_stream_terminate
878155f8 T xyzModem_error
87815610 t part_driver_lookup_type
87815654 T blk_get_dev
8781566c T dev_print
878157e4 T part_init
8781581c T part_print
878158d4 T part_get_info
8781590c T part_get_info_whole_disk
87815944 T blk_get_device_by_str
87815a00 T blk_get_device_part_str
87815c38 T part_set_generic_name
87815c70 t test_block_type
87815ce8 t print_partition_extended
87815e8c T part_print_dos
87815eac t part_test_dos
87815f04 t part_get_info_extended
878160dc T part_get_info_dos
878160f8 t print_efiname
87816134 t part_test_efi
878161b0 t validate_gpt_header
87816358 t is_gpt_valid
878165c0 t is_pte_valid
878165f8 t find_valid_gpt.constprop.0
87816640 T part_get_info_efi
87816774 T part_print_efi
87816924 T get_disk_guid
87816988 T write_gpt_table
87816cfc T gpt_fill_pte
87816f58 T gpt_fill_header
878170f4 T gpt_restore
878171bc T gpt_verify_headers
87817214 T gpt_verify_partitions
87817380 T is_valid_gpt_buf
87817424 T write_backup_gpt_partitions
87817668 t alloc_priv
878176a0 t device_bind_common.constprop.0
878178ac T device_bind_with_driver_data
878178c2 T device_bind
878178de T device_bind_by_name
87817922 T device_ofdata_to_platdata
878179c4 T device_probe
87817abc T dev_get_platdata
87817adc T dev_get_parent_platdata
87817afc T dev_get_uclass_platdata
87817b1c T dev_get_priv
87817b3c T dev_get_uclass_priv
87817b5c T dev_get_parent_priv
87817b7c T device_find_first_child
87817b8e T device_find_next_child
87817ba4 T dev_get_parent
87817ba8 T dev_get_driver_data
87817bac T dev_get_driver_ops
87817bb4 T device_get_uclass_id
87817bbc T dev_get_uclass_name
87817bc6 T device_has_active_children
87817bea T device_is_last_sibling
87817bfc T device_set_name_alloced
87817c08 T devfdt_get_addr_index
87817c80 T devfdt_get_addr_size_index
87817cac T devfdt_get_addr
87817cb4 T lists_driver_lookup_name
87817ce0 T lists_uclass_lookup
87817d00 T lists_bind_drivers
87817d60 T device_bind_driver_to_node
87817d8c T device_bind_driver
87817da0 T lists_bind_fdt
87817e9c t dm_scan_fdt_node
87817f38 t dm_scan_fdt_ofnode_path
87817f5c T dm_root
87817f78 T dm_init
87817fc4 T dm_remove_devices_flags
87817fd8 T dm_scan_platdata
87817ff8 T dm_scan_fdt_dev
87818014 T dm_scan_fdt
87818028 T dm_extended_scan_fdt
87818054 W dm_scan_other
87818058 T dm_init_and_scan
87818084 T uclass_find
878180b2 T uclass_get
8781815c T dev_get_uclass_index
87818192 T uclass_find_device
878181d4 T uclass_find_first_device
878181f6 T uclass_find_next_device
8781820e T uclass_find_device_by_name
87818254 T uclass_find_device_by_seq
878182a2 T uclass_find_device_by_ofnode
878182e4 T uclass_find_device_by_phandle
87818344 T uclass_get_device_tail
8781835a T uclass_get_device
87818376 T uclass_get_device_by_name
87818392 T uclass_get_device_by_seq
878183c6 T uclass_get_device_by_ofnode
878183e2 T uclass_get_device_by_phandle_id
8781842e T uclass_get_device_by_phandle
8781844a T uclass_first_device
87818468 T uclass_first_device_err
8781847e T uclass_next_device
878184a0 T uclass_next_device_err
878184b6 T uclass_first_device_check
878184d4 T uclass_next_device_check
878184ee T uclass_bind_device
87818528 T uclass_unbind_device
8781854c T uclass_resolve_seq
878185b4 T uclass_pre_probe_device
878185e2 T uclass_post_probe_device
87818610 T uclass_pre_remove_device
8781861e T dm_warn
87818638 T dm_ofnode_pre_reloc
87818678 t devm_kmalloc_release
8781867a t devm_kmalloc_match
87818682 t release_nodes
878186ce T _devres_alloc
878186e8 T devres_free
8781871c T devres_add
87818770 T devres_find
878187ac T devres_remove
878187ce T devres_destroy
878187e4 T devres_release_probe
878187ee T devres_release_all
878187f8 T devm_kmalloc
87818818 T devm_kfree
87818850 T device_unbind
878188ec T device_chld_unbind
87818928 T device_free
8781897c T device_remove
87818a58 T device_chld_remove
87818a94 t simple_bus_post_bind
87818ac8 t show_devices
87818b80 T dm_dump_all
87818bb0 T dm_dump_uclass
87818c50 T dm_dump_drivers
87818cd8 T ofnode_read_u32
87818d06 T ofnode_read_u32_default
87818d18 T ofnode_read_prop
87818d42 T ofnode_read_string
87818d62 T ofnode_read_size
87818d7a T ofnode_find_subnode
87818d90 T ofnode_read_u32_array
87818da8 t decode_timing_property
87818dea T ofnode_first_subnode
87818dfc T ofnode_next_subnode
87818e0e T ofnode_get_parent
87818e1c T ofnode_get_name
87818e30 T ofnode_get_by_phandle
87818e3e T ofnode_stringlist_search
87818e64 T ofnode_parse_phandle_with_args
87818ea6 T ofnode_path
87818eb8 T ofnode_get_property
87818ecc T ofnode_read_bool
87818edc T ofnode_decode_display_timing
878190ac T ofnode_is_available
878190c0 T ofnode_read_u8_array_ptr
878190d4 T ofnode_pre_reloc
87819114 t spi_flash_post_bind
87819118 T spi_flash_read_dm
87819126 T spi_flash_write_dm
87819134 T spi_flash_erase_dm
8781913c T spi_flash_probe_bus_cs
8781918c t spi_flash_std_remove
87819190 t spi_flash_std_write
878191b2 t spi_flash_std_read
878191d4 T spi_flash_std_probe
87819220 t spi_flash_std_get_sw_write_prot
87819230 t spi_flash_std_erase
87819284 t read_sr
878192a0 t stm_get_locked_range
87819304 t spi_nor_write_data
87819388 t spi_nor_read_data
87819414 t spi_nor_wait_till_ready
878194dc t spi_nor_read_reg
87819512 t write_disable.isra.0
87819524 t write_enable.isra.0
87819536 t write_bar
87819572 t clean_bar
878195a6 t spi_nor_read
87819612 t spi_nor_write
87819702 t spi_nor_erase
878197ca t spi_nor_write_reg
87819802 t stm_is_locked_sr
87819854 t stm_is_locked
8781987e t stm_is_unlocked_sr
878198cc t write_sr_and_check.constprop.0
8781991a t stm_lock
87819b0a t stm_unlock
87819cb8 T spi_nor_scan
8781a270 T spi_flash_cmd_get_sw_write_prot
8781a280 t pinconfig_post_bind
8781a318 t pinctrl_post_bind
8781a330 T pinctrl_select_state
8781a408 T pinctrl_get_pins_count
8781a418 T pinctrl_get_pin_name
8781a43c T pinctrl_get_pin_muxing
8781a454 t imx_pinctrl_set_state
8781a684 T imx_pinctrl_probe
8781a740 T imx_pinctrl_remove
8781a74a t imx6_pinctrl_probe
8781a75e t get_desc
8781a7c8 t blk_post_probe
8781a7d8 T blk_get_if_type_name
8781a7e4 T blk_get_devnum_by_typename
8781a868 T blk_list_part
8781a8a6 T blk_print_part_devnum
8781a8cc T blk_list_devices
8781a908 T blk_print_device_num
8781a930 T blk_show_device
8781a984 T blk_select_hwpart
8781a99a T blk_dselect_hwpart
8781a9a0 T blk_first_device
8781a9d6 T blk_next_device
8781aa04 T blk_find_device
8781aa54 T blk_get_device
8781aa6a T blk_get_devnum_by_type
8781aa84 T blk_select_hwpart_devnum
8781aa9c T blk_dread
8781ab06 T blk_read_devnum
8781ab24 T blk_dwrite
8781ab60 T blk_write_devnum
8781ab7e T blk_derase
8781abae T blk_get_from_parent
8781abe0 T blk_find_max_devnum
8781ac26 T blk_next_free_devnum
8781ac3e T blk_create_device
8781ad24 T blk_create_devicef
8781ad90 T blkcache_read
8781ae20 T blkcache_fill
8781aedc T blkcache_invalidate
8781af40 T blkcache_configure
8781afa0 T blkcache_stats
8781afb8 T fastboot_response
8781aff8 T fastboot_fail
8781b00c T fastboot_okay
8781b028 T fastboot_boot
8781b088 T fastboot_init
8781b0c4 t mmc_sparse_reserve
8781b0c8 t get_fastboot_target_dev
8781b180 t mmc_sparse_write
8781b208 T write_backup_gpt
8781b26c t process_flash_blkdev
8781b51c T fastboot_process_erase
8781b694 T fastboot_process_flash
8781b6c8 t okay
8781b6d0 t upload
8781b740 t download
8781b7b8 t getvar
8781b7bc t run_acmd
8781b814 t flash
8781b84c t reboot_bootloader
8781b854 t erase
8781b878 t run_ucmd
8781b8b8 T fastboot_run_bootmode
8781b8c4 T fastboot_data_remaining
8781b8e0 T fastboot_data_download
8781b950 T fastboot_data_complete
8781b990 T fastboot_acmd_complete
8781b99c T fastboot_handle_command
8781ba10 t fastboot_puts
8781ba6c t fastboot_putc
8781ba94 T get_block_size
8781bae4 T fastboot_none_resp
8781baec T board_fastboot_setup
8781be64 T fastboot_setup
8781bf10 t strcmp_l1
8781bf30 T get_serial
8781bf60 t get_single_var
8781c2c8 T fastboot_getvar
8781c5c4 t bootloader_mmc_offset
8781c780 T bootloader_gpt_overlay
8781c7a8 T fastboot_flash_add_ptn
8781c7d0 t _fastboot_parts_load_from_ptable.isra.0
8781c9f4 T fastboot_load_partitions
8781ca04 T fastboot_flash_dump_ptn
8781ca40 T fastboot_flash_find_ptn
8781ca90 T fastboot_parts_is_raw
8781cae4 T fastboot_parts_get_name
8781cb90 T fastboot_parts_is_slot
8781cbdc t finish_access
8781cc04 t wait_busy
8781cc20 t prepare_access
8781cc9c t setup_direct_access
8781cd7c T fuse_bank_physical
8781ce10 T fuse_word_physical
8781ce48 T fuse_read
8781cea0 T fuse_sense
8781cf38 T fuse_prog
8781cf84 T fuse_override
8781cfd8 t mmc_send_ext_csd
8781d008 t mmc_send_op_cond_iter
8781d04c t mmc_go_idle
8781d07e t mmc_set_capacity
8781d0e0 t mmc_read_and_compare_ext_csd
8781d158 t mmc_power_on.isra.0
8781d178 T mmc_mode_name
8781d190 T mmc_send_status
8781d1cc t __mmc_switch.constprop.0
8781d284 t mmc_set_card_speed.constprop.0
8781d2ec T mmc_poll_for_busy
8781d364 T mmc_set_blocklen
8781d3a8 T mmc_bread
8781d490 T mmc_switch
8781d494 t mmc_startup_v4
8781d71c T mmc_switch_part
8781d774 T mmc_hwpart_config
8781da60 T mmc_set_clock
8781da80 T mmc_dump_capabilities
8781da84 T mmc_get_op_cond
8781dc64 T mmc_start_init
8781dca8 T mmc_init
8781e5e8 T mmc_set_dsr
8781e5f0 T mmc_initialize
8781e66c t mmc_blk_probe
8781e680 T dm_mmc_set_ios
8781e690 T mmc_set_ios
8781e698 T dm_mmc_wait_dat0
8781e6a8 T mmc_wait_dat0
8781e6b0 T dm_mmc_get_wp
8781e6c0 T mmc_getwp
8781e6c8 T dm_mmc_get_cd
8781e6d8 T mmc_getcd
8781e6e0 T dm_mmc_host_power_cycle
8781e6ee T mmc_host_power_cycle
8781e6f6 T dm_mmc_deferred_probe
8781e704 T mmc_deferred_probe
8781e70c T mmc_of_parse
8781e908 T mmc_get_mmc_dev
8781e91e T dm_mmc_send_cmd
8781e944 T mmc_send_cmd
8781e94c t mmc_select_hwpart
8781e994 T find_mmc_device
8781e9c4 T get_mmc_num
8781e9d4 T mmc_get_blk_desc
8781e9ee T mmc_do_preinit
8781ea28 T print_mmc_devices
8781eac4 T mmc_bind
8781eb44 T mmc_berase
8781ec60 T mmc_bwrite
8781ed6c T mmc_boot_partition_size_change
8781ede8 T mmc_set_boot_bus_width
8781edfa T mmc_set_part_conf
8781ee1a T mmc_set_rst_n_function
8781ee24 t fsl_esdhc_get_cd
8781ee6a t fsl_esdhc_bind
8781ee82 t fsl_esdhc_set_ios
8781ef9c t fsl_esdhc_send_cmd
8781f2a0 W init_clk_usdhc
8781f2a4 t fsl_esdhc_probe
8781f630 t console_normal_set_row
8781f68c t console_normal_putc_xy
8781f75c t console_normal_probe
8781f784 t console_normal_move_rows
8781f7b2 T backlight_enable
8781f7c2 T backlight_set_brightness
8781f7d2 T panel_enable_backlight
8781f7e2 T panel_get_display_timing
8781f7f2 t simple_panel_set_backlight
8781f810 t simple_panel_enable_backlight
8781f82c t simple_panel_ofdata_to_platdata
8781f880 t simple_panel_probe
8781f896 t video_pre_remove
8781f8a6 t video_pre_probe
8781f8c6 t alloc_fb.isra.0
8781f8ec t video_post_bind
8781f930 T video_set_flush_dcache
8781f93e T video_reserve
8781f96c T video_clear
8781f9b0 T video_set_default_colors
8781f9e0 t video_post_probe
8781fa74 T video_sync
8781fa98 T video_sync_all
8781fac0 T video_get_xsize
8781faca T video_get_ysize
8781fad4 t set_cursor_position
8781fafc t vidconsole_pre_probe
8781fb16 t parsenum
8781fb2c t vidconsole_post_probe
8781fb80 T vidconsole_putc_xy
8781fb98 T vidconsole_move_rows
8781fbb0 T vidconsole_set_row
8781fbc0 t vidconsole_newline
8781fc18 T vid_console_color
8781fc68 T vidconsole_put_char
8781ffe0 t vidconsole_putc
8781fff6 t do_video_puts
87820032 T vidconsole_put_string
8782004e t vidconsole_puts
87820064 T vidconsole_position_cursor
878200a6 t do_video_setcursor
878200ea W fb_put_byte
878200fc W fb_put_word
87820120 T video_bmp_display
878205e0 T ofnode_get_child_by_name
87820618 T ofnode_graph_get_next_endpoint
8782068c T ofnode_graph_get_remote_endpoint
878206c0 T ofnode_graph_get_port_parent
878206fc T ofnode_graph_get_remote_port_parent
8782070a T find_device_by_ofnode
8782075c t video_link_add_node
87820824 T video_link_get_next_device
8782089c T video_link_get_video_device
878208f0 t list_videolink
878209a0 t do_videolink
878209c0 T video_link_get_display_timings
87820aa0 T video_link_init
87820b38 T video_link_shut_down
87820b4a t mxs_video_bind
87820b60 t mxs_video_remove
87820bc8 W mxsfb_system_setup
87820bcc t mxs_video_probe
87820e5c W reset_cpu
87820e78 T thermal_get_temp
87820e88 t read_cpu_temperature
87820f94 T imx_thermal_get_temp
87820fe8 t imx_thermal_probe
87821064 t gen_74x164_direction_input
8782106a t gen_74x164_get_function
8782106e t gen_74x164_xlate
87821080 t gen_74x164_get_value
878210a0 t gen_74x164_write_conf
878210d4 t gen_74x164_set_value
8782110c t gen_74x164_direction_output
87821110 t gen_74x164_probe
878211c0 t gpio_post_bind
878211c4 t get_function
87821222 t gpio_to_device
8782126c t check_reserved
878212b8 t gpio_renumber
878212fe t gpio_pre_remove
8782132e t gpio_post_probe
87821354 T dm_gpio_lookup_name
878213f4 T gpio_lookup_name
87821430 T gpio_xlate_offs_flags
87821456 T dm_gpio_request
878214b8 t dm_gpio_requestf
878214e2 T gpio_request
878214fa T _dm_gpio_free
8782153c T gpio_free
87821554 T gpio_direction_input
87821580 T gpio_direction_output
878215ac T dm_gpio_get_value
878215d8 T dm_gpio_set_value
8782160c T dm_gpio_set_dir_flags
87821664 t gpio_request_tail
878216f4 t _gpio_request_by_name_nodev
87821744 T gpio_get_value
8782175a T gpio_get_bank_info
8782176a T gpio_get_function
87821772 T gpio_get_raw_function
8782177c T gpio_get_status
87821838 T gpio_request_by_name_nodev
87821850 T gpio_request_by_name
878218a4 T dm_gpio_free
878218ae T gpio_free_list
878218d6 T gpio_free_list_nodev
878218e0 T gpio_request_list_by_name_nodev
87821930 T gpio_request_list_by_name
87821936 t mxc_gpio_bind
8782193a t mxc_gpio_set_value
87821966 t mxc_gpio_get_value
8782197e t mxc_gpio_direction_input
878219a2 t mxc_gpio_ofdata_to_platdata
878219c8 t mxc_gpio_probe
87821a14 t mxc_gpio_get_function
87821a34 t mxc_gpio_direction_output
87821a70 t i2c_setup_offset
87821ab2 t i2c_probe_chip
87821af8 T i2c_uclass_init
87821b18 t i2c_pre_probe
87821b60 t i2c_post_bind
87821b7e T dm_i2c_read
87821c60 T dm_i2c_write
87821d98 T i2c_get_chip
87821e38 T dm_i2c_probe
87821e5c T dm_i2c_set_bus_speed
87821e84 t i2c_post_probe
87821eb0 T dm_i2c_get_bus_speed
87821ecc T i2c_set_chip_flags
87821ef4 T i2c_get_chip_flags
87821f04 T i2c_set_chip_offset_len
87821f1a T i2c_get_chip_offset_len
87821f24 T i2c_deblock
87822020 T i2c_chip_ofdata_to_platdata
87822058 t i2c_child_post_bind
87822078 t wait_for_sr_state
8782213c t tx_byte
8782217c t i2c_imx_stop
878221c4 t mxc_i2c_set_bus_speed
87822244 T __i2c_force_reset_slave
87822244 W i2c_force_reset_slave
87822248 T i2c_idle_bus
8782233c t i2c_init_transfer.constprop.0
878224a0 t mxc_i2c_xfer
8782267c t mxc_i2c_probe_chip
8782269c t mxc_i2c_probe
8782276c T eth_phy_binds_nodes
878227bc T eth_phy_set_mdio_bus
878227e8 T eth_phy_get_mdio_bus
87822834 t fec_reg_setup
87822880 t fecmxc_free_pkt
8782288e t fec_free_descs
878228b8 t fec_phy_write
87822918 t fec_phy_read
87822984 t fecmxc_set_hwaddr
878229fa t fecmxc_read_rom_hwaddr
87822a3e t fecmxc_halt
87822a98 t fecmxc_ofdata_to_platdata
87822b5c t fecmxc_remove
87822b8c t fecmxc_send
87822c78 t fec_mii_setspeed.constprop.0
87822ccc t fecmxc_init
87822f34 t fecmxc_recv
878230d0 T fec_get_miibus
87823140 t fecmxc_probe
8782337c T genphy_shutdown
87823380 T genphy_restart_aneg
878233ca T genphy_config_aneg
8782356c T genphy_config
87823610 T genphy_update_link
87823788 T genphy_parse_link
878238d2 T genphy_startup
878238e8 T phy_register
87823900 T genphy_init
8782390c T phy_init
8782391a W get_phy_id
87823958 t get_phy_device_by_mask
87823b48 T phy_reset
87823bd8 T phy_find_by_mask
87823bfc T phy_connect_dev
87823c2c T phy_connect
87823c68 T phy_startup
87823c74 T phy_config
87823c78 T phy_get_interface_by_name
87823ca0 t smsc_startup
87823ce4 T phy_smsc_init
87823d28 t regulator_post_bind
87823d9c T regulator_get_value
87823db8 T regulator_get_enable
87823dd4 T regulator_set_enable
87823e4c t regulator_pre_probe
87823f78 T device_get_supply_regulator
87823f84 T regulator_common_ofdata_to_platdata
87823fec T regulator_common_get_enable
87823ffc T regulator_common_set_enable
87824044 t fixed_regulator_set_enable
8782405c t fixed_regulator_get_enable
87824070 t fixed_regulator_get_current
8782408e t fixed_regulator_get_value
878240ac t fixed_regulator_ofdata_to_platdata
878240dc t gpio_regulator_set_enable
878240f4 t gpio_regulator_get_enable
87824108 t gpio_regulator_set_value
87824158 t gpio_regulator_get_value
87824194 t gpio_regulator_ofdata_to_platdata
87824214 t serial_stub_start
8782421a t serial_stub_stop
87824220 t serial_stub_putc
87824228 t serial_stub_puts
87824230 t serial_stub_getc
87824236 t serial_stub_tstc
8782423c t get_current
87824264 W atmel_serial_initialize
87824264 W mcf_serial_initialize
87824264 W mpc85xx_serial_initialize
87824264 W mtk_serial_initialize
87824264 W ns16550_serial_initialize
87824264 W pl01x_serial_initialize
87824264 W pxa_serial_initialize
87824264 W sh_serial_initialize
87824264 W xen_debug_serial_initialize
87824264 W xen_serial_initialize
87824264 t serial_null
87824268 T serial_register
87824278 T serial_stdio_init
878242dc T serial_assign
87824308 T serial_initialize
87824342 T serial_init
8782435c T serial_setbrg
8782436c t on_baudrate
87824408 T serial_getc
87824416 T serial_tstc
87824424 T serial_putc
87824436 T serial_puts
87824448 T default_serial_puts
87824464 t mxc_serial_getc
87824480 t mxc_serial_putc
878244a8 t mxc_serial_tstc
878244f0 t mxc_serial_setbrg
8782454c t mxc_serial_init
878245b8 T mxc_serial_initialize
878245c4 W default_serial_console
878245cc t spi_child_pre_probe
878245f0 t spi_post_probe
87824610 T dm_spi_claim_bus
878246bc T dm_spi_release_bus
878246ca T dm_spi_xfer
878246f4 T spi_claim_bus
878246fa T spi_release_bus
87824700 T spi_xfer
87824708 T spi_find_chip_select
87824760 T spi_find_bus_and_cs
87824790 T spi_get_bus_and_cs
87824884 T spi_slave_ofdata_to_platdata
87824990 t spi_child_post_bind
878249ae t soft_spi_release_bus
878249b2 t soft_spi_set_speed
878249b6 t soft_spi_set_mode
878249c4 t soft_spi_scl
878249dc t soft_spi_claim_bus
878249e4 t soft_spi_ofdata_to_platdata
87824a04 t soft_spi_probe
87824ab8 t soft_spi_xfer
87824bec t spi_check_buswidth_req.isra.0
87824c3c T spi_mem_default_supports_op
87824c90 T spi_mem_supports_op
87824cb8 T spi_mem_exec_op
87824dec T spi_mem_adjust_op_size
87824e48 t fsl_qspi_set_speed
87824e4c t fsl_qspi_child_pre_probe
87824e6c t fsl_qspi_ofdata_to_platdata
87824f48 t qspi_read32
87824f54 t qspi_write32
87824f5e t fsl_qspi_set_mode
87824f64 T qspi_xfer
87825558 t fsl_qspi_xfer
8782557a T qspi_module_disable
878255a0 t fsl_qspi_release_bus
878255b2 t fsl_qspi_claim_bus
8782561c T qspi_cfg_smpr
87825644 t fsl_qspi_probe
87825ba8 T usb_get_dr_mode
87825bf0 T usb_ether_register
87825cae T usb_ether_deregister
87825cb4 T usb_ether_receive
87825d24 T usb_ether_advance_rxbuf
87825d3a T usb_ether_get_rx_bytes
87825d50 T asix_eth_stop
87825d54 t asix_send_common
87825db8 T asix_eth_send
87825dd0 T asix_eth_recv
87825e4e t asix_free_pkt
87825e68 t asix_read_cmd.isra.0
87825ea2 t asix_read_rx_ctl.isra.0
87825ec4 t asix_write_cmd.isra.0
87825efc t asix_sw_reset.isra.0
87825f20 t asix_mdio_read
87825f72 t asix_mdio_write
87825fc4 t asix_eth_probe
878261d2 t asix_write_hwaddr_common
878261fe T asix_write_hwaddr
87826228 t asix_eth_start
878262bc T usb_ep_autoconfig
87826400 T usb_ep_autoconfig_reset
87826428 T usb_descriptor_fillbuf
87826460 T usb_gadget_get_string
87826546 t ci_ep_disable
87826550 t ci_ep_dequeue
87826598 t ci_udc_gadget_start
878265b8 t ci_ep_free_request
878265e8 t ci_udc_gadget_stop
87826610 t ci_flush_qh
87826624 t ci_flush_qtd
87826638 t ci_ep_alloc_request
87826678 t ci_udc_probe
8782680c t ci_udc_otg_ofdata_to_platdata
87826850 t ci_udc_otg_remove
87826874 t ci_udc_otg_probe
87826a6c t ci_ep_submit_next_request
87826bac t ci_ep_queue
87826c5c t ep_enable
87826ca0 t ci_ep_enable
87826ce0 t stop_activity
87826d5c W ci_init_after_reset
87826d60 T udc_irq
878270cc T ci_udc_handle_interrupts
878270e8 t ci_udc_gadget_handle_interrupts
878270ec T udc_disconnect
87827120 t ci_pullup
87827178 t count_configs
878271d0 t reset_config
878271fe t collect_langs
87827230 t composite_setup_complete
87827232 t count_ext_prop
87827264 t len_ext_prop
878272a0 t composite_disconnect
878272c4 t composite_suspend
87827308 t composite_resume
8782734c t g_dnl_unbind
8782735e t lookup_string
87827388 t count_ext_compat
878273f4 t composite_unbind
878274a4 t composite_bind
878275ec t g_dnl_do_config
87827614 t composite_setup
878280a0 T usb_add_function
87828128 T usb_interface_id
87828146 T usb_add_config
878281f0 T usb_string_id
87828208 T usb_composite_register
87828244 T usb_composite_unregister
87828264 T g_dnl_set_serialnumber
87828288 t on_serialno
87828294 W g_dnl_bind_fixup
87828298 W g_dnl_get_board_bcd_device_number
8782829c t g_dnl_bind
8782838c W g_dnl_board_usb_cable_connected
87828394 T g_dnl_detach
878283a0 T g_dnl_trigger_detach
878283ac T g_dnl_clear_detach
878283b8 T g_dnl_register
878283e4 T g_dnl_unregister
878283f0 W board_usb_gadget_port_auto
878283f6 t fastboot_start_ep
87828434 t fastboot_add
878284a8 t fastboot_disable
878284f0 t fastboot_complete
87828508 t do_acmd_complete
87828512 t compl_do_reset
8782851e t do_exit_on_complete
87828522 t do_bootm_on_complete
87828530 t rx_bytes_expected
87828568 t fastboot_unbind
878285a0 t fastboot_bind
878286e0 t fastboot_fifo_complete
87828718 t fastboot_set_alt
878287f8 T fastboot_tx_write_more
8782889c T fastboot_tx_write
878288e4 t fastboot_tx_write_str.isra.0
878288f8 t rx_handler_dl_image
87828974 t rx_handler_command
87828a68 t usb_gadget_remove_driver
87828a96 t usb_udc_release
87828a9c T usb_add_gadget_udc_release
87828ae0 T usb_add_gadget_udc
87828ae8 T usb_del_gadget_udc
87828b34 T usb_gadget_probe_driver
87828be0 T usb_gadget_register_driver
87828be4 T usb_gadget_unregister_driver
87828c28 T usb_gadget_initialize
87828c84 T usb_gadget_release
87828cac T usb_gadget_handle_interrupts
87828cd8 t usb_child_post_bind
87828d28 t remove_inactive_children.constprop.0
87828d6e t usb_match_one_id
87828e2c T usb_lock_async
87828e40 T usb_disable_asynch
87828e54 T submit_int_msg
87828e82 T submit_control_msg
87828ed0 T submit_bulk_msg
87828ef4 T usb_alloc_device
87828f08 T usb_reset_root_port
87828f1e T usb_update_hub_device
87828f34 T usb_get_max_xfer_size
87828f48 T usb_stop
87828fac T usb_get_bus
87828fc4 T usb_scan_device
87829170 t usb_scan_bus.constprop.0
878291bc T usb_init
878292c8 T usb_child_pre_probe
8782930e t ehci_get_port_speed
87829314 t ehci_set_usbmode
8782932c t ehci_get_portsc_register
87829348 t ehci_get_max_xfer_size
87829352 t ehci_powerup_fixup
8782935a t handshake
8782938c t _ehci_poll_int_queue
87829414 t ehci_poll_int_queue
8782941c t ehci_update_endpt2_dev_n_port
87829460 t ehci_disable_async.part.0
878294a4 t ehci_td_buffer.constprop.0
878294fc t disable_periodic.isra.0
87829538 t enable_periodic.isra.0
8782957c t ehci_shutdown.isra.0
87829614 t ehci_get_ctrl.isra.0
87829624 t _ehci_destroy_int_queue.isra.0
878296c4 t ehci_destroy_int_queue
878296d0 t _ehci_create_int_queue.constprop.0
87829958 t ehci_create_int_queue
8782996c t ehci_submit_int_msg
878299f0 t ehci_submit_async
87829e10 t ehci_submit_bulk_msg
87829e34 t ehci_submit_control_msg
8782a220 t ehci_lock_async
8782a244 T ehci_register
8782a4c8 T ehci_deregister
8782a4dc T ehci_usb_remove
8782a508 t mx6_init_after_reset
8782a60c t ehci_mx6_powerup_fixup
8782a63c t ehci_usb_probe
8782a9d8 t ehci_usb_bind
8782a9f8 W board_ehci_usb_phy_mode
8782a9fc t ehci_usb_ofdata_to_platdata
8782aa68 W board_ehci_hcd_init
8782aa6c T ehci_mx6_common_init
8782abcc T env_get_yesno
8782abf6 T env_get_default
8782ac20 T env_set_default
8782ac8c T env_set_default_vars
8782acb8 T env_import
8782ad44 T env_export
8782ad98 T env_relocate
8782adc0 T env_complete
8782aed0 W env_get_location
8782aee0 t env_driver_lookup
8782af08 W env_get_char_spec
8782af10 T env_get_char
8782af24 T env_load
8782af90 T env_save
8782afe8 T env_init
8782b040 W env_get_offset
8782b044 t regex_callback
8782b11c T env_attr_walk
8782b1d0 T env_attr_lookup
8782b21c t skip_num
8782b258 t clear_flags
8782b260 t on_flags
8782b298 T env_flags_parse_vartype
8782b2c8 T env_flags_parse_varaccess
8782b2f8 t env_parse_flags_to_bin
8782b318 t set_flags
8782b368 T eth_validate_ethaddr_str
8782b3bc T env_flags_init
8782b438 T env_flags_validate
8782b5c0 t clear_callback
8782b5c8 t find_env_callback
8782b600 t on_callbacks
8782b638 t set_callback
8782b68c T env_callback_init
8782b704 W mmc_get_env_addr
8782b7a0 t init_mmc_for_env
8782b800 t env_mmc_save
8782b8cc t env_mmc_load
8782b990 t fs_probe_unsupported
8782b9a4 t fs_ls_unsupported
8782b9aa t fs_exists_unsupported
8782b9ae t fs_size_unsupported
8782b9b4 t fs_read_unsupported
8782b9ba t fs_close_unsupported
8782b9bc t fs_opendir_unsupported
8782b9c4 t fs_get_info
8782b9e4 t fs_write_unsupported
8782b9ea t fs_mkdir_unsupported
8782b9f0 t fs_ln_unsupported
8782b9f6 t fs_uuid_unsupported
8782b9fc t fs_unlink_unsupported
8782ba04 T fs_get_type
8782ba10 T fs_set_blk_dev
8782ba80 T fs_set_blk_dev_with_part
8782bae8 T fs_close
8782bb00 T fs_ls
8782bb20 T fs_exists
8782bb40 T fs_size
8782bb64 T fs_read
8782bba4 T fs_write
8782bc04 T fs_opendir
8782bc54 T fs_readdir
8782bc90 T fs_closedir
8782bcbc t fs_ls_generic
8782bd34 T fs_unlink
8782bd54 T fs_mkdir
8782bd74 T fs_ln
8782bdac T do_size
8782bdec T do_load
8782c004 T do_ls
8782c044 T file_exists
8782c060 T do_save
8782c150 T do_fs_type
8782c1a0 T do_rm
8782c1cc T do_mkdir
8782c200 T do_ln
8782c230 T get_fs
8782c238 T ext4fs_free_node
8782c254 T ext4fs_ls
8782c2b0 T ext4fs_exists
8782c2c4 T ext4fs_size
8782c2c8 T ext4fs_probe
8782c2e8 T ext4fs_uuid
8782c308 T ext_cache_init
8782c310 T ext_cache_fini
8782c324 T ext4fs_read_file
8782c584 T ext4fs_read
8782c5bc T ext4_read_file
8782c60c T ext_cache_read
8782c65c T ext4fs_get_group_descriptor
8782c666 T ext4fs_sb_get_free_blocks
8782c670 T ext4fs_sb_set_free_blocks
8782c67a T ext4fs_bg_get_free_blocks
8782c68c T ext4fs_bg_get_block_id
8782c6a2 T ext4fs_bg_get_inode_id
8782c6b8 T ext4fs_bg_get_inode_table_id
8782c6ce T ext4fs_div_roundup
8782c6e4 T put_ext4
8782c7e0 T ext4fs_set_block_bmap
8782c84c T ext4fs_reset_block_bmap
8782c8b4 T ext4fs_set_inode_bmap
8782c904 T ext4fs_reset_inode_bmap
8782c950 T ext4fs_checksum_update
8782c9ac T ext4fs_get_new_blk_no
8782cc6c T ext4fs_get_new_inode_no
8782cf0c T ext4fs_allocate_blocks
8782d30c T ext4fs_read_inode
8782d440 T ext4fs_iget
8782d45c T read_allocated_block
8782da6c T ext4fs_update_parent_dentry
8782dcc0 t search_dir
8782dd90 T ext4fs_get_parent_inode_num
8782e050 T ext4fs_filename_unlink
8782e16c T ext4fs_reinit_global
8782e1e4 T ext4fs_close
8782e21c T ext4fs_iterate_dir
8782e408 t ext4fs_find_file1
8782e5d4 T ext4fs_find_file
8782e618 T ext4fs_open
8782e67c T ext4fs_mount
8782e70c T ext4fs_set_blk_dev
8782e75c T ext4fs_devread
8782e784 T ext4_read_superblock
8782e7ac t ext4fs_update
8782e864 T ext4fs_get_bgdtable
8782e8dc T ext4fs_deinit
8782e9d8 T ext4fs_init
8782ebb0 T ext4fs_write
8782f804 T ext4_write_file
8782f844 T ext4fs_create_link
8782f860 T ext4fs_dump_metadata
8782f898 T ext4fs_free_journal
8782f918 T ext4fs_log_gdt
8782f9a0 T ext4fs_log_journal
8782fa38 T ext4fs_put_metadata
8782fac4 T ext4fs_push_revoke_blk
8782fb54 T ext4fs_free_revoke_blks
8782fb90 T check_blknr_for_revoke
8782fbcc T recover_transaction
8782fcbc T print_jrnl_status
8782fcd0 T ext4fs_check_journal_state
8782fecc T ext4fs_init_journal
87830064 T ext4fs_update_journal
87830290 T ext2fs_crc16
878302b4 t downcase
878302d8 t mkcksum
8783030e t fat_itr_child
8783034c t disk_read
8783037c t get_cluster
87830464 t read_bootsectandvi
87830524 t fat_itr_root
87830650 t disk_write
878306a0 t flush_dirty_fat_buffer
878306f8 t get_fatent
878307fc t next_dent
878308b8 t set_sectors
878309a0 t flush_dir
878309dc t normalize_longname
87830a34 t set_name
87830b00 t fat_itr_next
87830c90 t fat_itr_resolve
87830d78 t split_filename.isra.0
87830dfc t set_fatent_value.isra.0
87830f68 t clear_fatent.isra.0
87830fbc t new_dir_table
8783103c t fill_dir_slot
878311a2 t find_directory_entry
87831200 t determine_fatent
87831224 t set_contents
878318cc T fat_set_blk_dev
87831958 T file_fat_detectfs
87831a2c T fat_exists
87831a70 T fat_size
87831aec T file_fat_read_at
87831db8 T fat_read_file
87831de8 T fat_opendir
87831e48 T fat_readdir
87831e9c T fat_closedir
87831eb2 T fat_close
87831eb4 T file_fat_write_at
8783208c T file_fat_write
878320a8 T fat_unlink
87832278 T fat_mkdir
878324f4 T fs_devread
8783265c t efi_uc_destroy
8783266c t efi_uc_init
8783267c t check_node_type
878326d0 t efi_uc_start
8783275c t efi_uc_supported
878327e0 t disconnect_child
87832824 t efi_uc_stop
878328f0 T efi_driver_init
878329a8 t efi_bl_write
878329e2 t efi_bl_read
87832a1c t efi_bl_bind
87832ae0 t get_var.constprop.0
87832b5c T efi_deserialize_load_option
87832b9c t try_load_entry
87832cc4 T efi_bootmgr_load
87832db8 t efi_is_event
87832ddc T __efi_entry_check
87832e04 T __efi_exit_check
87832e24 t efi_process_event_queue
87832e80 t efi_queue_event
87832ed8 t efi_set_mem
87832ef4 t efi_copy_mem
87832f10 t efi_calculate_crc32
87832f40 t efi_set_watchdog_timer
87832f58 t efi_get_next_monotonic_count
87832f8c t efi_register_protocol_notify
87832fec t efi_close_event
87833098 t efi_free_pool_ext
878330b0 t efi_allocate_pool_ext
878330cc t efi_get_memory_map_ext
878330f2 t efi_free_pages_ext
8783310e t efi_allocate_pages_ext
87833130 t efi_raise_tpl
87833154 T efi_save_gd
87833160 T efi_restore_gd
87833170 T is_valid_tpl
87833194 T efi_signal_event
878331fc t efi_exit_boot_services
878332d8 t efi_signal_event_ext
87833304 T efi_add_handle
87833320 T efi_create_handle
87833340 T efi_create_event
878333fc T efi_create_event_ex
87833440 t efi_create_event_ext
8783346c T efi_timer_check
878334d8 t efi_stall
87833510 t efi_check_event
87833568 t efi_wait_for_event
87833604 t efi_restore_tpl
8783362c T efi_set_timer
878336b4 t efi_set_timer_ext
878336d4 T efi_search_obj
878336f0 T efi_search_protocol
87833734 T efi_remove_protocol
8783376c t efi_locate_protocol
87833810 t efi_open_protocol_information
8783389c t efi_locate_handle
8783397c T efi_locate_handle_buffer
878339fc t efi_locate_device_path
87833ac0 t efi_locate_handle_ext
87833ae8 T efi_remove_all_protocols
87833b20 T efi_delete_handle
87833b44 T efi_close_protocol
87833bc0 t efi_delete_image.isra.0
87833c3c t efi_open_protocol
87833de0 t efi_disconnect_controller
87833f50 t efi_disconnect_all_drivers
87834044 T efi_start_image
87834104 T efi_handle_protocol
87834124 t efi_bind_controller
87834198 t efi_exit
87834260 t efi_uninstall_protocol
878342e4 t efi_uninstall_protocol_interface
87834320 T efi_unload_image
878343a0 t efi_protocols_per_handle
87834418 t efi_connect_controller
8783453c T efi_add_protocol
87834608 t efi_install_protocol_interface
8783464c T efi_install_multiple_protocol_interfaces
8783470c t efi_uninstall_multiple_protocol_interfaces
8783479c t efi_reinstall_protocol_interface
878347e0 T efi_install_configuration_table
878348c4 t efi_install_configuration_table_ext
878348dc T efi_setup_loaded_image
87834998 T efi_load_image
87834b6c T efi_initialize_system_table
87834bbc t efi_cout_enable_cursor
87834be8 t efi_cout_set_cursor_position
87834c4c t efi_cout_clear_screen
87834c70 t efi_cout_set_attribute
87834cbc t efi_cout_test_string
87834ccc t efi_cout_reset
87834d00 t efi_cin_set_state
87834d14 t efi_cout_output_string
87834df8 t efi_cin_unregister_key_notify
87834e40 t efi_cin_reset_ex
87834e70 t efi_cin_reset
87834e74 t efi_cin_register_key_notify
87834ed0 t term_get_char
87834efc t efi_cout_set_mode
87834f48 t efi_cout_query_mode
87834f98 T set_shift_mask
87834fdc t analyze_modifiers.constprop.0
87835034 t efi_cin_check
878352b8 t efi_cin_read_key_stroke
87835310 t efi_console_timer_notify
87835324 t efi_cin_read_key_stroke_ex
878353b8 t efi_key_notify
878353cc T efi_console_register
878355d0 t dp_size
87835620 t dp_alloc
87835644 t dp_part_size
87835672 t dp_part_node
878357a4 t dp_fill
878358d4 t dp_part_fill
8783590a T efi_dp_next
8783592a T efi_dp_match
8783596c T efi_dp_last_node
87835988 T efi_dp_instance_size
878359b0 t find_obj
87835a48 T efi_dp_find_obj
87835a74 T efi_dp_size
87835a94 T efi_dp_dup
87835abc T efi_dp_append
87835b10 T efi_dp_append_node
87835b98 T efi_dp_create_device_node
87835bbc T efi_dp_append_instance
87835c20 T efi_dp_get_next_instance
87835c78 T efi_dp_is_multi_instance
87835c98 T efi_dp_from_part
87835cc4 T efi_dp_part_node
87835ce8 T efi_dp_from_file
87835d88 T efi_dp_from_eth
87835dbc T efi_dp_from_mem
87835e5c T efi_dp_split_file_path
87835ebc T efi_dp_from_name
87835f6c t efi_str_to_u16
87835fa0 t dp_unknown.isra.0
87835fb8 t efi_convert_single_device_node_to_text
878363b4 t efi_convert_device_path_to_text
87836400 t efi_convert_device_node_to_text
8783642a T efi_dp_str
87836446 t create_device_node
87836466 t is_device_path_multi_instance
8783647e t get_next_device_path_instance
8783649a t append_device_path_instance
878364b6 t append_device_node
878364d2 t append_device_path
878364ee t duplicate_device_path
87836506 t get_device_path_size
87836520 t efi_file_open_ex
87836528 t efi_file_read_ex
87836530 t efi_file_flush
87836540 t efi_file_getpos
87836568 t efi_file_write_ex
87836570 t set_blk_dev.isra.0
87836578 t efi_file_delete
878365ac t efi_file_write
87836634 t efi_get_file_size
87836658 t efi_file_setinfo
87836744 t efi_file_setpos
8783679c t efi_file_read
878368f8 t file_open
87836b08 t efi_open_volume
87836b34 t efi_file_open
87836ba4 t efi_file_flush_ex
87836bac t efi_file_close
87836bc8 t efi_file_getinfo
87836d28 T efi_file_from_path
87836df0 T efi_simple_file_system
87836e20 t efi_hii_packagelist_exists
87836e3c t efi_hii_package_len
87836e4c t get_package_list_handle
87836e90 t unregister_package_notify
87836ea4 t register_package_notify
87836ed8 t export_package_lists
87836f00 t list_package_lists
87836f9c t find_keyboard_layouts
8783701c t get_keyboard_layout
878370ac t remove_guid_package
878370d0 t free_keyboard_layouts
87837100 t remove_keyboard_package
8783712c t add_packages
87837384 t language_match
878373b4 t get_secondary_languages
87837410 t get_string
8783749c t get_languages
87837540 t set_string
87837600 t new_string
878376b8 t remove_strings_package
87837702 t free_packagelist
87837730 t remove_package_list
8783775c t new_package_list
878377d8 t set_keyboard_layout
878377ec t update_package_list
878378b0 t get_alt_config
878378c4 t config_to_block
878378d8 t block_to_config
878378ec t route_config
87837900 t export_config
87837914 t extract_config
87837928 t efi_set_code_and_data_type
8783796c T efi_print_image_infos
87837a04 T efi_load_pe
87837c5c t efi_mem_cmp
87837c84 t efi_check_allocated
87837cdc t efi_find_free_memory
87837d54 T efi_add_memory_map
8783804c T efi_allocate_pages
878380e0 T efi_alloc
87838114 T efi_free_pages
87838174 T efi_allocate_pool
878381d8 T efi_free_pool
87838250 T efi_get_memory_map
878382e0 T efi_add_conventional_memory_map
87838384 W efi_add_known_memory
878383bc T efi_memory_init
87838424 T efi_root_node_register
878384f0 t efi_reset_system_boottime
87838538 t efi_set_time_boottime
8783854c t efi_get_time_boottime
87838560 T efi_init_runtime_supported
87838594 W efi_reset_system_init
87838598 t efi_set_virtual_address_map
87838714 T efi_init_obj_list
87838858 t efi_str_to_fat
878388d0 t efi_fat_to_str
8783890c t efi_str_upr
8783892c t efi_stri_coll
8783896a t efi_str_lwr
8783898a t next_lower
87838998 t metai_match
87838a48 t efi_metai_match
87838a64 t efi_to_native
87838abc t prefix
87838ae0 t parse_attr
87838b68 T efi_get_variable
87838cd4 T efi_get_next_variable_name
87838e68 T efi_set_variable
87839058 T efi_variables_boot_exit_notify
8783907c T efi_init_variables
87839080 t efi_watchdog_timer_notify
878390b4 T efi_set_watchdog
878390d8 T efi_watchdog_register
87839134 t gop_query_mode
87839178 t gop_blt_video_fill.constprop.0
87839210 t gop_set_mode
87839268 T gop_blt
87839594 T efi_gop_register
8783967c t efi_disk_flush_blocks
8783968a t efi_disk_reset
87839698 t efi_disk_add_dev.part.0
878397ec t efi_disk_read_blocks
878398a0 t efi_disk_write_blocks
87839964 T efi_fs_from_path
878399ac T efi_disk_create_partitions
87839a40 T efi_disk_register
87839af0 t efi_net_push
87839afc t efi_pxe_base_code_start
87839b04 t efi_pxe_base_code_stop
87839b0c t efi_pxe_base_code_discover
87839b14 t efi_pxe_base_code_mtftp
87839b1c t efi_pxe_base_code_udp_write
87839b24 t efi_pxe_base_code_udp_read
87839b2c t efi_pxe_base_code_set_ip_filter
87839b34 t efi_pxe_base_code_arp
87839b3c t efi_pxe_base_code_set_parameters
87839b44 t efi_pxe_base_code_set_packets
87839b4c t efi_network_timer_notify
87839bb0 t efi_net_nvdata
87839bc4 t efi_net_statistics
87839bd8 t efi_net_station_address
87839bec t efi_net_receive_filters
87839c00 t efi_net_start
87839c3c t efi_net_get_status
87839c94 t efi_net_receive
87839d8c t efi_net_transmit
87839e5c t efi_net_mcastiptomac
87839ecc t efi_net_shutdown
87839f1c t efi_net_stop
87839f50 t efi_net_initialize
87839fb8 t efi_net_reset
8783a004 t efi_pxe_base_code_set_station_ip
8783a00c t efi_pxe_base_code_dhcp
8783a014 T efi_net_set_dhcp_ack
8783a048 T efi_net_register
8783a2a0 T efi_smbios_register
8783a2e4 t get_code
8783a35e t read_string
8783a376 t read_console
8783a384 T console_read_unicode
8783a3a4 T utf8_get
8783a3b0 T utf8_put
8783a440 T utf8_utf16_strnlen
8783a472 T utf16_get
8783a4c8 T utf16_put
8783a514 T utf8_utf16_strncpy
8783a552 T utf16_strnlen
8783a578 T utf16_utf8_strnlen
8783a5ba T utf16_utf8_strncpy
8783a5f8 T utf_to_lower
8783a624 T utf_to_upper
8783a650 T u16_strlen
8783a664 T u16_strdup
8783a68c T utf16_to_utf8
8783a754 T crc16_ccitt
8783a77c t smbios_write_type127
8783a7a8 t smbios_write_type32
8783a7d4 t smbios_string_table_len
8783a7f0 t smbios_add_string
8783a82c t smbios_write_type3
8783a87c t smbios_write_type2
8783a8d8 t smbios_write_type0
8783a968 t smbios_write_type1
8783a9e0 t smbios_write_type4
8783aa60 T write_smbios_table
8783ab0c t default_log
8783ab10 T write_sparse_image
8783ae08 T string_to_ip
8783ae50 T string_to_enetaddr
8783ae82 T compute_ip_checksum
8783aec6 T ip_checksum_ok
8783aeda t merge
8783af10 T list_sort
8783affc T zcalloc
8783b004 T zcfree
8783b00c T inflate_fast
8783b3c4 T inflate_table
8783b6d8 T inflateReset
8783b718 T inflateInit2_
8783b7b0 T inflateEnd
8783b7de T adler32
8783ba14 T inflate
8783c768 T gzalloc
8783c776 T gzfree
8783c77c T gzip_parse_header
8783c7ec T zunzip
8783c894 T gunzip
8783c8c0 T fdt_ro_probe_
8783c914 T fdt_header_size_
8783c92e T fdt_header_size
8783c938 T fdt_check_header
8783c9cc T fdt_offset_ptr
8783ca00 T fdt_next_tag
8783cac0 T fdt_check_node_offset_
8783cae4 T fdt_check_prop_offset_
8783cb08 T fdt_next_node
8783cb76 T fdt_first_subnode
8783cb9c T fdt_next_subnode
8783cbc6 T fdt_find_string_
8783cbf6 T fdt_move
8783cc20 T fdt_node_end_offset_
8783cc44 T fdt_strerror
8783cc80 t fdt_blocks_misordered_
8783ccb6 t fdt_rw_probe_
8783ccf0 t fdt_splice_
8783cd3a t fdt_splice_mem_rsv_
8783cd68 t fdt_splice_struct_
8783cd8e t fdt_packblocks_
8783cdea t fdt_add_property_
8783cec8 T fdt_add_mem_rsv
8783cf1e T fdt_del_mem_rsv
8783cf5a T fdt_setprop_placeholder
8783cfc8 T fdt_setprop
8783cfee T fdt_delprop
8783d02c T fdt_add_subnode_namelen
8783d0c4 T fdt_add_subnode
8783d0e2 T fdt_del_node
8783d114 T fdt_open_into
8783d1f8 t fdt_cells
8783d224 T fdt_address_cells
8783d240 T fdt_size_cells
8783d254 t fdt_mem_rsv
8783d270 t nextprop_
8783d2a2 t fdt_get_property_by_offset_
8783d2d4 T fdt_get_string
8783d370 T fdt_string
8783d376 T fdt_get_mem_rsv
8783d3b4 T fdt_num_mem_rsv
8783d3d8 T fdt_get_name
8783d432 T fdt_subnode_offset_namelen
8783d4b4 T fdt_subnode_offset
8783d4d2 T fdt_first_property_offset
8783d4ea T fdt_next_property_offset
8783d502 t fdt_get_property_namelen_
8783d576 T fdt_get_property_namelen
8783d5a0 T fdt_get_property
8783d5c2 T fdt_getprop_namelen
8783d5f8 T fdt_getprop_by_offset
8783d654 T fdt_getprop
8783d678 T fdt_get_phandle
8783d6b8 T fdt_get_alias_namelen
8783d6e4 T fdt_path_offset_namelen
8783d778 T fdt_path_offset
8783d792 T fdt_supernode_atdepth_offset
8783d7fe T fdt_node_depth
8783d81c T fdt_parent_offset
8783d83c T fdt_node_offset_by_phandle
8783d87e T fdt_stringlist_search
8783d8e4 T fdtdec_get_int
8783d900 t get_prop_check_min_len
8783d928 T fdtdec_get_is_enabled
8783d950 T fdtdec_get_alias_seq
8783d9fc T fdtdec_get_alias_highest_id
8783da74 T fdtdec_prepare_fdt
8783daa4 T fdtdec_lookup_phandle
8783dac4 T fdtdec_get_int_array
8783dafa T fdtdec_get_int_array_count
8783db32 T fdtdec_get_bool
8783db46 T fdtdec_parse_phandle_with_args
8783dc0e T fdtdec_get_byte_array
8783dc34 T fdtdec_locate_byte_array
8783dc4c T fdtdec_get_config_int
8783dc74 T fdtdec_get_config_string
8783dc9c T fdtdec_get_number
8783dcb6 T fdtdec_get_addr_size_fixed
8783dd22 T fdtdec_get_addr_size_auto_parent
8783dd68 T fdtdec_get_addr_size_auto_noparent
8783dd9c T fdtdec_get_addr_size
8783ddba T fdtdec_get_addr
8783ddc0 T fdt_get_resource
8783de52 T fdt_get_named_resource
8783de80 W board_fdt_blob_setup
8783de88 T fdtdec_setup
8783deb0 T qsort
8783df44 T strcmp_compar
8783df4c t cmpkey
8783df58 t match_string
8783dfb4 t match_entry
8783e030 t drop_var_from_set.part.0
8783e060 t _hdelete.constprop.0
8783e090 T hcreate_r
8783e0e8 T hdestroy_r
8783e12c T hmatch_r
8783e18c T hsearch_r
8783e434 T hdelete_r
8783e4c8 T hexport_r
8783e664 T himport_r
8783e8d4 T hwalk_r
8783e904 T display_options_get_banner_priv
8783e96c T display_options_get_banner
8783e978 T display_options
8783e99c T print_size
8783ea9c T print_buffer
8783ebd4 T crc32_wd
8783ebd8 W __div64_32
8783ec56 T div_s64_rem
8783ecc0 T hang
8783ecd8 T kmalloc
8783ed00 T skip_spaces
8783ed18 T strim
8783ed4c t lmb_add_region
8783ee52 t lmb_overlaps_region
8783ee7e T lmb_dump_all
8783ee80 T lmb_add
8783ee84 T lmb_free
8783ef0a T lmb_reserve
8783ef10 T lmb_reserve_overlap
8783ef78 T __lmb_alloc_base
8783f00c T lmb_alloc_base
8783f02c T lmb_alloc
8783f032 T lmb_alloc_addr
8783f070 T lmb_get_free_size
8783f0b8 T lmb_init_and_reserve
8783f0ee T lmb_init_and_reserve_range
8783f120 t emit
8783f140 t store_char_in_data
8783f164 t get_escape_char
8783f1b8 t relocate
8783f1e4 t match
8783f450 t loop_greedy
8783f4a6 t loop_non_greedy
8783f4f8 t fixup_branch.part.0
8783f51c t quantifier
8783f578 t compile
8783f7c0 T slre_compile
8783f832 T slre_match
8783f88c T strncasecmp
8783f8d0 T strcasecmp
8783f8d8 T strcpy
8783f8e8 T strncpy
8783f900 T strcat
8783f91e T strncat
8783f946 T strcmp
8783f95c T strncmp
8783f97e T strchr
8783f998 T strlen
8783f9a8 T strlcpy
8783f9d6 T strrchr
8783f9f6 T strnlen
8783fa0e T strdup
8783fa30 T strspn
8783fa50 T strpbrk
8783fa74 T strtok
8783fab0 T strsep
8783facc T memmove
8783faf2 T memcmp
8783fb10 T strstr
8783fb50 T memchr
8783fb6c t tick_to_time
8783fba4 W timer_get_us
8783fbbc T usec_to_tick
8783fc1c T udelay
8783fc3c T uuid_str_valid
8783fc88 T uuid_str_to_bin
8783fd8c T uuid_bin_to_str
8783fe14 T gen_rand_uuid
8783fe70 T gen_rand_uuid_str
8783fe8c T rand_r
8783fea0 T rand
8783feac T srand
8783feb8 t panic_finish
8783fed8 T panic
8783feec T __assert_fail
8783fefc t put_dec_trunc
8783ff90 t put_dec
878400ac t number
878402b0 t string16
8784034c t string
878403e8 t vsnprintf_internal
8784092c T vsnprintf
87840930 T vscnprintf
87840946 T snprintf
87840960 T vsprintf
8784096c T sprintf
87840986 T printf
878409ba T vprintf
878409e0 T simple_itoa
87840a18 T str2off
87840a3c t _parse_integer_fixup_radix
87840a98 T simple_strtoul
87840ae8 T strict_strtoul
87840b2a T simple_strtol
87840b44 T ustrtoul
87840b90 T simple_strtoull
87840bf4 T ustrtoull
87840c50 T trailing_strtoln
87840c94 T trailing_strtol
87840c9c T arp_init
87840cd4 T arp_raw_request
87840d68 T arp_request
87840dbc T arp_timeout_check
87840e14 T arp_receive
87840f84 T arp_is_waiting
87840f94 t dhcp_extended
878410f8 t dhcp_process_options
878412b4 t dhcp_packet_process_options
87841318 t dhcp_handler
878415b8 T bootp_reset
878415e4 T bootp_request
878417b8 t bootp_timeout_handler
87841810 T dhcp_request
87841814 t eth_get_uclass_priv
8784182e t eth_pre_remove
87841848 t eth_post_bind
87841874 t eth_write_hwaddr.isra.0
878418e8 t eth_post_probe
87841a28 t on_ethaddr
87841a74 T eth_set_current_to_next
87841a98 T eth_get_dev
87841ab8 T eth_set_dev
87841adc t eth_pre_unbind
87841af4 T eth_get_dev_by_name
87841b80 T eth_get_ethaddr
87841b92 T eth_halt_state_only
87841ba8 T eth_get_dev_index
87841bc0 T eth_init
87841c54 T eth_is_active
87841c74 T eth_halt
87841c98 T eth_send
87841cca T eth_rx
87841d30 T eth_initialize
87841dfc T eth_env_get_enetaddr_by_index
87841e28 T eth_env_set_enetaddr_by_index
87841e54 T eth_common_init
87841e68 T eth_mac_skip
87841e94 T eth_get_name
87841eac T eth_current_changed
87841f08 T eth_try_another
87841f5c T eth_set_current
87841fb4 t net_clear_handlers
87841fd8 t start_again_timeout_handler
87841fe4 t dummy_handler
87841fe8 t on_ipaddr
87842000 t on_gatewayip
87842018 t on_netmask
87842030 t on_serverip
87842048 t net_init_loop
87842068 T net_init
878420b8 T net_start_again
878421a4 T net_set_udp_handler
878421bc T net_get_arp_handler
878421c8 T net_set_timeout_handler
87842204 T net_get_async_tx_pkt_buf
87842220 T net_process_received_packet
87842418 T net_eth_hdr_size
87842444 T net_set_ether
878424ac T net_update_ether
87842500 T net_set_ip_header
87842574 T net_set_udp_header
878425cc T net_send_ip_packet
87842690 T net_send_udp_packet
878426ac T copy_filename
878426dc T is_serverip_in_cmd
878426f4 t net_check_prereq
8784279c T net_auto_load
87842804 T net_loop
878429b4 T net_parse_bootfile
87842a04 T ip_to_string
87842a2c T string_to_vlan
87842a54 t on_nvlan
87842a6c t on_vlan
87842a84 t rpc_lookup_reply
87842aec t nfs_mount_reply
87842b4c t nfs_umountall_reply
87842ba4 t nfs_lookup_reply
87842c5c t nfs_readlink_reply
87842d18 t basename
87842d38 t nfs_read_reply
87842e28 t rpc_req
87842eec t nfs_mount_req
87842f74 t nfs_readlink_req
87842ff8 t nfs_read_req
8784309c t nfs_lookup_req
878431a8 t nfs_umountall_req
878431fc t nfs_send
878432e4 t nfs_handler
87843460 t nfs_timeout_handler
878434ac T nfs_start
87843614 t ping_timeout_handler
87843628 T ping_start
878436ec T ping_receive
878437a8 t tftp_send
878438cc t tftp_handler
87843b60 t tftp_timeout_handler
87843bc4 T tftp_start
87843e54 T __aeabi_uidiv
87843e54 T __udivsi3
87843ef0 T __aeabi_idiv
87843ef0 T __divsi3
87843fbc T __aeabi_uidivmod
87843fd4 T __aeabi_idivmod
87843fec t Ldiv0
87843ffc T __aeabi_uldivmod
87844024 t L_div_64_64
87844034 t L_lsl_4
87844060 t L_lsl_1
8784408c t L_subtract
878440a8 t L_update
878440cc t L_exit
878440e0 t L_div_32_32
878440f8 t L_pow2
8784416c t L_div_by_0
87844184 T __div0
87844190 R efi_block_io_guid
878441a0 r efi_file_handle_protocol
878441e0 R efi_file_info_guid
878441f0 R efi_file_system_info_guid
87844200 R efi_global_variable_guid
87844210 r efi_gop_guid
87844220 R efi_guid_device_path
87844230 R efi_guid_device_path_to_text_protocol
87844240 R efi_guid_device_path_utilities_protocol
87844250 R efi_guid_driver_binding_protocol
87844260 R efi_guid_event_group_exit_boot_services
87844270 R efi_guid_event_group_memory_map_change
87844280 R efi_guid_event_group_reset_system
87844290 R efi_guid_fdt
878442a0 R efi_guid_hii_config_routing_protocol
878442b0 R efi_guid_hii_database_protocol
878442c0 R efi_guid_hii_string_protocol
878442d0 R efi_guid_loaded_image
878442e0 R efi_guid_loaded_image_device_path
878442f0 R efi_guid_text_input_ex_protocol
87844300 R efi_guid_text_input_protocol
87844310 R efi_guid_text_output_protocol
87844320 R efi_guid_unicode_collation_protocol2
87844330 r efi_net_guid
87844340 r efi_pxe_base_code_protocol_guid
87844350 r efi_rt_properties_table_guid
87844360 R efi_simple_file_system_protocol_guid
87844370 R efi_system_volume_label_id
87844380 R efi_u_boot_guid
87844390 r lcd_pads
87844398 r partition_basic_data_guid
878443a8 r smbios_guid
878443b8 r system_guid
878443c8 r uart1_pads
878444bc r CSWTCH.158
878444c8 r CSWTCH.32
878444e8 r CSWTCH.32
87844508 r CSWTCH.45
8784451c r asix_eth_id_table
87844654 r asix_eth_ops
87844674 r board_boot_modes
87844694 r boot_os
878446f4 r bootm_args.0
87844700 r ci_ep_init
878447c8 r ci_udc_otg_ids
878447d8 r color
87844818 r colors
878448d8 r commands
87844940 r driver_ops
8784494c r efi_blk_ops
8784495c R efi_device_path_to_text
87844964 R efi_device_path_utilities
87844984 R efi_hii_config_routing
8784499c R efi_hii_database
878449c8 R efi_hii_string
878449dc R efi_unicode_collation_protocol2
878449f8 r env_flags_varaccess_mask
87844a08 r ext_csd_bus_width
87844a44 r fbase
87844a54 r fdt_errtable
87844aa0 r fdt_member_table
87844ac8 r fecmxc_ids
87844b18 r fecmxc_ops
87844b38 r fixed_regulator_ids
87844b48 r fixed_regulator_ops
87844b78 r freqs.3
87844bac r fsl_esdhc_ids
87844c1c r fsl_esdhc_ops
87844c38 r fsl_qspi_ids
87844c68 r fsl_qspi_ops
87844c8c r gen_74x164_ids
87844c9c r gen_74x164_ops
87844cc4 r generic_simple_bus_ids
87844cdc r gpio_function
87844cf0 r gpio_mxc_ops
87844d18 r gpio_regulator_ids
87844d28 r gpio_regulator_ops
87844d58 r hub_id_table
87844d88 r hwcaps_pp2cmd.0
87844dc0 r hwcaps_read2cmd.1
87844e38 r if_type_uclass_id
87844e6c r if_typename_str
87844ea0 r imx6_pinctrl_match
87844ee8 r imx6_thermal_plat
87844ef4 r imx6sx_data
87844f08 r imx6ul_7d_data
87844f1c r imx7ulp_data
87844f30 R imx_pinctrl_ops
87844f80 r imx_thermal_ops
87844f84 r init_sequence_f
8784504c r machines
8784505c r mass_storage_id_table
8784508c r mmc_blk_ops
8784509c r mmc_modes_by_pref
878450bc r mmc_versions.2
878450e0 r mx6_ehci_ops
878450f4 r mx6_fuse_descs
878459dc r mx6_usb_ids
878459ec r mxc_gpio_ids
878459fc r mxc_i2c_ids
87845a14 r mxc_i2c_ops
87845a2c r mxs_video_ids
87845a5c r names.4
87845a90 R op_adv
87845b90 r op_table
87845bf8 r phy_bases
87845c00 r phy_interface_strings
87845c64 r root_info
87845c6c r sd_au_size.1
87845cac r sd_modes_by_pref
87845cbc r simple_panel_ids
87845cec r simple_panel_ops
87845cf8 r smbios_write_funcs
87845d14 R soc_boot_modes
87845d74 r soft_spi_ids
87845d84 r soft_spi_ops
87845da8 r spi_flash_std_ids
87845db8 r spi_flash_std_ops
87845dc8 R spi_nor_ids
87846148 r uimage_arch
8784628c r uimage_comp
878462e0 r uimage_os
87846388 r uimage_type
87846568 r usb_dr_modes
87846578 r usb_hub_ids
87846588 r usb_mass_storage_ids
87846598 r usb_storage_ops
878465a8 r vybrid_data
878465bc r CSWTCH.17
878465de r CSWTCH.18
87846600 r codepage
87846700 r crc16_tab
87846900 r crc16_table
87846b00 r dbase.2
87846b40 r dext.1
87846b80 r distfix
87846c92 r i2c_clk_div
87846d5a r lbase.4
87846d98 r lenfix
87847598 r lext.3
878475d6 r order.0
878476c2 r CSWTCH.159
878476c5 r CSWTCH.18
878476c8 r CSWTCH.19
878476d9 r CSWTCH.66
878476ef r END
878476f3 r ROOT
87847707 r __FUNCTION__.0
8784771e r __FUNCTION__.3
87847757 r __func__.0
8784775e r __func__.0
8784776c r __func__.0
87847781 r __func__.0
87847795 r __func__.0
878477b1 r __func__.0
878477c5 r __func__.0
878477d0 r __func__.0
878477de r __func__.0
878477ef r __func__.0
878477fd r __func__.0
8784780a r __func__.0
8784781a r __func__.0
8784782c r __func__.0
87847838 r __func__.0
87847847 r __func__.0
8784785e r __func__.0
8784787a r __func__.0
8784788e r __func__.0
87847899 r __func__.0
878478a5 r __func__.0
878478c0 r __func__.0
878478ce r __func__.0
878478e3 r __func__.0
878478f6 r __func__.1
8784790a r __func__.1
87847915 r __func__.1
87847924 r __func__.1
8784792e r __func__.1
8784793a r __func__.1
8784794b r __func__.1
8784795e r __func__.1
8784796a r __func__.1
87847979 r __func__.10
87847988 r __func__.2
8784799b r __func__.2
878479a8 r __func__.2
878479b4 r __func__.2
878479bf r __func__.2
878479d1 r __func__.2
878479e2 r __func__.3
878479ee r __func__.3
87847a06 r __func__.3
87847a10 r __func__.3
87847a22 r __func__.4
87847a3a r __func__.4
87847a4d r __func__.4
87847a65 r __func__.4
87847a72 r __func__.5
87847a84 r __func__.5
87847a95 r __func__.6
87847aa2 r __func__.7
87847aaf r __func__.8
87847ac6 r __func__.9
87847aee R _ctype
87848357 r bank_lookup
87849061 r col_lookup
878491d0 R default_environment
8784a3c7 r digits.1
8784db16 r env_flags_varaccess_rep
8784db1b r env_flags_vartype_rep
8784dc80 r erase_seq
8784e495 r fastboot_name
8784fbb3 R hex_asc
8784fd74 r illegal
8785065c r manufacturer
87850cca r multipliers
87850ef2 r names.0
87850f3d R net_bcast_ethaddr
87851028 R net_null_ethaddr
87851c5e r product
87858d0e r tab_seq
87858fcd r us_direction
87859b88 V version_string
87859c28 r video_fontdata
8785b1e8 d base
8785b1ec d reset_cause
8785b1f0 D imx_ccm
8785b1f4 d bootm_help_text
8785b580 d cmd_bootm_sub
8785b67c d source_help_text
8785b6cc d cmd_blkc_sub
8785b704 d cmd_bmp_sub
8785b73c d bootefi_help_text
8785b8c7 d bootz_help_text
8785bad0 d test_commands
8785bb40 d fdt_help_text
8785c1e7 d root.1
8785c1e9 d tabs.0
8785c20c d cmd_i2c_sub
8785c3b0 d i2c_dp_last_length
8785c3b4 d i2c_help_text
8785c7a4 d do_echo
8785c7a8 d dp_last_length
8785c7ac d cmd_mmc
8785c934 d curr_device
8785c938 d pinmux_subcmd
8785c98c d usb_stor_curr_dev
8785c990 d fastboot_help_text
8785ca3c d imgextract_help_text
8785ca94 d disk_partitions
8785ca9c d cmd_env_sub
8785cbb4 d env_help_text
8785ce10 d env_id
8785ce14 d reserved_list
8785ce98 d init_sequence_r
8785cf18 d of_busses
8785cf30 d usb_scan_list
8785cf38 D bmp_logo_bitmap
87868970 d hist_cur
87868974 d av_
87868d7c d sbrk_base
87868d80 d trim_threshold
87868d84 D image_load_addr
87868d88 D stdio_names
87868d94 d imx6_pinctrl_soc_info
87868da4 d imx6_snvs_pinctrl_soc_info
87868db4 d imx6ul_pinctrl_soc_info
87868dc4 d _stats
87868dd8 d block_cache
87868de0 D fastboot_devinfo
87868de4 D g_fastboot_stdio
87868e30 D fastboot_common_var
87868e68 d usdhc_imx7d_data
87868e6c d usdhc_imx8qm_data
87868e70 D console_normal_ops
87868e84 d video_link_help_text
87868ed0 d genphy_driver
87868f10 d phy_drivers
87868f18 d lan8700_driver
87868f58 d lan8710_driver
87868f98 d lan8740_driver
87868fd8 d lan8741_driver
87869018 d lan8742_driver
87869058 d lan911x_driver
87869098 d mxc_serial_drv
878690c8 d one_time_rx_line_always_low_workaround_needed
878690cc d ci_ep_ops
878690f4 d ci_udc_ops
87869128 d controller
878692d0 d ep0_desc
878692dc d composite_driver
87869300 d device_desc
87869314 d g_dnl_composite_strings
8786931c d g_dnl_driver
87869340 d g_dnl_string_defs
87869360 d g_dnl_string_tab
87869368 d qw_sign_buf
87869370 d fastboot_string_defs
87869380 d fastboot_strings
87869388 d fb_cid
87869398 d fb_ext_prop
878693b4 d fb_ext_prop_data
878693db d fb_ext_prop_name
878693f0 d fb_fs_function
878693fc d fb_hs_function
8786940c d fb_os_desc
87869420 d fb_os_desc_table
87869428 d fb_ss_bulk_comp_desc
87869430 d fb_ss_function
87869448 d fs_ep_in
87869451 d fs_ep_out
8786945a d hs_ep_in
87869463 d hs_ep_out
8786946c d interface_desc
87869475 d ss_ep_in
8786947e d ss_ep_out
87869488 d stringtab_fastboot
87869490 d udc_list
87869498 d descriptor
878694d4 D ehci_usb_ops
87869500 D env_htab
87869510 d first_call
87869514 d first_call
87869518 d fstypes
878695e4 D ext4fs_indir1_blkno
878695e8 D ext4fs_indir2_blkno
878695ec D ext4fs_indir3_blkno
878695f0 d prev_bg_bitmap_index.2
878695f4 d prev_inode_bitmap_index.1
878695f8 d prev_bg_bmap_idx.0
878695fc d prev_bg_bmap_idx.1
87869600 d prev_bg_bmap_idx.2
87869604 d prev_bg_bmap_idx.3
87869608 d first_node
87869610 d efi_boot_services
878696d8 D efi_event_queue
878696e0 D efi_obj_list
878696e8 D efi_register_notify_events
878696f0 d efi_tpl
878696f4 d entry_count
878696f8 d timers_enabled
878696fc d cin_notify_functions
87869704 D efi_con_in
87869710 d efi_con_in_ex
87869728 d efi_con_mode
87869740 D efi_con_out
87869768 d efi_cout_modes
8786978c d efi_keyboard_layout_list
87869794 d efi_package_lists
8786979c D efi_mem
878697a4 d lastoff.1
878697a8 d efi_obj_list_initialized
878697ac d capitalization_table
8786a67c d y
8786a680 d first_call.0
8786a684 D net_native_vlan
8786a686 D net_our_vlan
8786a688 d nfs_offset
8786a68c d supported_nfs_versions
8786a68e d tftp_block_size
8786a690 d tftp_block_size_option
8786a694 D tftp_timeout_count_max
8786a698 d timeout_count_max
8786a69c d timeout_ms
8786a6ac D _u_boot_list_2_cmd_2_base
8786a6ac d start.1
8786a6ac d start.1
8786a6ac d start.2
8786a6ac d start.2
8786a6ac d start.4
8786a6ac d start.5
8786a6c8 D _u_boot_list_2_cmd_2_bdinfo
8786a6e4 D _u_boot_list_2_cmd_2_blkcache
8786a700 D _u_boot_list_2_cmd_2_bmode
8786a71c D _u_boot_list_2_cmd_2_bmp
8786a738 D _u_boot_list_2_cmd_2_boot
8786a754 D _u_boot_list_2_cmd_2_bootd
8786a770 D _u_boot_list_2_cmd_2_bootefi
8786a78c D _u_boot_list_2_cmd_2_bootelf
8786a7a8 D _u_boot_list_2_cmd_2_bootm
8786a7c4 D _u_boot_list_2_cmd_2_bootp
8786a7e0 D _u_boot_list_2_cmd_2_bootvx
8786a7fc D _u_boot_list_2_cmd_2_bootz
8786a818 D _u_boot_list_2_cmd_2_clocks
8786a834 D _u_boot_list_2_cmd_2_cmp
8786a850 D _u_boot_list_2_cmd_2_coninfo
8786a86c D _u_boot_list_2_cmd_2_cp
8786a888 D _u_boot_list_2_cmd_2_crc32
8786a8a4 D _u_boot_list_2_cmd_2_dcache
8786a8c0 D _u_boot_list_2_cmd_2_dhcp
8786a8dc D _u_boot_list_2_cmd_2_dm
8786a8f8 D _u_boot_list_2_cmd_2_echo
8786a914 D _u_boot_list_2_cmd_2_editenv
8786a930 D _u_boot_list_2_cmd_2_env
8786a94c D _u_boot_list_2_cmd_2_erase
8786a968 D _u_boot_list_2_cmd_2_exit
8786a984 D _u_boot_list_2_cmd_2_ext2load
8786a9a0 D _u_boot_list_2_cmd_2_ext2ls
8786a9bc D _u_boot_list_2_cmd_2_ext4load
8786a9d8 D _u_boot_list_2_cmd_2_ext4ls
8786a9f4 D _u_boot_list_2_cmd_2_ext4size
8786aa10 D _u_boot_list_2_cmd_2_ext4write
8786aa2c D _u_boot_list_2_cmd_2_false
8786aa48 D _u_boot_list_2_cmd_2_fastboot
8786aa64 D _u_boot_list_2_cmd_2_fatinfo
8786aa80 D _u_boot_list_2_cmd_2_fatload
8786aa9c D _u_boot_list_2_cmd_2_fatls
8786aab8 D _u_boot_list_2_cmd_2_fatmkdir
8786aad4 D _u_boot_list_2_cmd_2_fatrm
8786aaf0 D _u_boot_list_2_cmd_2_fatsize
8786ab0c D _u_boot_list_2_cmd_2_fatwrite
8786ab28 D _u_boot_list_2_cmd_2_fdt
8786ab44 D _u_boot_list_2_cmd_2_flinfo
8786ab60 D _u_boot_list_2_cmd_2_fstype
8786ab7c D _u_boot_list_2_cmd_2_fuse
8786ab98 D _u_boot_list_2_cmd_2_go
8786abb4 D _u_boot_list_2_cmd_2_gpio
8786abd0 D _u_boot_list_2_cmd_2_gpt
8786abec D _u_boot_list_2_cmd_2_help
8786ac08 D _u_boot_list_2_cmd_2_i2c
8786ac24 D _u_boot_list_2_cmd_2_icache
8786ac40 D _u_boot_list_2_cmd_2_iminfo
8786ac5c D _u_boot_list_2_cmd_2_imxtract
8786ac78 D _u_boot_list_2_cmd_2_itest
8786ac94 D _u_boot_list_2_cmd_2_lcdputs
8786acb0 D _u_boot_list_2_cmd_2_ln
8786accc D _u_boot_list_2_cmd_2_load
8786ace8 D _u_boot_list_2_cmd_2_loadb
8786ad04 D _u_boot_list_2_cmd_2_loads
8786ad20 D _u_boot_list_2_cmd_2_loadx
8786ad3c D _u_boot_list_2_cmd_2_loady
8786ad58 D _u_boot_list_2_cmd_2_loop
8786ad74 D _u_boot_list_2_cmd_2_ls
8786ad90 D _u_boot_list_2_cmd_2_md
8786adac D _u_boot_list_2_cmd_2_mm
8786adc8 D _u_boot_list_2_cmd_2_mmc
8786ade4 D _u_boot_list_2_cmd_2_mmcinfo
8786ae00 D _u_boot_list_2_cmd_2_mtest
8786ae1c D _u_boot_list_2_cmd_2_mw
8786ae38 D _u_boot_list_2_cmd_2_nfs
8786ae54 D _u_boot_list_2_cmd_2_nm
8786ae70 D _u_boot_list_2_cmd_2_ping
8786ae8c D _u_boot_list_2_cmd_2_pinmux
8786aea8 D _u_boot_list_2_cmd_2_printenv
8786aec4 D _u_boot_list_2_cmd_2_protect
8786aee0 D _u_boot_list_2_cmd_2_question_mark
8786aefc D _u_boot_list_2_cmd_2_random
8786af18 D _u_boot_list_2_cmd_2_read
8786af34 D _u_boot_list_2_cmd_2_reset
8786af50 D _u_boot_list_2_cmd_2_run
8786af6c D _u_boot_list_2_cmd_2_save
8786af88 D _u_boot_list_2_cmd_2_saveenv
8786afa4 D _u_boot_list_2_cmd_2_setcurs
8786afc0 D _u_boot_list_2_cmd_2_setenv
8786afdc D _u_boot_list_2_cmd_2_setexpr
8786aff8 D _u_boot_list_2_cmd_2_sf
8786b014 D _u_boot_list_2_cmd_2_showvar
8786b030 D _u_boot_list_2_cmd_2_size
8786b04c D _u_boot_list_2_cmd_2_sleep
8786b068 D _u_boot_list_2_cmd_2_source
8786b084 D _u_boot_list_2_cmd_2_test
8786b0a0 D _u_boot_list_2_cmd_2_tftpboot
8786b0bc D _u_boot_list_2_cmd_2_true
8786b0d8 D _u_boot_list_2_cmd_2_usb
8786b0f4 D _u_boot_list_2_cmd_2_usbboot
8786b110 D _u_boot_list_2_cmd_2_version
8786b12c D _u_boot_list_2_cmd_2_videolink
8786b148 D _u_boot_list_2_driver_2_74x164
8786b148 d end.0
8786b148 d end.0
8786b148 d end.3
8786b148 d start.1
8786b148 d start.11
8786b148 d start.12
8786b148 d start.2
8786b148 d start.2
8786b148 d start.2
8786b148 d start.3
8786b190 D _u_boot_list_2_driver_2_asix_eth
8786b1d8 D _u_boot_list_2_driver_2_ci_udc_otg
8786b220 D _u_boot_list_2_driver_2_efi_blk
8786b268 D _u_boot_list_2_driver_2_efi_block
8786b2b0 D _u_boot_list_2_driver_2_eth_phy_generic_drv
8786b2f8 D _u_boot_list_2_driver_2_fecmxc_gem
8786b340 D _u_boot_list_2_driver_2_fixed_regulator
8786b388 D _u_boot_list_2_driver_2_fsl_esdhc
8786b3d0 D _u_boot_list_2_driver_2_fsl_qspi
8786b418 D _u_boot_list_2_driver_2_gpio_mxc
8786b460 D _u_boot_list_2_driver_2_gpio_regulator
8786b4a8 D _u_boot_list_2_driver_2_i2c_generic_chip_drv
8786b4f0 D _u_boot_list_2_driver_2_i2c_mxc
8786b538 D _u_boot_list_2_driver_2_imx6_pinctrl
8786b580 D _u_boot_list_2_driver_2_imx_thermal
8786b5c8 D _u_boot_list_2_driver_2_mmc_blk
8786b610 D _u_boot_list_2_driver_2_mxs_video
8786b658 D _u_boot_list_2_driver_2_pinconfig_generic
8786b6a0 D _u_boot_list_2_driver_2_root_driver
8786b6e8 D _u_boot_list_2_driver_2_simple_bus_drv
8786b730 D _u_boot_list_2_driver_2_simple_panel
8786b778 D _u_boot_list_2_driver_2_soft_spi
8786b7c0 D _u_boot_list_2_driver_2_spi_flash_std
8786b808 D _u_boot_list_2_driver_2_spi_generic_drv
8786b850 D _u_boot_list_2_driver_2_usb_dev_generic_drv
8786b898 D _u_boot_list_2_driver_2_usb_generic_hub
8786b8e0 D _u_boot_list_2_driver_2_usb_mass_storage
8786b928 D _u_boot_list_2_driver_2_usb_mx6
8786b970 D _u_boot_list_2_driver_2_usb_storage_blk
8786b9b8 D _u_boot_list_2_driver_2_vidconsole_normal
8786ba00 D _u_boot_list_2_driver_info_2_imx6_thermal
8786ba00 d end.0
8786ba00 d end.1
8786ba00 d end.1
8786ba00 d end.10
8786ba00 d start.5
8786ba00 d start.6
8786ba08 D _u_boot_list_2_env_clbk_2_baudrate
8786ba08 d end.4
8786ba08 d start.0
8786ba08 d start.2
8786ba10 D _u_boot_list_2_env_clbk_2_callbacks
8786ba18 D _u_boot_list_2_env_clbk_2_console
8786ba20 D _u_boot_list_2_env_clbk_2_ethaddr
8786ba28 D _u_boot_list_2_env_clbk_2_flags
8786ba30 D _u_boot_list_2_env_clbk_2_gatewayip
8786ba38 D _u_boot_list_2_env_clbk_2_ipaddr
8786ba40 D _u_boot_list_2_env_clbk_2_loadaddr
8786ba48 D _u_boot_list_2_env_clbk_2_netmask
8786ba50 D _u_boot_list_2_env_clbk_2_nvlan
8786ba58 D _u_boot_list_2_env_clbk_2_serialno
8786ba60 D _u_boot_list_2_env_clbk_2_serverip
8786ba68 D _u_boot_list_2_env_clbk_2_vlan
8786ba70 D _u_boot_list_2_env_driver_2_mmc
8786ba70 d end.1
8786ba70 d start.0
8786ba70 d start.2
8786ba88 D _u_boot_list_2_g_dnl_bind_callbacks_2___usb_function_name_usb_dnl_fastboot
8786ba88 d end.1
8786ba88 d start.4
8786ba90 D _u_boot_list_2_part_driver_2_a_efi
8786ba90 d start.1
8786ba90 d start.2
8786ba90 d start.4
8786ba90 d start.5
8786baa8 D _u_boot_list_2_part_driver_2_dos
8786bac0 D _u_boot_list_2_uclass_2_backlight
8786bac0 d end.0
8786bac0 d end.3
8786bac0 d start.8
8786bac0 d start.9
8786bb0c D _u_boot_list_2_uclass_2_blk
8786bb58 D _u_boot_list_2_uclass_2_efi
8786bba4 D _u_boot_list_2_uclass_2_eth
8786bbf0 D _u_boot_list_2_uclass_2_eth_phy_generic
8786bc3c D _u_boot_list_2_uclass_2_gpio
8786bc88 D _u_boot_list_2_uclass_2_i2c
8786bcd4 D _u_boot_list_2_uclass_2_i2c_generic
8786bd20 D _u_boot_list_2_uclass_2_mmc
8786bd6c D _u_boot_list_2_uclass_2_nop
8786bdb8 D _u_boot_list_2_uclass_2_panel
8786be04 D _u_boot_list_2_uclass_2_pinconfig
8786be50 D _u_boot_list_2_uclass_2_pinctrl
8786be9c D _u_boot_list_2_uclass_2_regulator
8786bee8 D _u_boot_list_2_uclass_2_root
8786bf34 D _u_boot_list_2_uclass_2_simple_bus
8786bf80 D _u_boot_list_2_uclass_2_spi
8786bfcc D _u_boot_list_2_uclass_2_spi_generic
8786c018 D _u_boot_list_2_uclass_2_spi_nor
8786c064 D _u_boot_list_2_uclass_2_thermal
8786c0b0 D _u_boot_list_2_uclass_2_usb
8786c0fc D _u_boot_list_2_uclass_2_usb_dev_generic
8786c148 D _u_boot_list_2_uclass_2_usb_gadget_generic
8786c194 D _u_boot_list_2_uclass_2_usb_hub
8786c1e0 D _u_boot_list_2_uclass_2_usb_mass_storage
8786c22c D _u_boot_list_2_uclass_2_vidconsole
8786c278 D _u_boot_list_2_uclass_2_video
8786c2c4 D _u_boot_list_2_usb_driver_entry_2_asix_eth
8786c2c4 d end.7
8786c2c4 d start.1
8786c2c4 d start.2
8786c2cc D _u_boot_list_2_usb_driver_entry_2_usb_generic_hub
8786c2d4 D _u_boot_list_2_usb_driver_entry_2_usb_mass_storage
8786c2dc D __efi_runtime_rel_start
8786c2dc d end.0
8786c37c ? __bss_base
8786c37c ? __bss_start
8786c37c ? params
8786c37c R __efi_runtime_rel_stop
8786c37c R __image_copy_end
8786c37c R __rel_dyn_start
8786c380 ? modes
8786c388 ? bootefi_device_path
8786c38c ? bootefi_image_path
8786c390 ? data.2
8786c790 ? working_fdt
8786c794 ? i2c_cur_bus
8786c798 ? i2c_dp_last_addr
8786c79c ? i2c_dp_last_alen
8786c7a0 ? i2c_dp_last_chip
8786c7a4 ? i2c_mm_last_addr
8786c7a8 ? i2c_mm_last_alen
8786c7ac ? i2c_mm_last_chip
8786c7b0 ? a_b
8786c7c8 ? bin_start_address
8786c7cc ? his_eol
8786c7cd ? his_pad_char
8786c7d0 ? his_pad_count
8786c7d4 ? his_quote
8786c7d8 ? k_data_escape
8786c7dc ? k_data_escape_saved
8786c7e0 ? os_data_addr
8786c7e4 ? os_data_addr_saved
8786c7e8 ? os_data_char
8786c7ec ? os_data_init
8786c7f0 ? os_data_state
8786c7f4 ? os_data_state_saved
8786c7f8 ? send_parms
8786c80c ? send_ptr
8786c810 ? base_address
8786c814 ? dp_last_addr
8786c818 ? dp_last_size
8786c81c ? mm_last_addr
8786c820 ? mm_last_size
8786c824 ? currdev
8786c828 ? flash
8786c82c ? buf.2
8786c854 ? do_repeat
8786c858 ? flag_repeat
8786c85c ? ifs
8786c860 ? last_return_code
8786c864 ? map
8786c964 ? the_command.0
8786cd68 ? top_vars
8786cd6c ? stored_bootdelay
8786cd70 ? monitor_flash_len
8786cd74 ? images
8786cea4 ? current_mii
8786cea8 ? mii_devs
8786ceb0 ? usb_started
8786ceb4 ? running.0
8786ceb8 ? CBWTag
8786cec0 ? usb_ccb
8786cfc0 ? usb_max_devs
8786cfc4 ? console_buffer
8786d3c8 ? hist_add_idx
8786d3cc ? hist_lines
878723e0 ? hist_list
87872430 ? hist_max
87872434 ? hist_num
87872438 ? initted.0
8787243c ? cd_count
87872448 ? console_devices
87872454 ? ctrlc_disabled
87872458 ? ctrlc_was_pressed
8787245c ? tstcdev
87872460 ? current_mallinfo
87872488 ? max_sbrked_mem
8787248c ? max_total_mem
87872490 ? mem_malloc_brk
87872494 ? mem_malloc_end
87872498 ? mem_malloc_start
8787249c ? top_pad
878724a0 ? andr_tmp_str
878726a4 ? devs
878726f0 ? stdio_devices
878726fc ? env_complete_buf
878728fc ? tmp_buf
87872d00 ? xyz
87873134 ? name.6
87873159 ? boot_addr_start.1
87873170 ? fastboot_buf_addr
87873174 ? fastboot_buf_size
87873178 ? fastboot_progress_callback
8787317c ? metrics
87873198 ? fastboot_bytes_expected
8787319c ? fastboot_bytes_received
878731a0 ? g_a_cmd_buff
878731e0 ? boot_dev_part.0
87873200 ? serial
87873220 ? g_pcount
87873224 ? g_ptable
87873e24 ? initialized.0
87873e28 ? curr_video_link
87873e2c ? temp_stack
87873e44 ? video_links
87873e8c ? video_links_num
87873e90 ? video_off
87873e94 ? lan8720_flag.1
87873e98 ? serial_current
87873e9c ? serial_devices
87873ea0 ? wr_sfaddr.0
87873ea4 ? epnum
87873ea8 ? composite
87873eac ? g_dnl_detach_request
87873ead ? g_dnl_serial
87873fb0 ? fastboot_func
87873fb4 ? dev_array
87873fc4 ? asynch_allowed
87873fc8 ? flags_list
87873fcc ? callback_list
87873fd0 ? env_mmc_orig_hwpart
87873fd4 ? fs_dev_desc
87873fd8 ? fs_dev_part
87873fdc ? fs_partition
87874054 ? fs_type
87874058 ? ext_fs
878740a0 ? ext4fs_file
878740a4 ? ext4fs_indir1_block
878740a8 ? ext4fs_indir1_size
878740ac ? ext4fs_indir2_block
878740b0 ? ext4fs_indir2_size
878740b4 ? ext4fs_indir3_block
878740b8 ? ext4fs_indir3_size
878740bc ? ext4fs_root
878740c0 ? g_parent_inode
878740c4 ? symlinknest
878740c8 ? part_info
878740cc ? part_offset
878740d0 ? dirty_block_ptr
87874260 ? gd_index
87874264 ? gindex
87874268 ? journal_ptr
878743f8 ? jrnl_blk_idx
878743fc ? prev_node
87874400 ? revk_blk_list
87874404 ? cur_dev
87874408 ? cur_part_info
87874480 ? tmpbuf_cluster
8787979c R __rel_dyn_end
8787979c R _end
8787979c R _image_binary_end
87884480 ? total_sector
87884484 ? rs
87884488 ? app_gd
8788448c ? current_image
87884490 ? efi_gd
87884498 ? mono.0
878844a0 ? ret.1
878844a4 ? console_timer_event
878844a8 ? key_available
878844ac ? next_key
878844b8 ? efi_memory_map_key
878844bc ? efi_root
878844c0 ? efi_variables_list
878844c4 ? watchdog_timer_event
878844c8 ? dhcp_ack
878844cc ? network_timer_event
878844d0 ? new_rx_packet
878844d4 ? new_tx_packet
878844d8 ? transmit_buffer
878844dc ? wait_for_packet
878844e0 ? errno
878844e4 ? ___strtok
878844e8 ? local.0
87884500 ? arp_tx_packet
87884504 ? arp_tx_packet_buf
87884b44 ? arp_wait_packet_ethaddr
87884b48 ? arp_wait_timer_start
87884b4c ? arp_wait_try
87884b50 ? arp_wait_tx_packet_size
87884b54 ? net_arp_wait_packet_ip
87884b58 ? net_arp_wait_reply_ip
87884b5c ? bootp_ids
87884b6c ? bootp_num_ids
87884b70 ? bootp_start
87884b74 ? bootp_timeout
87884b78 ? bootp_try
87884b7c ? dhcp_leasetime
87884b80 ? dhcp_option_overload
87884b84 ? dhcp_server_ip
87884b88 ? dhcp_state
87884b8c ? net_hostname
87884bac ? net_nis_domain
87884bcc ? net_root_path
87884c0c ? time_taken_max
87884c10 ? eth_errno
87884c14 ? act.1
87884c18 ? env_changed_id.0
87884c1c ? first_failed.2
87884c20 ? arp_packet_handler
87884c24 ? net_boot_file_expected_size_in_blocks
87884c28 ? net_boot_file_name
87885028 ? net_boot_file_name_explicit
8788502c ? net_boot_file_size
87885030 ? net_dev_exists
87885034 ? net_dns_server
87885038 ? net_ethaddr
87885040 ? net_gateway
87885044 ? net_ip
87885048 ? net_ip_id
8788504c ? net_netmask
87885050 ? net_pkt_buf
87886e90 ? net_restart_wrap
87886e94 ? net_restarted
87886e98 ? net_rx_packet
87886e9c ? net_rx_packet_len
87886ea0 ? net_rx_packets
87886eb0 ? net_server_ethaddr
87886eb8 ? net_server_ip
87886ebc ? net_state
87886ec0 ? net_try_count
87886ec4 ? net_tx_packet
87886ec8 ? push_packet
87886ecc ? time_delta
87886ed0 ? time_handler
87886ed4 ? time_start
87886ed8 ? time_start
87886edc ? udp_packet_handler
87886ee0 ? dirfh
87886f00 ? filefh
87886f40 ? filefh3_length
87886f44 ? fs_mounted
87886f48 ? nfs_download_state
87886f4c ? nfs_filename
87886f50 ? nfs_len
87886f54 ? nfs_our_port
87886f58 ? nfs_path
87886f5c ? nfs_path_buff
8788775c ? nfs_server_ip
87887760 ? nfs_server_mount_port
87887764 ? nfs_server_port
87887768 ? nfs_state
8788776c ? nfs_timeout_count
87887770 ? rpc_id
87887774 ? net_ping_ip
87887778 ? ping_seq_number
8788777a ? default_filename
87887788 ? tftp_block_wrap
8788778c ? tftp_block_wrap_offset
87887790 ? tftp_cur_block
87887794 ? tftp_filename
87887814 ? tftp_load_addr
87887818 ? tftp_load_size
8788781c ? tftp_our_port
87887820 ? tftp_prev_block
87887824 ? tftp_remote_ip
87887828 ? tftp_remote_port
8788782c ? tftp_state
87887830 ? timeout_count
87887834 ? __bss_end
87887834 ? __bss_limit
