Archive member included to satisfy reference by file (symbol)

arch/arm/lib/lib.a(lib1funcs.o)
                              arch/arm/mach-imx/built-in.o (__aeabi_uidiv)
arch/arm/lib/lib.a(uldivmod.o)
                              lib/built-in.o (__aeabi_uldivmod)
arch/arm/lib/lib.a(div0.o)    arch/arm/lib/lib.a(lib1funcs.o) (__div0)

Discarded input sections

 .data          0x0000000000000000        0x0 arch/arm/cpu/armv7/start.o
 .bss           0x0000000000000000        0x0 arch/arm/cpu/armv7/start.o
 .text.v7_arch_cp15_set_l2aux_ctrl
                0x0000000000000000        0x6 arch/arm/cpu/armv7/built-in.o
 .text.v7_arch_cp15_set_acr
                0x0000000000000000        0x6 arch/arm/cpu/armv7/built-in.o
 .text.sdelay   0x0000000000000000        0x6 arch/arm/cpu/armv7/built-in.o
 .text.wait_on_value
                0x0000000000000000       0x1e arch/arm/cpu/armv7/built-in.o
 .text.s_init   0x0000000000000000        0x4 arch/arm/cpu/armv7/built-in.o
 .data          0x0000000000000000        0x0 arch/arm/cpu/armv7/built-in.o
 .bss           0x0000000000000000        0x0 arch/arm/cpu/armv7/built-in.o
 .text.armv7_boot_nonsec_default
                0x0000000000000000        0x4 arch/arm/lib/built-in.o
 .text.reset_misc
                0x0000000000000000        0x2 arch/arm/lib/built-in.o
 .text.enable_caches
                0x0000000000000000        0xc arch/arm/lib/built-in.o
 .text.invalidate_dcache_range
                0x0000000000000000        0x2 arch/arm/lib/built-in.o
 .text.flush_dcache_range
                0x0000000000000000        0x2 arch/arm/lib/built-in.o
 .text.flush_dcache_all
                0x0000000000000000        0xa arch/arm/lib/built-in.o
 .text.invalidate_l2_cache
                0x0000000000000000        0xc arch/arm/lib/built-in.o
 .text.arm_init_before_mmu
                0x0000000000000000        0x2 arch/arm/lib/built-in.o
 .text.mmu_page_table_flush
                0x0000000000000000        0x2 arch/arm/lib/built-in.o
 .text.fdt_psci
                0x0000000000000000        0x4 arch/arm/lib/built-in.o
 .rodata.enable_caches.str1.1
                0x0000000000000000       0x1d arch/arm/lib/built-in.o
 .data          0x0000000000000000        0x0 arch/arm/lib/built-in.o
 .__secure_end  0x0000000000000000        0x0 arch/arm/lib/built-in.o
 .__secure_stack_end
                0x0000000000000000        0x0 arch/arm/lib/built-in.o
 .__secure_stack_start
                0x0000000000000000        0x0 arch/arm/lib/built-in.o
 .__secure_start
                0x0000000000000000        0x0 arch/arm/lib/built-in.o
 .bss           0x0000000000000000        0x0 arch/arm/lib/built-in.o
 .text          0x0000000000000000        0x0 arch/arm/mach-imx/built-in.o
 .text.imx_iomux_set_gpr_register
                0x0000000000000000       0x3c arch/arm/mach-imx/built-in.o
 .text.cpu_eth_init
                0x0000000000000000        0x4 arch/arm/mach-imx/built-in.o
 .text.cpu_mmc_init
                0x0000000000000000        0x4 arch/arm/mach-imx/built-in.o
 .text.set_chipselect_size
                0x0000000000000000       0x5c arch/arm/mach-imx/built-in.o
 .text.force_idle_bus
                0x0000000000000000      0x14c arch/arm/mach-imx/built-in.o
 .text.setup_i2c
                0x0000000000000000       0x74 arch/arm/mach-imx/built-in.o
 .text.set_dt_val
                0x0000000000000000       0x22 arch/arm/mach-imx/built-in.o
 .text.imx_sec_init
                0x0000000000000000        0x4 arch/arm/mach-imx/built-in.o
 .text.add_dt_path_subnode
                0x0000000000000000       0x22 arch/arm/mach-imx/built-in.o
 .text.add_res_mem_dt_node
                0x0000000000000000      0x134 arch/arm/mach-imx/built-in.o
 .text.imx6_src_get_boot_mode
                0x0000000000000000       0x1c arch/arm/mach-imx/built-in.o
 .text.usec2ticks
                0x0000000000000000       0x48 arch/arm/mach-imx/built-in.o
 .text.get_nr_cpus
                0x0000000000000000       0x10 arch/arm/mach-imx/built-in.o
 .text.gpr_init
                0x0000000000000000       0x94 arch/arm/mach-imx/built-in.o
 .text.enable_uart_clk
                0x0000000000000000       0x4c arch/arm/mach-imx/built-in.o
 .text.enable_usdhc_clk
                0x0000000000000000       0x38 arch/arm/mach-imx/built-in.o
 .text.enable_spi_clk
                0x0000000000000000       0x2c arch/arm/mach-imx/built-in.o
 .text.enable_lvds_bridge
                0x0000000000000000      0x1a0 arch/arm/mach-imx/built-in.o
 .text.enable_ipu_clock
                0x0000000000000000       0x40 arch/arm/mach-imx/built-in.o
 .text.disable_ipu_clock
                0x0000000000000000       0x40 arch/arm/mach-imx/built-in.o
 .text.mx6_ecspi_fused
                0x0000000000000000       0x48 arch/arm/mach-imx/built-in.o
 .text.mx6_uart_fused
                0x0000000000000000       0x6c arch/arm/mach-imx/built-in.o
 .rodata.set_chipselect_size.str1.1
                0x0000000000000000       0x1e arch/arm/mach-imx/built-in.o
[...]
Memory Configuration

Name             Origin             Length             Attributes
*default*        0x0000000000000000 0xffffffffffffffff

Linker script and memory map

Address of section .text set to 0x87800000
                0x0000000000000000                . = 0x0
                0x0000000000000000                . = ALIGN (0x4)

.text           0x0000000087800000      0x3a8
 *(.__image_copy_start)
 .__image_copy_start
                0x0000000087800000        0x0 arch/arm/lib/built-in.o
                0x0000000087800000                __image_copy_start
 *(.vectors)
 .vectors       0x0000000087800000      0x2e8 arch/arm/lib/built-in.o
                0x0000000087800000                _start
                0x0000000087800020                _undefined_instruction
                0x0000000087800024                _software_interrupt
                0x0000000087800028                _prefetch_abort
                0x000000008780002c                _data_abort
                0x0000000087800030                _not_used
                0x0000000087800034                _irq
                0x0000000087800038                _fiq
                0x0000000087800040                IRQ_STACK_START_IN
 arch/arm/cpu/armv7/start.o(.text*)
 .text          0x00000000878002e8       0xc0 arch/arm/cpu/armv7/start.o
                0x00000000878002e8                reset
                0x00000000878002ec                save_boot_params_ret
                0x0000000087800328                c_runtime_cpu_setup
                0x0000000087800338                save_boot_params
                0x000000008780033c                cpu_init_cp15
                0x000000008780039c                cpu_init_crit

.glue_7         0x00000000878003a8        0x0
 .glue_7        0x00000000878003a8        0x0 linker stubs

.glue_7t        0x00000000878003a8        0x0
 .glue_7t       0x00000000878003a8        0x0 linker stubs

.vfp11_veneer   0x00000000878003a8        0x0
 .vfp11_veneer  0x00000000878003a8        0x0 linker stubs

.v4_bx          0x00000000878003a8        0x0
 .v4_bx         0x00000000878003a8        0x0 linker stubs

.iplt           0x00000000878003a8        0x0
 .iplt          0x00000000878003a8        0x0 arch/arm/cpu/armv7/start.o

.__efi_runtime_start
                0x00000000878003a8        0x0
 *(.__efi_runtime_start)
 .__efi_runtime_start
                0x00000000878003a8        0x0 arch/arm/lib/built-in.o

.efi_runtime    0x00000000878003a8      0x7b0
 *(.text.efi_runtime*)
 .text.efi_runtime
                0x00000000878003a8      0x190 lib/built-in.o
                0x00000000878003a8                efi_reset_system
                0x00000000878003aa                efi_get_time
                0x00000000878003b4                efi_set_time
                0x00000000878003d4                efi_update_capsule
                0x00000000878003dc                efi_query_capsule_caps
                0x0000000087800468                efi_update_table_header_crc32
                0x0000000087800494                efi_query_variable_info
                0x000000008780049c                crc32_no_comp
                0x000000008780052c                crc32
 .text.efi_runtime_detach
                0x0000000087800538       0x24 lib/built-in.o
                0x0000000087800538                efi_runtime_detach
 .text.efi_runtime_relocate
                0x000000008780055c       0xd8 lib/built-in.o
                0x000000008780055c                efi_runtime_relocate
 *(.rodata.efi_runtime*)
 .rodata.efi_runtime_relocate.str1.1
                0x0000000087800634       0x4e lib/built-in.o
 *(.data.efi_runtime*)
 *fill*         0x0000000087800682        0x6 
 .data.efi_runtime
                0x0000000087800688      0x4c8 lib/built-in.o
                0x0000000087800688                efi_events
                0x0000000087800690                systab
                0x0000000087800700                efi_runtime_services
 .data.efi_runtime_mmio
                0x0000000087800b50        0x8 lib/built-in.o
                0x0000000087800b50                efi_runtime_mmio

.__efi_runtime_stop
                0x0000000087800b58        0x0
 *(.__efi_runtime_stop)
 .__efi_runtime_stop
                0x0000000087800b58        0x0 arch/arm/lib/built-in.o

.text_rest      0x0000000087800b60    0x4362a
 *(.text*)
 .text          0x0000000087800b60      0x168 arch/arm/cpu/armv7/built-in.o
                0x0000000087800b60                __v7_flush_dcache_all
                0x0000000087800bfc                v7_flush_dcache_all
                0x0000000087800c0c                __v7_invalidate_dcache_all
                0x0000000087800ca8                v7_invalidate_dcache_all
                0x0000000087800cb8                allow_unaligned
 .text.invalidate_icache_all
                0x0000000087800cc8       0x14 arch/arm/cpu/armv7/built-in.o
                0x0000000087800cc8                invalidate_icache_all
 .text.v7_outer_cache_enable
                0x0000000087800cdc        0x2 arch/arm/cpu/armv7/built-in.o
                0x0000000087800cdc                v7_outer_cache_enable
 .text.v7_outer_cache_disable
                0x0000000087800cde        0x2 arch/arm/cpu/armv7/built-in.o
                0x0000000087800cde                v7_outer_cache_disable
 .text.v7_outer_cache_flush_all
                0x0000000087800ce0        0x2 arch/arm/cpu/armv7/built-in.o
                0x0000000087800ce0                v7_outer_cache_flush_all
 .text.flush_dcache_all
                0x0000000087800ce2        0xe arch/arm/cpu/armv7/built-in.o
                0x0000000087800ce2                flush_dcache_all
 .text.v7_outer_cache_inval_all
                0x0000000087800cf0        0x2 arch/arm/cpu/armv7/built-in.o
                0x0000000087800cf0                v7_outer_cache_inval_all
 .text.invalidate_dcache_all
                0x0000000087800cf2        0xe arch/arm/cpu/armv7/built-in.o
                0x0000000087800cf2                invalidate_dcache_all
 .text.arm_init_before_mmu
                0x0000000087800d00       0x22 arch/arm/cpu/armv7/built-in.o
                0x0000000087800d00                arm_init_before_mmu
 .text.v7_outer_cache_flush_range
                0x0000000087800d22        0x2 arch/arm/cpu/armv7/built-in.o
                0x0000000087800d22                v7_outer_cache_flush_range
 .text.flush_dcache_range
                0x0000000087800d24       0x38 arch/arm/cpu/armv7/built-in.o
                0x0000000087800d24                flush_dcache_range
 .text.mmu_page_table_flush
                0x0000000087800d5c       0x1e arch/arm/cpu/armv7/built-in.o
                0x0000000087800d5c                mmu_page_table_flush
 .text.v7_outer_cache_inval_range
                0x0000000087800d7a        0x2 arch/arm/cpu/armv7/built-in.o
                0x0000000087800d7a                v7_outer_cache_inval_range
 .text.invalidate_dcache_range
                0x0000000087800d7c       0x42 arch/arm/cpu/armv7/built-in.o
                0x0000000087800d7c                invalidate_dcache_range
 .text.cpu_cache_initialization
                0x0000000087800dbe        0x2 arch/arm/cpu/armv7/built-in.o
                0x0000000087800dbe                cpu_cache_initialization
 .text.cleanup_before_linux_select
                0x0000000087800dc0       0x3e arch/arm/cpu/armv7/built-in.o
                0x0000000087800dc0                cleanup_before_linux_select
 .text.cleanup_before_linux
                0x0000000087800dfe        0x6 arch/arm/cpu/armv7/built-in.o
                0x0000000087800dfe                cleanup_before_linux
 .text.lowlevel_init
                0x0000000087800e04       0x24 arch/arm/cpu/armv7/built-in.o
                0x0000000087800e04                lowlevel_init
 *fill*         0x0000000087800e28       0x18 
 .text          0x0000000087800e40      0x424 arch/arm/lib/built-in.o
                0x0000000087800e40                _main
                0x0000000087800ee0                memset
                0x0000000087800f80                memcpy
 .text.setjmp   0x0000000087801264       0x10 arch/arm/lib/built-in.o
                0x0000000087801264                setjmp
 .text.longjmp  0x0000000087801274       0x1c arch/arm/lib/built-in.o
                0x0000000087801274                longjmp
 .text.relocate_vectors
                0x0000000087801290       0x70 arch/arm/lib/built-in.o
                0x0000000087801290                relocate_vectors
                0x000000008780129c                relocate_code
 .text.arch_fixup_fdt
                0x0000000087801300       0x24 arch/arm/lib/built-in.o
                0x0000000087801300                arch_fixup_fdt
 .text.arch_lmb_reserve
                0x0000000087801324       0x34 arch/arm/lib/built-in.o
                0x0000000087801324                arch_lmb_reserve
 .text.board_quiesce_devices
                0x0000000087801358        0x2 arch/arm/lib/built-in.o
                0x0000000087801358                board_quiesce_devices
 *fill*         0x000000008780135a        0x2 
 .text.boot_jump_linux
                0x000000008780135c       0x90 arch/arm/lib/built-in.o
 .text.setup_board_tags
                0x00000000878013ec        0x2 arch/arm/lib/built-in.o
                0x00000000878013ec                setup_board_tags
 .text.board_prep_linux
                0x00000000878013ee        0x2 arch/arm/lib/built-in.o
                0x00000000878013ee                board_prep_linux
 .text.boot_prep_linux
                0x00000000878013f0      0x170 arch/arm/lib/built-in.o
 .text.do_bootm_linux
                0x0000000087801560       0x44 arch/arm/lib/built-in.o
                0x0000000087801560                do_bootm_linux
 .text.boot_prep_vxworks
                0x00000000878015a4       0x30 arch/arm/lib/built-in.o
                0x00000000878015a4                boot_prep_vxworks
 .text.boot_jump_vxworks
                0x00000000878015d4        0x6 arch/arm/lib/built-in.o
                0x00000000878015d4                boot_jump_vxworks
 *fill*         0x00000000878015da        0x2 
 .text.bootz_setup
                0x00000000878015dc       0x90 arch/arm/lib/built-in.o
                0x00000000878015dc                bootz_setup
 .text.arch_reserve_stacks
                0x000000008780166c       0x16 arch/arm/lib/built-in.o
                0x000000008780166c                arch_reserve_stacks
 .text.show_efi_loaded_images.isra.0
                0x0000000087801682        0x4 arch/arm/lib/built-in.o
 *fill*         0x0000000087801686        0x2 
 .text.interrupt_init
                0x0000000087801688       0x14 arch/arm/lib/built-in.o
                0x0000000087801688                interrupt_init
 .text.enable_interrupts
                0x000000008780169c        0x2 arch/arm/lib/built-in.o
                0x000000008780169c                enable_interrupts
 .text.disable_interrupts
                0x000000008780169e        0x4 arch/arm/lib/built-in.o
                0x000000008780169e                disable_interrupts
 *fill*         0x00000000878016a2        0x2 
 .text.bad_mode
                0x00000000878016a4        0xc arch/arm/lib/built-in.o
                0x00000000878016a4                bad_mode
 .text.show_regs
                0x00000000878016b0      0x184 arch/arm/lib/built-in.o
                0x00000000878016b0                show_regs
 .text.do_undefined_instruction
                0x0000000087801834       0x28 arch/arm/lib/built-in.o
                0x0000000087801834                do_undefined_instruction
 .text.do_software_interrupt
                0x000000008780185c       0x28 arch/arm/lib/built-in.o
                0x000000008780185c                do_software_interrupt
 .text.do_prefetch_abort
                0x0000000087801884       0x28 arch/arm/lib/built-in.o
                0x0000000087801884                do_prefetch_abort
 .text.do_data_abort
                0x00000000878018ac       0x28 arch/arm/lib/built-in.o
                0x00000000878018ac                do_data_abort
 .text.do_not_used
                0x00000000878018d4       0x28 arch/arm/lib/built-in.o
                0x00000000878018d4                do_not_used
 .text.do_fiq   0x00000000878018fc       0x28 arch/arm/lib/built-in.o
                0x00000000878018fc                do_fiq
 .text.do_irq   0x0000000087801924       0x28 arch/arm/lib/built-in.o
                0x0000000087801924                do_irq
 .text.do_reset
                0x000000008780194c       0x28 arch/arm/lib/built-in.o
                0x000000008780194c                do_reset
 .text.flush_cache
                0x0000000087801974        0x6 arch/arm/lib/built-in.o
                0x0000000087801974                flush_cache
 *fill*         0x000000008780197a        0x2 
 .text.check_cache_range
                0x000000008780197c       0x20 arch/arm/lib/built-in.o
                0x000000008780197c                check_cache_range
 .text.cache_disable
                0x000000008780199c       0x3c arch/arm/lib/built-in.o
 .text.arm_init_domains
                0x00000000878019d8        0x2 arch/arm/lib/built-in.o
                0x00000000878019d8                arm_init_domains
 .text.set_section_dcache
                0x00000000878019da       0x12 arch/arm/lib/built-in.o
                0x00000000878019da                set_section_dcache
 .text.mmu_set_region_dcache_behaviour
                0x00000000878019ec       0x3e arch/arm/lib/built-in.o
                0x00000000878019ec                mmu_set_region_dcache_behaviour
 .text.dram_bank_mmu_setup
                0x0000000087801a2a       0x28 arch/arm/lib/built-in.o
                0x0000000087801a2a                dram_bank_mmu_setup
 .text.icache_enable
                0x0000000087801a52       0x12 arch/arm/lib/built-in.o
                0x0000000087801a52                icache_enable
 .text.icache_disable
                0x0000000087801a64        0x8 arch/arm/lib/built-in.o
                0x0000000087801a64                icache_disable
 .text.icache_status
                0x0000000087801a6c        0xa arch/arm/lib/built-in.o
                0x0000000087801a6c                icache_status
 .text.dcache_enable
                0x0000000087801a76       0x6e arch/arm/lib/built-in.o
                0x0000000087801a76                dcache_enable
 .text.dcache_disable
                0x0000000087801ae4        0x6 arch/arm/lib/built-in.o
                0x0000000087801ae4                dcache_disable
 .text.dcache_status
                0x0000000087801aea        0xa arch/arm/lib/built-in.o
                0x0000000087801aea                dcache_status
 .text.imx_iomux_v3_setup_pad
                0x0000000087801af4       0xdc arch/arm/mach-imx/built-in.o
                0x0000000087801af4                imx_iomux_v3_setup_pad
 .text.imx_iomux_v3_setup_multiple_pads
                0x0000000087801bd0       0x1a arch/arm/mach-imx/built-in.o
                0x0000000087801bd0                imx_iomux_v3_setup_multiple_pads
 *fill*         0x0000000087801bea        0x2 
 .text.get_imx_reset_cause
                0x0000000087801bec       0x20 arch/arm/mach-imx/built-in.o
                0x0000000087801bec                get_imx_reset_cause
 .text.get_reset_cause
                0x0000000087801c0c       0x9c arch/arm/mach-imx/built-in.o
 .text.get_reboot_reason
                0x0000000087801ca8       0x28 arch/arm/mach-imx/built-in.o
                0x0000000087801ca8                get_reboot_reason
 .text.get_imx_type
                0x0000000087801cd0      0x284 arch/arm/mach-imx/built-in.o
                0x0000000087801cd0                get_imx_type
 .text.print_cpuinfo
                0x0000000087801f54       0xf8 arch/arm/mach-imx/built-in.o
                0x0000000087801f54                print_cpuinfo
 .text.get_ahb_clk
                0x000000008780204c       0x1c arch/arm/mach-imx/built-in.o
                0x000000008780204c                get_ahb_clk
 .text.arch_preboot_os
                0x0000000087802068        0x2 arch/arm/mach-imx/built-in.o
                0x0000000087802068                arch_preboot_os
 .text.get_clocks
                0x000000008780206a       0x12 arch/arm/mach-imx/built-in.o
                0x000000008780206a                get_clocks
 .text.imx_ddr_size
                0x000000008780207c       0x54 arch/arm/mach-imx/built-in.o
                0x000000008780207c                imx_ddr_size
 .text.mxs_wait_mask_set
                0x00000000878020d0       0x28 arch/arm/mach-imx/built-in.o
                0x00000000878020d0                mxs_wait_mask_set
 .text.mxs_wait_mask_clr
                0x00000000878020f8       0x26 arch/arm/mach-imx/built-in.o
                0x00000000878020f8                mxs_wait_mask_clr
 *fill*         0x000000008780211e        0x2 
 .text.mxs_reset_block
                0x0000000087802120       0x6c arch/arm/mach-imx/built-in.o
                0x0000000087802120                mxs_reset_block
 .text.board_lmb_reserve
                0x000000008780218c       0x2a arch/arm/mach-imx/built-in.o
                0x000000008780218c                board_lmb_reserve
 *fill*         0x00000000878021b6        0x2 
 .text.configure_tzc380
                0x00000000878021b8       0x20 arch/arm/mach-imx/built-in.o
                0x00000000878021b8                configure_tzc380
 .text.enable_caches
                0x00000000878021d8       0x50 arch/arm/mach-imx/built-in.o
                0x00000000878021d8                enable_caches
 .text.init_aips
                0x0000000087802228       0xd4 arch/arm/mach-imx/built-in.o
                0x0000000087802228                init_aips
 .text.imx_wdog_disable_powerdown
                0x00000000878022fc       0x98 arch/arm/mach-imx/built-in.o
                0x00000000878022fc                imx_wdog_disable_powerdown
 .text.init_src
                0x0000000087802394       0x18 arch/arm/mach-imx/built-in.o
                0x0000000087802394                init_src
 .text.boot_mode_apply
                0x00000000878023ac       0x28 arch/arm/mach-imx/built-in.o
                0x00000000878023ac                boot_mode_apply
 .text.imx_get_mac_from_fuse
                0x00000000878023d4       0xe6 arch/arm/mach-imx/built-in.o
                0x00000000878023d4                imx_get_mac_from_fuse
 *fill*         0x00000000878024ba        0x2 
 .text.timer_init
                0x00000000878024bc       0x3c arch/arm/mach-imx/built-in.o
                0x00000000878024bc                timer_init
 .text.get_ticks
                0x00000000878024f8       0x12 arch/arm/mach-imx/built-in.o
                0x00000000878024f8                get_ticks
 .text.get_timer
                0x000000008780250a       0x36 arch/arm/mach-imx/built-in.o
                0x000000008780250a                get_timer
 .text.__udelay
                0x0000000087802540       0x7c arch/arm/mach-imx/built-in.o
                0x0000000087802540                __udelay
 .text.get_tbclk
                0x00000000878025bc        0x6 arch/arm/mach-imx/built-in.o
                0x00000000878025bc                get_tbclk
 *fill*         0x00000000878025c2        0x2 
 .text.do_boot_mode
                0x00000000878025c4       0x8c arch/arm/mach-imx/built-in.o
 .text.create_usage
                0x0000000087802650       0x60 arch/arm/mach-imx/built-in.o
 .text.add_board_boot_modes
                0x00000000878026b0       0x3c arch/arm/mach-imx/built-in.o
                0x00000000878026b0                add_board_boot_modes
 .text.get_cpu_rev
                0x00000000878026ec       0x9c arch/arm/mach-imx/built-in.o
                0x00000000878026ec                get_cpu_rev
 .text.get_cpu_speed_grade_hz
                0x0000000087802788       0xf4 arch/arm/mach-imx/built-in.o
                0x0000000087802788                get_cpu_speed_grade_hz
 .text.get_cpu_temp_grade
                0x000000008780287c       0x48 arch/arm/mach-imx/built-in.o
                0x000000008780287c                get_cpu_temp_grade
 .text.get_board_rev
                0x00000000878028c4       0x26 arch/arm/mach-imx/built-in.o
                0x00000000878028c4                get_board_rev
 *fill*         0x00000000878028ea        0x2 
 .text.set_ldo_voltage
                0x00000000878028ec       0xa4 arch/arm/mach-imx/built-in.o
                0x00000000878028ec                set_ldo_voltage
 .text.is_usb_boot
                0x0000000087802990        0x8 arch/arm/mach-imx/built-in.o
                0x0000000087802990                is_usb_boot
 .text.mmc_get_boot_dev
                0x0000000087802998       0x28 arch/arm/mach-imx/built-in.o
 .text.arch_cpu_init
                0x00000000878029c0      0x370 arch/arm/mach-imx/built-in.o
                0x00000000878029c0                arch_cpu_init
 .text.board_mmc_get_env_dev
                0x0000000087802d30        0x2 arch/arm/mach-imx/built-in.o
                0x0000000087802d30                board_mmc_get_env_dev
 *fill*         0x0000000087802d32        0x2 
 .text.mmc_get_env_dev
                0x0000000087802d34       0x24 arch/arm/mach-imx/built-in.o
                0x0000000087802d34                mmc_get_env_dev
 .text.board_mmc_get_env_part
                0x0000000087802d58        0x4 arch/arm/mach-imx/built-in.o
                0x0000000087802d58                board_mmc_get_env_part
 .text.mmc_get_env_part
                0x0000000087802d5c       0x16 arch/arm/mach-imx/built-in.o
                0x0000000087802d5c                mmc_get_env_part
 .text.board_postclk_init
                0x0000000087802d72       0x1c arch/arm/mach-imx/built-in.o
                0x0000000087802d72                board_postclk_init
 *fill*         0x0000000087802d8e        0x2 
 .text.get_board_serial
                0x0000000087802d90       0x14 arch/arm/mach-imx/built-in.o
                0x0000000087802d90                get_board_serial
 .text.get_boot_device
                0x0000000087802da4       0x4c arch/arm/mach-imx/built-in.o
                0x0000000087802da4                get_boot_device
 .text.set_wdog_reset
                0x0000000087802df0       0x1a arch/arm/mach-imx/built-in.o
                0x0000000087802df0                set_wdog_reset
 .text.reset_misc
                0x0000000087802e0a        0x2 arch/arm/mach-imx/built-in.o
                0x0000000087802e0a                reset_misc
 .text.s_init   0x0000000087802e0c       0xc4 arch/arm/mach-imx/built-in.o
                0x0000000087802e0c                s_init
 .text.get_ipg_clk
                0x0000000087802ed0       0x1c arch/arm/mach-imx/built-in.o
 .text.get_ipg_per_clk
                0x0000000087802eec       0x88 arch/arm/mach-imx/built-in.o
 .text.enable_pll_video.constprop.0
                0x0000000087802f74       0xcc arch/arm/mach-imx/built-in.o
 .text.get_mcu_main_clk
                0x0000000087803040       0x2c arch/arm/mach-imx/built-in.o
 .text.mxc_get_pll_pfd
                0x000000008780306c       0x84 arch/arm/mach-imx/built-in.o
 .text.get_usdhc_clk
                0x00000000878030f0       0x98 arch/arm/mach-imx/built-in.o
 .text.get_uart_clk
                0x0000000087803188       0xac arch/arm/mach-imx/built-in.o
 .text.enable_ocotp_clk
                0x0000000087803234       0x1c arch/arm/mach-imx/built-in.o
                0x0000000087803234                enable_ocotp_clk
 .text.enable_usboh3_clk
                0x0000000087803250       0x20 arch/arm/mach-imx/built-in.o
                0x0000000087803250                enable_usboh3_clk
 .text.enable_enet_clk
                0x0000000087803270       0x54 arch/arm/mach-imx/built-in.o
                0x0000000087803270                enable_enet_clk
 .text.enable_i2c_clk
                0x00000000878032c4       0x94 arch/arm/mach-imx/built-in.o
                0x00000000878032c4                enable_i2c_clk
 .text.get_periph_clk
                0x0000000087803358       0x84 arch/arm/mach-imx/built-in.o
                0x0000000087803358                get_periph_clk
 .text.get_axi_clk
                0x00000000878033dc       0x34 arch/arm/mach-imx/built-in.o
 .text.get_emi_slow_clk
                0x0000000087803410       0x50 arch/arm/mach-imx/built-in.o
 .text.get_mmdc_ch0_clk
                0x0000000087803460      0x178 arch/arm/mach-imx/built-in.o
 .text.do_mx6_showclocks
                0x00000000878035d8      0x1b4 arch/arm/mach-imx/built-in.o
                0x00000000878035d8                do_mx6_showclocks
 .text.enable_lcdif_clock
                0x000000008780378c      0x21c arch/arm/mach-imx/built-in.o
                0x000000008780378c                enable_lcdif_clock
 .text.mxs_set_lcdclk
                0x00000000878039a8      0x2a8 arch/arm/mach-imx/built-in.o
                0x00000000878039a8                mxs_set_lcdclk
 .text.enable_qspi_clk
                0x0000000087803c50       0x78 arch/arm/mach-imx/built-in.o
                0x0000000087803c50                enable_qspi_clk
 .text.enable_fec_anatop_clock
                0x0000000087803cc8       0xb8 arch/arm/mach-imx/built-in.o
                0x0000000087803cc8                enable_fec_anatop_clock
 .text.imx_get_uartclk
                0x0000000087803d80        0x4 arch/arm/mach-imx/built-in.o
                0x0000000087803d80                imx_get_uartclk
 .text.imx_get_fecclk
                0x0000000087803d84        0x4 arch/arm/mach-imx/built-in.o
                0x0000000087803d84                imx_get_fecclk
 .text.enable_thermal_clk
                0x0000000087803d88       0x44 arch/arm/mach-imx/built-in.o
                0x0000000087803d88                enable_thermal_clk
 .text.mxc_get_clock
                0x0000000087803dcc      0x128 arch/arm/mach-imx/built-in.o
                0x0000000087803dcc                mxc_get_clock
 .text.check_module_fused
                0x0000000087803ef4       0x44 arch/arm/mach-imx/built-in.o
                0x0000000087803ef4                check_module_fused
 .text.ft_system_setup
                0x0000000087803f38       0xb0 arch/arm/mach-imx/built-in.o
                0x0000000087803f38                ft_system_setup
 .text.mx6_esdhc_fused
                0x0000000087803fe8       0x3c arch/arm/mach-imx/built-in.o
                0x0000000087803fe8                mx6_esdhc_fused
 .text.mx6_usb_fused
                0x0000000087804024       0x10 arch/arm/mach-imx/built-in.o
                0x0000000087804024                mx6_usb_fused
 .text.mx6_qspi_fused
                0x0000000087804034        0x4 arch/arm/mach-imx/built-in.o
                0x0000000087804034                mx6_qspi_fused
 .text.mx6_i2c_fused
                0x0000000087804038       0x3c arch/arm/mach-imx/built-in.o
                0x0000000087804038                mx6_i2c_fused
 .text.mx6_enet_fused
                0x0000000087804074       0x20 arch/arm/mach-imx/built-in.o
                0x0000000087804074                mx6_enet_fused
 .text.mmc_map_to_kernel_blk
                0x0000000087804094        0x2 board/freescale/common/built-in.o
                0x0000000087804094                mmc_map_to_kernel_blk
 *fill*         0x0000000087804096        0x2 
 .text.board_late_mmc_env_init
                0x0000000087804098       0x6c board/freescale/common/built-in.o
                0x0000000087804098                board_late_mmc_env_init
 .text.dram_init
                0x0000000087804104        0xe board/freescale/mx6ull_ygst/built-in.o
                0x0000000087804104                dram_init
 .text.board_phy_config
                0x0000000087804112       0x2e board/freescale/mx6ull_ygst/built-in.o
                0x0000000087804112                board_phy_config
 .text.board_early_init_f
                0x0000000087804140       0x14 board/freescale/mx6ull_ygst/built-in.o
                0x0000000087804140                board_early_init_f
 .text.board_init
                0x0000000087804154       0x64 board/freescale/mx6ull_ygst/built-in.o
                0x0000000087804154                board_init
 .text.board_late_init
                0x00000000878041b8      0x114 board/freescale/mx6ull_ygst/built-in.o
                0x00000000878041b8                board_late_init
 .text.checkboard
                0x00000000878042cc       0x10 board/freescale/mx6ull_ygst/built-in.o
                0x00000000878042cc                checkboard
 .text.do_go_exec
                0x00000000878042dc        0x8 cmd/built-in.o
                0x00000000878042dc                do_go_exec
 .text.do_go    0x00000000878042e4       0x4c cmd/built-in.o
 .text.do_bootm
                0x0000000087804330       0xa0 cmd/built-in.o
                0x0000000087804330                do_bootm
 .text.do_bootd
                0x00000000878043d0       0x18 cmd/built-in.o
                0x00000000878043d0                do_bootd
 .text.image_info
                0x00000000878043e8       0xa4 cmd/built-in.o
 .text.do_iminfo
                0x000000008780448c       0x40 cmd/built-in.o
 .text.bootm_maybe_autostart
                0x00000000878044cc       0x4c cmd/built-in.o
                0x00000000878044cc                bootm_maybe_autostart
 .text.do_help  0x0000000087804518       0x2c cmd/built-in.o
 .text.do_version
                0x0000000087804544       0x30 cmd/built-in.o
 .text.blk_common_cmd
                0x0000000087804574      0x200 cmd/built-in.o
                0x0000000087804574                blk_common_cmd
 .text.image_source_script
                0x0000000087804774       0x90 cmd/built-in.o
                0x0000000087804774                image_source_script
 .text.do_source
                0x0000000087804804       0x34 cmd/built-in.o
 .text.print_num
                0x0000000087804838       0x10 cmd/built-in.o
 .text.do_bdinfo
                0x0000000087804848       0xd4 cmd/built-in.o
 .text.do_blkcache
                0x000000008780491c       0x3c cmd/built-in.o
 .text.blkc_configure
                0x0000000087804958       0x40 cmd/built-in.o
 .text.blkc_show
                0x0000000087804998       0x28 cmd/built-in.o
 .text.do_bmp   0x00000000878049c0       0x38 cmd/built-in.o
 .text.do_bmp_info
                0x00000000878049f8       0xac cmd/built-in.o
 .text.bmp_display
                0x0000000087804aa4       0x58 cmd/built-in.o
                0x0000000087804aa4                bmp_display
 .text.do_bmp_display
                0x0000000087804afc       0x98 cmd/built-in.o
 .text.efi_reserve_memory
                0x0000000087804b94       0x50 cmd/built-in.o
 .text.do_bootefi_exec
                0x0000000087804be4      0x138 cmd/built-in.o
 .text.efi_install_fdt
                0x0000000087804d1c      0x228 cmd/built-in.o
                0x0000000087804d1c                efi_install_fdt
 .text.efi_run_image
                0x0000000087804f44       0x98 cmd/built-in.o
                0x0000000087804f44                efi_run_image
 .text.do_bootefi
                0x0000000087804fdc       0xb0 cmd/built-in.o
 .text.efi_set_bootdev
                0x000000008780508c       0x64 cmd/built-in.o
                0x000000008780508c                efi_set_bootdev
 .text.do_bootz
                0x00000000878050f0       0x9c cmd/built-in.o
                0x00000000878050f0                do_bootz
 .text.parse_argv
                0x000000008780518c       0x3c cmd/built-in.o
 .text.do_icache
                0x00000000878051c8       0x5c cmd/built-in.o
 .text.do_dcache
                0x0000000087805224       0x5c cmd/built-in.o
 .text.do_coninfo
                0x0000000087805280       0x94 cmd/built-in.o
 .text.do_dm_dump_devres
                0x0000000087805314        0x4 cmd/built-in.o
 .text.do_dm    0x0000000087805318       0x44 cmd/built-in.o
 .text.do_dm_dump_drivers
                0x000000008780535c        0xa cmd/built-in.o
 .text.do_dm_dump_uclass
                0x0000000087805366        0xa cmd/built-in.o
 .text.do_dm_dump_all
                0x0000000087805370        0xa cmd/built-in.o
 *fill*         0x000000008780537a        0x2 
 .text.do_echo  0x000000008780537c       0x80 cmd/built-in.o
 .text.load_elf_image_phdr
                0x00000000878053fc       0xc4 cmd/built-in.o
 .text.valid_elf_image
                0x00000000878054c0       0x30 cmd/built-in.o
                0x00000000878054c0                valid_elf_image
 .text.do_bootelf
                0x00000000878054f0      0x198 cmd/built-in.o
                0x00000000878054f0                do_bootelf
 .text.do_bootvx
                0x0000000087805688      0x230 cmd/built-in.o
                0x0000000087805688                do_bootvx
 .text.do_exit  0x00000000878058b8       0x20 cmd/built-in.o
 .text.do_ext4_size
                0x00000000878058d8        0xe cmd/built-in.o
                0x00000000878058d8                do_ext4_size
 .text.do_ext4_load
                0x00000000878058e6        0xe cmd/built-in.o
                0x00000000878058e6                do_ext4_load
 .text.do_ext4_ls
                0x00000000878058f4        0xe cmd/built-in.o
                0x00000000878058f4                do_ext4_ls
 .text.do_ext4_write
                0x0000000087805902        0xe cmd/built-in.o
                0x0000000087805902                do_ext4_write
 .text.do_ext2load
                0x0000000087805910        0xe cmd/built-in.o
                0x0000000087805910                do_ext2load
 .text.do_ext2ls
                0x000000008780591e        0xe cmd/built-in.o
 .text.do_fat_size
                0x000000008780592c        0xe cmd/built-in.o
                0x000000008780592c                do_fat_size
 .text.do_fat_fsload
                0x000000008780593a        0xe cmd/built-in.o
                0x000000008780593a                do_fat_fsload
 .text.do_fat_ls
                0x0000000087805948        0xe cmd/built-in.o
 *fill*         0x0000000087805956        0x2 
 .text.do_fat_fsinfo
                0x0000000087805958       0x54 cmd/built-in.o
 .text.do_fat_fswrite
                0x00000000878059ac       0xd4 cmd/built-in.o
 .text.do_fat_rm
                0x0000000087805a80        0xe cmd/built-in.o
 .text.do_fat_mkdir
                0x0000000087805a8e        0xe cmd/built-in.o
 .text.fdt_valid
                0x0000000087805a9c       0x74 cmd/built-in.o
 .text.is_printable_string
                0x0000000087805b10       0x4c cmd/built-in.o
 .text.print_data.part.0
                0x0000000087805b5c       0xfc cmd/built-in.o
 .text.set_working_fdt_addr
                0x0000000087805c58       0x14 cmd/built-in.o
                0x0000000087805c58                set_working_fdt_addr
 .text.do_fdt   0x0000000087805c6c      0xa40 cmd/built-in.o
 .text.do_flinfo
                0x00000000878066ac        0x4 cmd/built-in.o
 .text.do_protect
                0x00000000878066b0        0xc cmd/built-in.o
 .text.do_flerase
                0x00000000878066bc        0x4 cmd/built-in.o
 .text.do_size_wrapper
                0x00000000878066c0        0xe cmd/built-in.o
 .text.do_load_wrapper
                0x00000000878066ce        0xe cmd/built-in.o
 .text.do_save_wrapper
                0x00000000878066dc        0xe cmd/built-in.o
 .text.do_ls_wrapper
                0x00000000878066ea        0xe cmd/built-in.o
 .text.do_ln_wrapper
                0x00000000878066f8        0xe cmd/built-in.o
 .text.do_fstype_wrapper
                0x0000000087806706        0x4 cmd/built-in.o
 .text.strtou32
                0x000000008780670a       0x2c cmd/built-in.o
 *fill*         0x0000000087806736        0x2 
 .text.do_fuse  0x0000000087806738      0x238 cmd/built-in.o
 .text.gpio_get_description
                0x0000000087806970       0x84 cmd/built-in.o
 .text.do_gpio  0x00000000878069f4      0x24c cmd/built-in.o
 .text.do_i2c   0x0000000087806c40       0x3c cmd/built-in.o
 .text.i2c_get_cur_bus
                0x0000000087806c7c       0x24 cmd/built-in.o
 .text.do_i2c_bus_speed
                0x0000000087806ca0       0x64 cmd/built-in.o
 .text.do_i2c_reset
                0x0000000087806d04       0x24 cmd/built-in.o
 .text.i2c_get_cur_bus_chip
                0x0000000087806d28       0x1e cmd/built-in.o
 *fill*         0x0000000087806d46        0x2 
 .text.do_i2c_probe
                0x0000000087806d48       0x74 cmd/built-in.o
 .text.do_i2c_bus_num
                0x0000000087806dbc       0x70 cmd/built-in.o
 .text.show_bus
                0x0000000087806e2c       0x64 cmd/built-in.o
 .text.do_i2c_olen
                0x0000000087806e90       0x74 cmd/built-in.o
 .text.do_i2c_flags
                0x0000000087806f04       0x78 cmd/built-in.o
 .text.do_i2c_show_bus
                0x0000000087806f7c       0x6c cmd/built-in.o
 .text.get_alen.constprop.0
                0x0000000087806fe8       0x1e cmd/built-in.o
 *fill*         0x0000000087807006        0x2 
 .text.mod_i2c_mem.part.0
                0x0000000087807008      0x158 cmd/built-in.o
 .text.do_i2c_nm
                0x0000000087807160       0x12 cmd/built-in.o
 .text.do_i2c_mm
                0x0000000087807172       0x12 cmd/built-in.o
 .text.do_i2c_md
                0x0000000087807184      0x164 cmd/built-in.o
 .text.do_i2c_read
                0x00000000878072e8       0x90 cmd/built-in.o
 .text.do_i2c_mw
                0x0000000087807378       0xbc cmd/built-in.o
 .text.do_i2c_write
                0x0000000087807434      0x108 cmd/built-in.o
 .text.do_i2c_crc
                0x000000008780753c       0xe0 cmd/built-in.o
 .text.do_i2c_loop
                0x000000008780761c       0xc0 cmd/built-in.o
 .text.evalexp  0x00000000878076dc       0x4c cmd/built-in.o
 .text.evalstr  0x0000000087807728       0x3c cmd/built-in.o
 .text.binary_test
                0x0000000087807764       0xf4 cmd/built-in.o
 .text.do_itest
                0x0000000087807858       0x4c cmd/built-in.o
 .text.bin_data_init
                0x00000000878078a4       0x1c cmd/built-in.o
 .text.k_data_save
                0x00000000878078c0       0x34 cmd/built-in.o
 .text.k_data_restore
                0x00000000878078f4       0x34 cmd/built-in.o
 .text.getcxmodem
                0x0000000087807928       0x16 cmd/built-in.o
 *fill*         0x000000008780793e        0x2 
 .text.bin_data_char
                0x0000000087807940       0x1c cmd/built-in.o
 .text.chk1.constprop.0
                0x000000008780795c       0x20 cmd/built-in.o
 .text.s1_sendpacket.constprop.0
                0x000000008780797c       0x34 cmd/built-in.o
 .text.load_serial
                0x00000000878079b0      0x124 cmd/built-in.o
 .text.do_load_serial
                0x0000000087807ad4       0x8c cmd/built-in.o
 .text.load_serial_ymodem.isra.0
                0x0000000087807b60       0x8c cmd/built-in.o
 .text.do_load_serial_bin
                0x0000000087807bec      0x518 cmd/built-in.o
 .text.do_mem_md
                0x0000000087808104       0xa0 cmd/built-in.o
 .text.do_mem_base
                0x00000000878081a4       0x28 cmd/built-in.o
 .text.do_mem_crc
                0x00000000878081cc       0x2c cmd/built-in.o
 .text.do_mem_mtest
                0x00000000878081f8      0x160 cmd/built-in.o
 .text.do_mem_mw
                0x0000000087808358       0x78 cmd/built-in.o
 .text.do_mem_loop
                0x00000000878083d0       0x82 cmd/built-in.o
 *fill*         0x0000000087808452        0x2 
 .text.do_mem_cmp
                0x0000000087808454       0xe8 cmd/built-in.o
 .text.mod_mem.part.0
                0x000000008780853c       0xec cmd/built-in.o
 .text.do_mem_mm
                0x0000000087808628       0x12 cmd/built-in.o
 .text.do_mem_nm
                0x000000008780863a       0x12 cmd/built-in.o
 .text.do_mem_cp
                0x000000008780864c       0x70 cmd/built-in.o
 .text.do_random
                0x00000000878086bc       0xa0 cmd/built-in.o
 .text.do_sleep
                0x000000008780875c       0x88 cmd/built-in.o
 .text.do_mmcops
                0x00000000878087e4       0x84 cmd/built-in.o
 .text.do_mmc_setdsr
                0x0000000087808868       0x70 cmd/built-in.o
 .text.init_mmc_device
                0x00000000878088d8       0x48 cmd/built-in.o
 .text.do_mmc_rst_func
                0x0000000087808920       0x5c cmd/built-in.o
 .text.do_mmc_rescan
                0x000000008780897c       0x18 cmd/built-in.o
 .text.do_mmc_partconf
                0x0000000087808994       0xa4 cmd/built-in.o
 .text.do_mmc_bootbus
                0x0000000087808a38       0x70 cmd/built-in.o
 .text.do_mmc_hwpartition
                0x0000000087808aa8      0x3a0 cmd/built-in.o
 .text.do_mmc_list
                0x0000000087808e48        0xc cmd/built-in.o
 .text.do_mmc_dev
                0x0000000087808e54       0xc4 cmd/built-in.o
 .text.do_mmcinfo
                0x0000000087808f18      0x2c0 cmd/built-in.o
 .text.do_mmc_boot_resize
                0x00000000878091d8       0x80 cmd/built-in.o
 .text.do_mmc_part
                0x0000000087809258       0x38 cmd/built-in.o
 .text.do_mmc_erase
                0x0000000087809290       0x9c cmd/built-in.o
 .text.do_mmc_write
                0x000000008780932c       0xb0 cmd/built-in.o
 .text.do_mmc_read
                0x00000000878093dc       0x9c cmd/built-in.o
 .text.mtd_arg_off
                0x0000000087809478       0x50 cmd/built-in.o
                0x0000000087809478                mtd_arg_off
 .text.mtd_arg_off_size
                0x00000000878094c8       0xc0 cmd/built-in.o
                0x00000000878094c8                mtd_arg_off_size
 .text.netboot_common
                0x0000000087809588      0x1d4 cmd/built-in.o
 .text.do_bootp
                0x000000008780975c        0x8 cmd/built-in.o
 .text.do_dhcp  0x0000000087809764        0x8 cmd/built-in.o
 .text.do_nfs   0x000000008780976c        0x8 cmd/built-in.o
 .text.do_tftpb
                0x0000000087809774       0x26 cmd/built-in.o
                0x0000000087809774                do_tftpb
 *fill*         0x000000008780979a        0x2 
 .text.do_ping  0x000000008780979c       0x48 cmd/built-in.o
 .text.do_pinmux
                0x00000000878097e4       0x40 cmd/built-in.o
 .text.do_list  0x0000000087809824       0x68 cmd/built-in.o
 .text.show_pinmux
                0x000000008780988c       0x90 cmd/built-in.o
 .text.do_status
                0x000000008780991c       0x9c cmd/built-in.o
 .text.do_dev   0x00000000878099b8       0x54 cmd/built-in.o
 .text.do_raw_read
                0x0000000087809a0c       0xd4 cmd/built-in.o
                0x0000000087809a0c                do_raw_read
 .text.bytes_per_second
                0x0000000087809ae0       0x34 cmd/built-in.o
 .text.do_spi_flash
                0x0000000087809b14      0x5a0 cmd/built-in.o
 .text.substitute
                0x000000008780a0b4       0x98 cmd/built-in.o
 .text.get_arg  0x000000008780a14c       0x34 cmd/built-in.o
 .text.regex_sub.part.0
                0x000000008780a180      0x20c cmd/built-in.o
 .text.do_setexpr
                0x000000008780a38c       0xf0 cmd/built-in.o
 .text.do_false
                0x000000008780a47c        0x4 cmd/built-in.o
 .text.do_true  0x000000008780a480        0x4 cmd/built-in.o
 .text.do_test  0x000000008780a484      0x200 cmd/built-in.o
 .text.usb_get_class_desc
                0x000000008780a684       0x74 cmd/built-in.o
 .text.usb_display_class_sub
                0x000000008780a6f8       0xf8 cmd/built-in.o
 .text.usb_display_desc
                0x000000008780a7f0       0xf8 cmd/built-in.o
 .text.usb_show_tree_graph
                0x000000008780a8e8      0x178 cmd/built-in.o
 .text.usb_show_subtree
                0x000000008780aa60       0x1c cmd/built-in.o
 .text.usb_for_each_root_dev
                0x000000008780aa7c       0x3c cmd/built-in.o
 .text.usb_display_string
                0x000000008780aab8       0x2c cmd/built-in.o
 .text.usb_display_config
                0x000000008780aae4      0x1ac cmd/built-in.o
 .text.usb_show_info
                0x000000008780ac90       0x4a cmd/built-in.o
 .text.usb_find_device
                0x000000008780acda       0x64 cmd/built-in.o
 *fill*         0x000000008780ad3e        0x2 
 .text.do_usbboot
                0x000000008780ad40        0xc cmd/built-in.o
 .text.do_usb_start
                0x000000008780ad4c       0x20 cmd/built-in.o
 .text.usb_show_tree
                0x000000008780ad6c        0xc cmd/built-in.o
                0x000000008780ad6c                usb_show_tree
 .text.do_usb   0x000000008780ad78      0x294 cmd/built-in.o
 .text.common_diskboot
                0x000000008780b00c      0x174 cmd/built-in.o
                0x000000008780b00c                common_diskboot
 .text.do_fastboot
                0x000000008780b180      0x148 cmd/built-in.o
 .text.do_imgextract
                0x000000008780b2c8      0x1b4 cmd/built-in.o
 .text.del_gpt_info
                0x000000008780b47c       0x28 cmd/built-in.o
 .text.extract_val
                0x000000008780b4a4       0x58 cmd/built-in.o
 .text.calc_parts_list_len
                0x000000008780b4fc       0x54 cmd/built-in.o
 .text.extract_env
                0x000000008780b550       0xa0 cmd/built-in.o
 .text.get_gpt_info
                0x000000008780b5f0       0xc4 cmd/built-in.o
 .text.create_gpt_partitions_list.constprop.0
                0x000000008780b6b4       0xd0 cmd/built-in.o
 .text.set_gpt_info
                0x000000008780b784      0x2e8 cmd/built-in.o
 .text.print_gpt_info
                0x000000008780ba6c       0xb4 cmd/built-in.o
 .text.do_gpt   0x000000008780bb20      0x470 cmd/built-in.o
 .text.do_env_delete
                0x000000008780bf90       0x6c cmd/built-in.o
 .text.do_env_save
                0x000000008780bffc        0xe cmd/built-in.o
 *fill*         0x000000008780c00a        0x2 
 .text.do_env   0x000000008780c00c       0x3c cmd/built-in.o
 .text.env_print
                0x000000008780c048       0x78 cmd/built-in.o
 .text.do_env_print
                0x000000008780c0c0       0x78 cmd/built-in.o
 .text.do_env_import
                0x000000008780c138      0x1a0 cmd/built-in.o
 .text.do_env_default
                0x000000008780c2d8       0x5c cmd/built-in.o
 .text.do_env_exists
                0x000000008780c334       0x40 cmd/built-in.o
 .text._do_env_set.constprop.0
                0x000000008780c374      0x11c cmd/built-in.o
 .text.do_env_set
                0x000000008780c490       0x14 cmd/built-in.o
 .text.env_get_id
                0x000000008780c4a4        0xc cmd/built-in.o
                0x000000008780c4a4                env_get_id
 .text.env_set  0x000000008780c4b0       0x3c cmd/built-in.o
                0x000000008780c4b0                env_set
 .text.env_set_ulong
                0x000000008780c4ec       0x16 cmd/built-in.o
                0x000000008780c4ec                env_set_ulong
 *fill*         0x000000008780c502        0x2 
 .text.env_set_hex
                0x000000008780c504       0x20 cmd/built-in.o
                0x000000008780c504                env_set_hex
 .text.do_env_export
                0x000000008780c524      0x15c cmd/built-in.o
 .text.env_match
                0x000000008780c680       0x48 cmd/built-in.o
                0x000000008780c680                env_match
 .text.env_get_f
                0x000000008780c6c8       0x84 cmd/built-in.o
                0x000000008780c6c8                env_get_f
 .text.env_get  0x000000008780c74c       0x50 cmd/built-in.o
                0x000000008780c74c                env_get
 .text.env_get_hex
                0x000000008780c79c       0x20 cmd/built-in.o
                0x000000008780c79c                env_get_hex
 .text.eth_env_get_enetaddr
                0x000000008780c7bc       0x34 cmd/built-in.o
                0x000000008780c7bc                eth_env_get_enetaddr
 .text.eth_env_set_enetaddr
                0x000000008780c7f0       0x30 cmd/built-in.o
                0x000000008780c7f0                eth_env_set_enetaddr
 .text.env_get_ulong
                0x000000008780c820       0x1c cmd/built-in.o
                0x000000008780c820                env_get_ulong
 .text.do_env_edit.part.0
                0x000000008780c83c       0x70 cmd/built-in.o
 .text.do_env_edit
                0x000000008780c8ac       0x1c cmd/built-in.o
 .text.board_init_f_alloc_reserve
                0x000000008780c8c8        0xc common/built-in.o
                0x000000008780c8c8                board_init_f_alloc_reserve
 .text.board_init_f_init_reserve
                0x000000008780c8d4       0x14 common/built-in.o
                0x000000008780c8d4                board_init_f_init_reserve
 .text.show_boot_progress
                0x000000008780c8e8        0x4 common/built-in.o
                0x000000008780c8e8                show_boot_progress
 .text.main_loop
                0x000000008780c8ec       0x34 common/built-in.o
                0x000000008780c8ec                main_loop
 .text.mdelay   0x000000008780c920        0xa common/built-in.o
 .text.dummy    0x000000008780c92a        0x2 common/built-in.o
 .text.get_version
                0x000000008780c92c        0x4 common/built-in.o
                0x000000008780c92c                get_version
 .text.jumptable_init
                0x000000008780c930      0x160 common/built-in.o
                0x000000008780c930                jumptable_init
 .text.hash_command
                0x000000008780ca90       0x70 common/built-in.o
                0x000000008780ca90                hash_command
 .text.b_reset  0x000000008780cb00        0xe common/built-in.o
 .text.static_get
                0x000000008780cb0e       0x12 common/built-in.o
 .text.static_peek
                0x000000008780cb20        0x6 common/built-in.o
 *fill*         0x000000008780cb26        0x2 
 .text.mapset   0x000000008780cb28       0x14 common/built-in.o
 .text.syntax_err
                0x000000008780cb3c        0xc common/built-in.o
 .text.xmalloc  0x000000008780cb48       0x18 common/built-in.o
 .text.new_pipe
                0x000000008780cb60       0x16 common/built-in.o
 *fill*         0x000000008780cb76        0x2 
 .text.xrealloc
                0x000000008780cb78       0x18 common/built-in.o
 .text.is_assignment
                0x000000008780cb90       0x30 common/built-in.o
 .text.do_showvar
                0x000000008780cbc0       0xa0 common/built-in.o
 .text.b_addchr
                0x000000008780cc60       0x42 common/built-in.o
 .text.done_command.isra.0
                0x000000008780cca2       0x40 common/built-in.o
 .text.done_pipe.isra.0
                0x000000008780cce2       0x2c common/built-in.o
 *fill*         0x000000008780cd0e        0x2 
 .text.done_word
                0x000000008780cd10      0x1c0 common/built-in.o
 .text.free_pipe_list.isra.0
                0x000000008780ced0       0x7c common/built-in.o
 .text.file_get
                0x000000008780cf4c      0x138 common/built-in.o
 .text.b_addqchr.isra.0
                0x000000008780d084       0x30 common/built-in.o
 .text.file_peek
                0x000000008780d0b4        0x6 common/built-in.o
 *fill*         0x000000008780d0ba        0x2 
 .text.get_local_var
                0x000000008780d0bc       0x58 common/built-in.o
                0x000000008780d0bc                get_local_var
 .text.set_local_var
                0x000000008780d114      0x108 common/built-in.o
                0x000000008780d114                set_local_var
 .text.insert_var_value_sub
                0x000000008780d21c      0x1bc common/built-in.o
 .text.parse_string_outer
                0x000000008780d3d8       0x90 common/built-in.o
                0x000000008780d3d8                parse_string_outer
 .text.run_list_real
                0x000000008780d468      0x4d4 common/built-in.o
 .text.parse_stream_outer
                0x000000008780d93c      0x420 common/built-in.o
 .text.parse_file_outer
                0x000000008780dd5c       0x2c common/built-in.o
                0x000000008780dd5c                parse_file_outer
 .text.u_boot_hush_start
                0x000000008780dd88       0x30 common/built-in.o
                0x000000008780dd88                u_boot_hush_start
 .text.bootdelay_process
                0x000000008780ddb8      0x110 common/built-in.o
                0x000000008780ddb8                bootdelay_process
 .text.autoboot_command
                0x000000008780dec8       0xa4 common/built-in.o
                0x000000008780dec8                autoboot_command
 .text.log_init
                0x000000008780df6c        0x8 common/built-in.o
 .text.display_text_info
                0x000000008780df74        0x4 common/built-in.o
 .text.setup_mon_len
                0x000000008780df78       0x18 common/built-in.o
 .text.reserve_round_4k
                0x000000008780df90       0x14 common/built-in.o
 .text.reserve_mmu
                0x000000008780dfa4       0x2e common/built-in.o
                0x000000008780dfa4                reserve_mmu
 .text.reserve_uboot
                0x000000008780dfd2       0x30 common/built-in.o
 .text.reserve_malloc
                0x000000008780e002       0x14 common/built-in.o
 .text.reserve_global_data
                0x000000008780e016       0x16 common/built-in.o
 .text.reserve_fdt
                0x000000008780e02c       0x3a common/built-in.o
 .text.dram_init_banksize
                0x000000008780e066       0x1a common/built-in.o
                0x000000008780e066                dram_init_banksize
 .text.setup_reloc
                0x000000008780e080       0x26 common/built-in.o
 .text.reloc_fdt
                0x000000008780e0a6       0x2c common/built-in.o
 .text.reserve_board
                0x000000008780e0d2       0x28 common/built-in.o
 .text.reserve_video
                0x000000008780e0fa       0x1c common/built-in.o
 *fill*         0x000000008780e116        0x2 
 .text.announce_dram_init
                0x000000008780e118       0x10 common/built-in.o
 .text.init_baud_rate
                0x000000008780e128       0x1c common/built-in.o
 .text.initf_dm
                0x000000008780e144        0x6 common/built-in.o
 .text.initf_bootstage
                0x000000008780e14a        0xc common/built-in.o
 .text.clear_bss
                0x000000008780e156        0x4 common/built-in.o
                0x000000008780e156                clear_bss
 .text.setup_spl_handoff
                0x000000008780e15a        0x4 common/built-in.o
 .text.mach_cpu_init
                0x000000008780e15e        0x4 common/built-in.o
                0x000000008780e15e                mach_cpu_init
 .text.reserve_trace
                0x000000008780e162        0x4 common/built-in.o
 .text.setup_machine
                0x000000008780e166        0x4 common/built-in.o
 .text.reserve_bootstage
                0x000000008780e16a        0x4 common/built-in.o
 .text.reserve_bloblist
                0x000000008780e16e        0x4 common/built-in.o
 .text.display_new_sp
                0x000000008780e172        0x4 common/built-in.o
 .text.reloc_bootstage
                0x000000008780e176        0x4 common/built-in.o
 .text.reloc_bloblist
                0x000000008780e17a        0x4 common/built-in.o
 .text.initf_console_record
                0x000000008780e17e        0x4 common/built-in.o
 .text.reserve_arch
                0x000000008780e182        0x4 common/built-in.o
                0x000000008780e182                reserve_arch
 .text.arch_cpu_init_dm
                0x000000008780e186        0x4 common/built-in.o
                0x000000008780e186                arch_cpu_init_dm
 .text.checkcpu
                0x000000008780e18a        0x4 common/built-in.o
                0x000000008780e18a                checkcpu
 .text.coloured_LED_init
                0x000000008780e18e        0x2 common/built-in.o
                0x000000008780e18e                coloured_LED_init
 .text.red_led_on
                0x000000008780e190        0x2 common/built-in.o
                0x000000008780e190                red_led_on
 .text.board_add_ram_info
                0x000000008780e192        0x2 common/built-in.o
                0x000000008780e192                board_add_ram_info
 .text.show_dram_config
                0x000000008780e194       0x28 common/built-in.o
 .text.board_get_usable_ram_top
                0x000000008780e1bc       0x10 common/built-in.o
                0x000000008780e1bc                board_get_usable_ram_top
 .text.setup_dest_addr
                0x000000008780e1cc       0x30 common/built-in.o
 .text.reserve_stacks
                0x000000008780e1fc       0x1a common/built-in.o
 *fill*         0x000000008780e216        0x2 
 .text.board_init_f
                0x000000008780e218       0x48 common/built-in.o
                0x000000008780e218                board_init_f
 .text.initr_trace
                0x000000008780e260        0x4 common/built-in.o
 .text.initr_reloc
                0x000000008780e264       0x14 common/built-in.o
 .text.run_main_loop
                0x000000008780e278        0x8 common/built-in.o
 .text.initr_check_fastboot
                0x000000008780e280        0xa common/built-in.o
 *fill*         0x000000008780e28a        0x2 
 .text.initr_net
                0x000000008780e28c       0x14 common/built-in.o
 .text.initr_fastboot_setup
                0x000000008780e2a0        0xa common/built-in.o
 *fill*         0x000000008780e2aa        0x2 
 .text.initr_ethaddr
                0x000000008780e2ac       0x18 common/built-in.o
 .text.initr_enable_interrupts
                0x000000008780e2c4        0xa common/built-in.o
 .text.initr_jumptable
                0x000000008780e2ce        0xa common/built-in.o
 .text.initr_env
                0x000000008780e2d8       0x48 common/built-in.o
 .text.initr_mmc
                0x000000008780e320       0x18 common/built-in.o
 .text.initr_serial
                0x000000008780e338        0xa common/built-in.o
 .text.initr_dm
                0x000000008780e342       0x12 common/built-in.o
 .text.initr_bootstage
                0x000000008780e354        0xc common/built-in.o
 .text.initr_malloc
                0x000000008780e360       0x1c common/built-in.o
 .text.initr_reloc_global_data
                0x000000008780e37c       0x38 common/built-in.o
 .text.initr_caches
                0x000000008780e3b4        0xa common/built-in.o
 .text.initr_binman
                0x000000008780e3be        0x4 common/built-in.o
 .text.initr_barrier
                0x000000008780e3c2        0x4 common/built-in.o
 .text.initr_console_record
                0x000000008780e3c6        0x4 common/built-in.o
 .text.initr_dm_devices
                0x000000008780e3ca        0x4 common/built-in.o
 .text.power_init_board
                0x000000008780e3ce        0x4 common/built-in.o
                0x000000008780e3ce                power_init_board
 .text.initr_announce
                0x000000008780e3d2        0x4 common/built-in.o
 .text.cpu_secondary_init_r
                0x000000008780e3d6        0x2 common/built-in.o
                0x000000008780e3d6                cpu_secondary_init_r
 .text.initr_secondary_cpu
                0x000000008780e3d8        0xa common/built-in.o
 *fill*         0x000000008780e3e2        0x2 
 .text.board_init_r
                0x000000008780e3e4       0x48 common/built-in.o
                0x000000008780e3e4                board_init_r
 .text.show_board_info
                0x000000008780e42c       0x2c common/built-in.o
                0x000000008780e42c                show_board_info
 .text.bootm_find_images
                0x000000008780e458       0x6c common/built-in.o
                0x000000008780e458                bootm_find_images
 .text.bootm_disable_interrupts
                0x000000008780e4c4       0x10 common/built-in.o
                0x000000008780e4c4                bootm_disable_interrupts
 .text.do_bootm_states
                0x000000008780e4d4      0x57c common/built-in.o
                0x000000008780e4d4                do_bootm_states
 .text.switch_to_non_secure_mode
                0x000000008780ea50        0x2 common/built-in.o
                0x000000008780ea50                switch_to_non_secure_mode
 *fill*         0x000000008780ea52        0x2 
 .text.do_bootm_vxworks
                0x000000008780ea54      0x150 common/built-in.o
                0x000000008780ea54                do_bootm_vxworks
 .text.copy_args
                0x000000008780eba4       0x32 common/built-in.o
 *fill*         0x000000008780ebd6        0x2 
 .text.do_bootm_plan9
                0x000000008780ebd8       0x68 common/built-in.o
 .text.do_bootm_netbsd
                0x000000008780ec40       0xa8 common/built-in.o
 .text.do_bootm_qnxelf
                0x000000008780ece8       0x4c common/built-in.o
 .text.do_bootm_standalone
                0x000000008780ed34       0x3c common/built-in.o
 .text.do_bootm_rtems
                0x000000008780ed70       0x2c common/built-in.o
 .text.board_preboot_os
                0x000000008780ed9c        0x2 common/built-in.o
                0x000000008780ed9c                board_preboot_os
 .text.boot_selected_os
                0x000000008780ed9e       0x3e common/built-in.o
                0x000000008780ed9e                boot_selected_os
 .text.bootm_os_get_boot_func
                0x000000008780eddc        0xc common/built-in.o
                0x000000008780eddc                bootm_os_get_boot_func
 .text.of_bus_default_map
                0x000000008780ede8       0x70 common/built-in.o
 .text.fdt_pack_reg
                0x000000008780ee58       0x84 common/built-in.o
 .text.of_bus_default_translate
                0x000000008780eedc       0x66 common/built-in.o
 *fill*         0x000000008780ef42        0x2 
 .text.fdt_support_default_count_cells
                0x000000008780ef44       0x34 common/built-in.o
                0x000000008780ef44                fdt_support_default_count_cells
 .text.__of_translate_address
                0x000000008780ef78      0x174 common/built-in.o
 .text.fdt_find_and_setprop
                0x000000008780f0ec       0x46 common/built-in.o
                0x000000008780f0ec                fdt_find_and_setprop
 *fill*         0x000000008780f132        0x2 
 .text.fdt_find_or_add_subnode
                0x000000008780f134       0x40 common/built-in.o
                0x000000008780f134                fdt_find_or_add_subnode
 .text.fdt_root
                0x000000008780f174       0x60 common/built-in.o
                0x000000008780f174                fdt_root
 .text.fdt_initrd
                0x000000008780f1d4      0x12c common/built-in.o
                0x000000008780f1d4                fdt_initrd
 .text.fdt_chosen
                0x000000008780f300       0x6c common/built-in.o
                0x000000008780f300                fdt_chosen
 .text.do_fixup_by_path
                0x000000008780f36c       0x34 common/built-in.o
                0x000000008780f36c                do_fixup_by_path
 .text.fdt_fixup_memory_banks
                0x000000008780f3a0       0xec common/built-in.o
                0x000000008780f3a0                fdt_fixup_memory_banks
 .text.fdt_fixup_memory
                0x000000008780f48c       0x16 common/built-in.o
                0x000000008780f48c                fdt_fixup_memory
 *fill*         0x000000008780f4a2        0x2 
 .text.fdt_fixup_ethernet
                0x000000008780f4a4      0x108 common/built-in.o
                0x000000008780f4a4                fdt_fixup_ethernet
 .text.fdt_shrink_to_minimum
                0x000000008780f5ac       0x84 common/built-in.o
                0x000000008780f5ac                fdt_shrink_to_minimum
 .text.fdt_increase_size
                0x000000008780f630       0x10 common/built-in.o
                0x000000008780f630                fdt_increase_size
 .text.fdt_translate_address
                0x000000008780f640        0xc common/built-in.o
                0x000000008780f640                fdt_translate_address
 .text.miiphy_get_dev_by_name
                0x000000008780f64c       0x34 common/built-in.o
                0x000000008780f64c                miiphy_get_dev_by_name
 .text.miiphy_init
                0x000000008780f680       0x18 common/built-in.o
                0x000000008780f680                miiphy_init
 .text.mdio_alloc
                0x000000008780f698       0x1c common/built-in.o
                0x000000008780f698                mdio_alloc
 .text.mdio_free
                0x000000008780f6b4        0x4 common/built-in.o
                0x000000008780f6b4                mdio_free
 .text.mdio_register
                0x000000008780f6b8       0x4c common/built-in.o
                0x000000008780f6b8                mdio_register
 .text.mdio_unregister
                0x000000008780f704       0x24 common/built-in.o
                0x000000008780f704                mdio_unregister
 .text.usb_set_maxpacket_ep
                0x000000008780f728       0x52 common/built-in.o
 .text.usb_int_msg
                0x000000008780f77a        0xe common/built-in.o
                0x000000008780f77a                usb_int_msg
 .text.usb_control_msg
                0x000000008780f788       0x6c common/built-in.o
                0x000000008780f788                usb_control_msg
 .text.usb_get_descriptor
                0x000000008780f7f4       0x36 common/built-in.o
 *fill*         0x000000008780f82a        0x2 
 .text.get_descriptor_len
                0x000000008780f82c       0x60 common/built-in.o
 .text.usb_setup_descriptor
                0x000000008780f88c       0x84 common/built-in.o
 .text.usb_get_string
                0x000000008780f910       0x50 common/built-in.o
 .text.usb_string_sub
                0x000000008780f960       0x90 common/built-in.o
 .text.usb_bulk_msg
                0x000000008780f9f0       0x4a common/built-in.o
                0x000000008780f9f0                usb_bulk_msg
 .text.usb_maxpacket
                0x000000008780fa3a       0x14 common/built-in.o
                0x000000008780fa3a                usb_maxpacket
 .text.usb_clear_halt
                0x000000008780fa4e       0x60 common/built-in.o
                0x000000008780fa4e                usb_clear_halt
 *fill*         0x000000008780faae        0x2 
 .text.usb_get_configuration_len
                0x000000008780fab0       0x50 common/built-in.o
                0x000000008780fab0                usb_get_configuration_len
 .text.usb_get_configuration_no
                0x000000008780fb00       0x1c common/built-in.o
                0x000000008780fb00                usb_get_configuration_no
 .text.usb_set_interface
                0x000000008780fb1c       0x74 common/built-in.o
                0x000000008780fb1c                usb_set_interface
 .text.usb_string
                0x000000008780fb90       0x9e common/built-in.o
                0x000000008780fb90                usb_string
 *fill*         0x000000008780fc2e        0x2 
 .text.usb_select_config
                0x000000008780fc30      0x314 common/built-in.o
                0x000000008780fc30                usb_select_config
 .text.usb_setup_device
                0x000000008780ff44       0xa4 common/built-in.o
                0x000000008780ff44                usb_setup_device
 .text.board_usb_init
                0x000000008780ffe8        0x4 common/built-in.o
                0x000000008780ffe8                board_usb_init
 .text.board_usb_cleanup
                0x000000008780ffec        0x4 common/built-in.o
                0x000000008780ffec                board_usb_cleanup
 .text.usb_device_has_child_on_port
                0x000000008780fff0        0x4 common/built-in.o
                0x000000008780fff0                usb_device_has_child_on_port
 .text.usb_find_usb2_hub_address_port
                0x000000008780fff4       0x4c common/built-in.o
                0x000000008780fff4                usb_find_usb2_hub_address_port
 .text.usb_set_port_feature
                0x0000000087810040       0x2e common/built-in.o
 .text.usb_get_hub_descriptor
                0x000000008781006e       0x3e common/built-in.o
 .text.usb_clear_port_feature.isra.0
                0x00000000878100ac       0x2e common/built-in.o
 .text.usb_hub_reset_devices
                0x00000000878100da        0x2 common/built-in.o
                0x00000000878100da                usb_hub_reset_devices
 .text.usb_hub_is_root_hub
                0x00000000878100dc       0x10 common/built-in.o
                0x00000000878100dc                usb_hub_is_root_hub
 .text.usb_get_port_status
                0x00000000878100ec       0x70 common/built-in.o
                0x00000000878100ec                usb_get_port_status
 .text.usb_hub_port_connect_change
                0x000000008781015c       0xf8 common/built-in.o
                0x000000008781015c                usb_hub_port_connect_change
 .text.usb_hub_configure
                0x0000000087810254      0x3e4 common/built-in.o
 .text.usb_hub_scan
                0x0000000087810638        0xe common/built-in.o
                0x0000000087810638                usb_hub_scan
 .text.usb_hub_post_probe
                0x0000000087810646        0x4 common/built-in.o
 .text.usb_stor_irq
                0x000000008781064a       0x10 common/built-in.o
 *fill*         0x000000008781065a        0x2 
 .text.usb_stor_BBB_reset
                0x000000008781065c       0x94 common/built-in.o
 .text.usb_stor_CB_reset
                0x00000000878106f0       0x8c common/built-in.o
 .text.usb_stor_CB_comdat
                0x000000008781077c      0x154 common/built-in.o
 .text.usb_stor_CBI_get_status
                0x00000000878108d0       0x84 common/built-in.o
 .text.usb_stor_CB_transport
                0x0000000087810954      0x15c common/built-in.o
 .text.usb_request_sense.constprop.0.isra.0
                0x0000000087810ab0       0x48 common/built-in.o
 .text.usb_stor_write
                0x0000000087810af8       0xfc common/built-in.o
 .text.usb_stor_read
                0x0000000087810bf4       0xfc common/built-in.o
 .text.usb_stor_BBB_clear_endpt_stall.isra.0
                0x0000000087810cf0       0x2c common/built-in.o
 .text.usb_stor_BBB_transport
                0x0000000087810d1c      0x1b8 common/built-in.o
 .text.usb_stor_info
                0x0000000087810ed4       0x48 common/built-in.o
                0x0000000087810ed4                usb_stor_info
 .text.usb_stor_reset
                0x0000000087810f1c        0xc common/built-in.o
                0x0000000087810f1c                usb_stor_reset
 .text.usb_stor_scan
                0x0000000087810f28       0x30 common/built-in.o
                0x0000000087810f28                usb_stor_scan
 .text.usb_storage_probe
                0x0000000087810f58      0x178 common/built-in.o
                0x0000000087810f58                usb_storage_probe
 .text.usb_stor_get_info
                0x00000000878110d0      0x220 common/built-in.o
                0x00000000878110d0                usb_stor_get_info
 .text.usb_mass_storage_probe
                0x00000000878112f0      0x100 common/built-in.o
 .text.iomux_doenv
                0x00000000878113f0      0x138 common/built-in.o
                0x00000000878113f0                iomux_doenv
 .text.splash_screen_prepare
                0x0000000087811528       0x40 common/built-in.o
                0x0000000087811528                splash_screen_prepare
 .text.splash_get_pos
                0x0000000087811568       0x54 common/built-in.o
                0x0000000087811568                splash_get_pos
 .text.splash_display_banner
                0x00000000878115bc       0x3a common/built-in.o
                0x00000000878115bc                splash_display_banner
 *fill*         0x00000000878115f6        0x2 
 .text.splash_display
                0x00000000878115f8       0x54 common/built-in.o
                0x00000000878115f8                splash_display
 .text.cread_add_char
                0x000000008781164c       0x80 common/built-in.o
 .text.delete_char
                0x00000000878116cc       0x88 common/built-in.o
 .text.cli_readline_into_buffer
                0x0000000087811754      0x650 common/built-in.o
                0x0000000087811754                cli_readline_into_buffer
 .text.cli_readline
                0x0000000087811da4       0x10 common/built-in.o
                0x0000000087811da4                cli_readline
 .text.console_tstc
                0x0000000087811db4       0x60 common/built-in.o
 .text.console_putc
                0x0000000087811e14       0x38 common/built-in.o
 .text.console_puts
                0x0000000087811e4c       0x38 common/built-in.o
 .text.on_console
                0x0000000087811e84       0x70 common/built-in.o
 .text.serial_printf
                0x0000000087811ef4       0x32 common/built-in.o
                0x0000000087811ef4                serial_printf
 .text.puts     0x0000000087811f26       0x22 common/built-in.o
                0x0000000087811f26                puts
 .text.putc     0x0000000087811f48       0x22 common/built-in.o
                0x0000000087811f48                putc
 .text.tstc     0x0000000087811f6a       0x1a common/built-in.o
                0x0000000087811f6a                tstc
 .text.fgetc.part.0
                0x0000000087811f84       0x24 common/built-in.o
 .text.getc     0x0000000087811fa8       0x1a common/built-in.o
                0x0000000087811fa8                getc
 .text.fputs    0x0000000087811fc2        0xa common/built-in.o
                0x0000000087811fc2                fputs
 .text.ctrlc    0x0000000087811fcc       0x34 common/built-in.o
                0x0000000087811fcc                ctrlc
 .text.confirm_yesno
                0x0000000087812000       0x84 common/built-in.o
                0x0000000087812000                confirm_yesno
 .text.disable_ctrlc
                0x0000000087812084       0x10 common/built-in.o
                0x0000000087812084                disable_ctrlc
 .text.had_ctrlc
                0x0000000087812094        0xc common/built-in.o
                0x0000000087812094                had_ctrlc
 .text.clear_ctrlc
                0x00000000878120a0        0xc common/built-in.o
                0x00000000878120a0                clear_ctrlc
 .text.search_device
                0x00000000878120ac       0x16 common/built-in.o
                0x00000000878120ac                search_device
 *fill*         0x00000000878120c2        0x2 
 .text.console_assign
                0x00000000878120c4       0x84 common/built-in.o
                0x00000000878120c4                console_assign
 .text.console_init_f
                0x0000000087812148        0xa common/built-in.o
                0x0000000087812148                console_init_f
 *fill*         0x0000000087812152        0x2 
 .text.stdio_print_current_devices
                0x0000000087812154       0x78 common/built-in.o
                0x0000000087812154                stdio_print_current_devices
 .text.console_init_r
                0x00000000878121cc      0x10c common/built-in.o
                0x00000000878121cc                console_init_r
 .text.sbrk     0x00000000878122d8       0x40 common/built-in.o
                0x00000000878122d8                sbrk
 .text.mem_malloc_init
                0x0000000087812318       0x28 common/built-in.o
                0x0000000087812318                mem_malloc_init
 .text.malloc_trim
                0x0000000087812340       0x84 common/built-in.o
                0x0000000087812340                malloc_trim
 .text.free     0x00000000878123c4      0x168 common/built-in.o
                0x00000000878123c4                free
 .text.malloc   0x000000008781252c      0x420 common/built-in.o
                0x000000008781252c                malloc
 .text.calloc   0x000000008781294c       0x9c common/built-in.o
                0x000000008781294c                calloc
 .text.realloc  0x00000000878129e8      0x2d4 common/built-in.o
                0x00000000878129e8                realloc
 .text.memalign
                0x0000000087812cbc      0x116 common/built-in.o
                0x0000000087812cbc                memalign
 .text.initf_malloc
                0x0000000087812dd2       0x14 common/built-in.o
                0x0000000087812dd2                initf_malloc
 .text.alloc_simple
                0x0000000087812de6       0x3a common/built-in.o
 .text.malloc_simple
                0x0000000087812e20        0x6 common/built-in.o
                0x0000000087812e20                malloc_simple
 .text.memalign_simple
                0x0000000087812e26        0xa common/built-in.o
                0x0000000087812e26                memalign_simple
 .text.on_loadaddr
                0x0000000087812e30       0x1c common/built-in.o
 .text.image_check_hcrc
                0x0000000087812e4c       0x2a common/built-in.o
                0x0000000087812e4c                image_check_hcrc
 .text.image_check_dcrc
                0x0000000087812e76       0x22 common/built-in.o
                0x0000000087812e76                image_check_dcrc
 .text.image_multi_count
                0x0000000087812e98       0x12 common/built-in.o
                0x0000000087812e98                image_multi_count
 .text.image_multi_getimg
                0x0000000087812eaa       0x4a common/built-in.o
                0x0000000087812eaa                image_multi_getimg
 .text.env_get_bootm_low
                0x0000000087812ef4       0x20 common/built-in.o
                0x0000000087812ef4                env_get_bootm_low
 .text.env_get_bootm_size
                0x0000000087812f14       0x44 common/built-in.o
                0x0000000087812f14                env_get_bootm_size
 .text.env_get_bootm_mapsize
                0x0000000087812f58       0x20 common/built-in.o
                0x0000000087812f58                env_get_bootm_mapsize
 .text.memmove_wd
                0x0000000087812f78        0xa common/built-in.o
                0x0000000087812f78                memmove_wd
 *fill*         0x0000000087812f82        0x2 
 .text.genimg_print_size
                0x0000000087812f84       0x24 common/built-in.o
                0x0000000087812f84                genimg_print_size
 .text.get_table_entry
                0x0000000087812fa8       0x12 common/built-in.o
                0x0000000087812fa8                get_table_entry
 .text.get_table_entry_name
                0x0000000087812fba       0x12 common/built-in.o
                0x0000000087812fba                get_table_entry_name
 .text.genimg_get_os_name
                0x0000000087812fcc       0x14 common/built-in.o
                0x0000000087812fcc                genimg_get_os_name
 .text.genimg_get_arch_name
                0x0000000087812fe0       0x14 common/built-in.o
                0x0000000087812fe0                genimg_get_arch_name
 .text.genimg_get_type_name
                0x0000000087812ff4       0x14 common/built-in.o
                0x0000000087812ff4                genimg_get_type_name
 .text.image_decomp
                0x0000000087813008       0x98 common/built-in.o
                0x0000000087813008                image_decomp
 .text.genimg_get_comp_name
                0x00000000878130a0       0x14 common/built-in.o
                0x00000000878130a0                genimg_get_comp_name
 .text.image_print_contents
                0x00000000878130b4      0x118 common/built-in.o
                0x00000000878130b4                image_print_contents
 .text.genimg_get_kernel_addr_fit
                0x00000000878131cc       0x14 common/built-in.o
                0x00000000878131cc                genimg_get_kernel_addr_fit
 .text.genimg_get_format
                0x00000000878131e0       0x30 common/built-in.o
                0x00000000878131e0                genimg_get_format
 .text.genimg_has_config
                0x0000000087813210        0x4 common/built-in.o
                0x0000000087813210                genimg_has_config
 .text.boot_get_ramdisk
                0x0000000087813214      0x1e4 common/built-in.o
                0x0000000087813214                boot_get_ramdisk
 .text.boot_ramdisk_high
                0x00000000878133f8       0xbc common/built-in.o
                0x00000000878133f8                boot_ramdisk_high
 .text.boot_get_setup
                0x00000000878134b4        0x6 common/built-in.o
                0x00000000878134b4                boot_get_setup
 .text.image_setup_linux
                0x00000000878134ba       0x36 common/built-in.o
                0x00000000878134ba                image_setup_linux
 .text.append_kernel_cmdline
                0x00000000878134f0      0x274 common/built-in.o
 .text.android_image_get_kernel
                0x0000000087813764      0x18c common/built-in.o
                0x0000000087813764                android_image_get_kernel
 .text.android_image_check_header
                0x00000000878138f0       0x10 common/built-in.o
                0x00000000878138f0                android_image_check_header
 .text.android_image_get_end
                0x0000000087813900       0xe8 common/built-in.o
                0x0000000087813900                android_image_get_end
 .text.android_image_get_kload
                0x00000000878139e8       0x40 common/built-in.o
                0x00000000878139e8                android_image_get_kload
 .text.android_image_get_kcomp
                0x0000000087813a28       0x40 common/built-in.o
                0x0000000087813a28                android_image_get_kcomp
 .text.android_image_get_ramdisk
                0x0000000087813a68       0xc4 common/built-in.o
                0x0000000087813a68                android_image_get_ramdisk
 .text.android_image_get_second
                0x0000000087813b2c       0xe8 common/built-in.o
                0x0000000087813b2c                android_image_get_second
 .text.android_print_contents
                0x0000000087813c14      0x310 common/built-in.o
                0x0000000087813c14                android_print_contents
 .text.fdt_error
                0x0000000087813f24       0x24 common/built-in.o
 .text.boot_fdt_add_mem_rsv_regions
                0x0000000087813f48       0xfc common/built-in.o
                0x0000000087813f48                boot_fdt_add_mem_rsv_regions
 .text.boot_relocate_fdt
                0x0000000087814044      0x10c common/built-in.o
                0x0000000087814044                boot_relocate_fdt
 .text.boot_get_fdt
                0x0000000087814150      0x204 common/built-in.o
                0x0000000087814150                boot_get_fdt
 .text.ft_verify_fdt
                0x0000000087814354        0x4 common/built-in.o
                0x0000000087814354                ft_verify_fdt
 .text.image_setup_libfdt
                0x0000000087814358       0xd0 common/built-in.o
                0x0000000087814358                image_setup_libfdt
 .text.get_effective_memsize
                0x0000000087814428        0x6 common/built-in.o
                0x0000000087814428                get_effective_memsize
 .text.nulldev_putc
                0x000000008781442e        0x2 common/built-in.o
 .text.nulldev_puts
                0x0000000087814430        0x2 common/built-in.o
 .text.nulldev_input
                0x0000000087814432        0x4 common/built-in.o
 .text.stdio_serial_tstc
                0x0000000087814436        0x4 common/built-in.o
 .text.stdio_serial_getc
                0x000000008781443a        0x4 common/built-in.o
 .text.stdio_serial_puts
                0x000000008781443e        0x6 common/built-in.o
 .text.stdio_serial_putc
                0x0000000087814444        0x6 common/built-in.o
 *fill*         0x000000008781444a        0x2 
 .text.stdio_get_list
                0x000000008781444c        0x8 common/built-in.o
                0x000000008781444c                stdio_get_list
 .text.stdio_get_by_name
                0x0000000087814454       0xa0 common/built-in.o
                0x0000000087814454                stdio_get_by_name
 .text.stdio_clone
                0x00000000878144f4       0x22 common/built-in.o
                0x00000000878144f4                stdio_clone
 *fill*         0x0000000087814516        0x2 
 .text.stdio_register_dev
                0x0000000087814518       0x34 common/built-in.o
                0x0000000087814518                stdio_register_dev
 .text.stdio_register
                0x000000008781454c        0x6 common/built-in.o
                0x000000008781454c                stdio_register
 *fill*         0x0000000087814552        0x2 
 .text.stdio_deregister_dev
                0x0000000087814554       0xa0 common/built-in.o
                0x0000000087814554                stdio_deregister_dev
 .text.stdio_deregister
                0x00000000878145f4       0x1a common/built-in.o
                0x00000000878145f4                stdio_deregister
 *fill*         0x000000008781460e        0x2 
 .text.stdio_init_tables
                0x0000000087814610       0x14 common/built-in.o
                0x0000000087814610                stdio_init_tables
 .text.stdio_add_devices
                0x0000000087814624       0x90 common/built-in.o
                0x0000000087814624                stdio_add_devices
 .text.run_command
                0x00000000878146b4        0xe common/built-in.o
                0x00000000878146b4                run_command
 .text.run_command_list
                0x00000000878146c2       0x46 common/built-in.o
                0x00000000878146c2                run_command_list
 .text.do_run   0x0000000087814708       0x4c common/built-in.o
                0x0000000087814708                do_run
 .text.cli_process_fdt
                0x0000000087814754       0x30 common/built-in.o
                0x0000000087814754                cli_process_fdt
 .text.cli_secure_boot_cmd
                0x0000000087814784       0x4c common/built-in.o
                0x0000000087814784                cli_secure_boot_cmd
 .text.cli_loop
                0x00000000878147d0        0xe common/built-in.o
                0x00000000878147d0                cli_loop
 .text.cli_init
                0x00000000878147de        0x4 common/built-in.o
                0x00000000878147de                cli_init
 .text.find_cmd_tbl
                0x00000000878147e2       0x64 common/built-in.o
                0x00000000878147e2                find_cmd_tbl
 *fill*         0x0000000087814846        0x2 
 .text.find_cmd
                0x0000000087814848       0x1c common/built-in.o
                0x0000000087814848                find_cmd
 .text.cmd_usage
                0x0000000087814864       0x3c common/built-in.o
                0x0000000087814864                cmd_usage
 .text._do_help
                0x00000000878148a0      0x104 common/built-in.o
                0x00000000878148a0                _do_help
 .text.var_complete
                0x00000000878149a4       0x50 common/built-in.o
                0x00000000878149a4                var_complete
 .text.complete_subcmdv
                0x00000000878149f4      0x104 common/built-in.o
                0x00000000878149f4                complete_subcmdv
 .text.cmd_auto_complete
                0x0000000087814af8      0x280 common/built-in.o
                0x0000000087814af8                cmd_auto_complete
 .text.cmd_get_data_size
                0x0000000087814d78       0x34 common/built-in.o
                0x0000000087814d78                cmd_get_data_size
 .text.cmd_always_repeatable
                0x0000000087814dac       0x10 common/built-in.o
                0x0000000087814dac                cmd_always_repeatable
 .text.cmd_never_repeatable
                0x0000000087814dbc       0x10 common/built-in.o
                0x0000000087814dbc                cmd_never_repeatable
 .text.cmd_process
                0x0000000087814dcc       0xdc common/built-in.o
                0x0000000087814dcc                cmd_process
 .text.cmd_process_error
                0x0000000087814ea8       0x1c common/built-in.o
                0x0000000087814ea8                cmd_process_error
 .text.hex1_bin
                0x0000000087814ec4       0x2c common/built-in.o
 .text.hex2_bin
                0x0000000087814ef0       0x24 common/built-in.o
 .text.srec_decode
                0x0000000087814f14      0x190 common/built-in.o
                0x0000000087814f14                srec_decode
 .text.CYGACC_COMM_IF_GETC_TIMEOUT.constprop.0
                0x00000000878150a4       0x2e common/built-in.o
 .text.xyzModem_flush
                0x00000000878150d2       0x14 common/built-in.o
 *fill*         0x00000000878150e6        0x2 
 .text.xyzModem_get_hdr
                0x00000000878150e8      0x168 common/built-in.o
 .text.xyzModem_stream_open
                0x0000000087815250      0x16c common/built-in.o
                0x0000000087815250                xyzModem_stream_open
 .text.xyzModem_stream_read
                0x00000000878153bc      0x194 common/built-in.o
                0x00000000878153bc                xyzModem_stream_read
 .text.xyzModem_stream_close
                0x0000000087815550       0x40 common/built-in.o
                0x0000000087815550                xyzModem_stream_close
 .text.xyzModem_stream_terminate
                0x0000000087815590       0x68 common/built-in.o
                0x0000000087815590                xyzModem_stream_terminate
 .text.xyzModem_error
                0x00000000878155f8       0x18 common/built-in.o
                0x00000000878155f8                xyzModem_error
 .text.part_driver_lookup_type
                0x0000000087815610       0x44 disk/built-in.o
 .text.blk_get_dev
                0x0000000087815654       0x18 disk/built-in.o
                0x0000000087815654                blk_get_dev
 .text.dev_print
                0x000000008781566c      0x178 disk/built-in.o
                0x000000008781566c                dev_print
 .text.part_init
                0x00000000878157e4       0x38 disk/built-in.o
                0x00000000878157e4                part_init
 .text.part_print
                0x000000008781581c       0xb8 disk/built-in.o
                0x000000008781581c                part_print
 .text.part_get_info
                0x00000000878158d4       0x36 disk/built-in.o
                0x00000000878158d4                part_get_info
 *fill*         0x000000008781590a        0x2 
 .text.part_get_info_whole_disk
                0x000000008781590c       0x38 disk/built-in.o
                0x000000008781590c                part_get_info_whole_disk
 .text.blk_get_device_by_str
                0x0000000087815944       0xbc disk/built-in.o
                0x0000000087815944                blk_get_device_by_str
 .text.blk_get_device_part_str
                0x0000000087815a00      0x238 disk/built-in.o
                0x0000000087815a00                blk_get_device_part_str
 .text.part_set_generic_name
                0x0000000087815c38       0x38 disk/built-in.o
                0x0000000087815c38                part_set_generic_name
 .text.test_block_type
                0x0000000087815c70       0x78 disk/built-in.o
 .text.print_partition_extended
                0x0000000087815ce8      0x1a4 disk/built-in.o
 .text.part_print_dos
                0x0000000087815e8c       0x20 disk/built-in.o
                0x0000000087815e8c                part_print_dos
 .text.part_test_dos
                0x0000000087815eac       0x58 disk/built-in.o
 .text.part_get_info_extended
                0x0000000087815f04      0x1d8 disk/built-in.o
 .text.part_get_info_dos
                0x00000000878160dc       0x1a disk/built-in.o
                0x00000000878160dc                part_get_info_dos
 *fill*         0x00000000878160f6        0x2 
 .text.print_efiname
                0x00000000878160f8       0x3c disk/built-in.o
 .text.part_test_efi
                0x0000000087816134       0x78 disk/built-in.o
 *fill*         0x00000000878161ac        0x4 
 .text.validate_gpt_header
                0x00000000878161b0      0x1a8 disk/built-in.o
 .text.is_gpt_valid
                0x0000000087816358      0x268 disk/built-in.o
 .text.is_pte_valid
                0x00000000878165c0       0x38 disk/built-in.o
 .text.find_valid_gpt.constprop.0
                0x00000000878165f8       0x48 disk/built-in.o
 .text.part_get_info_efi
                0x0000000087816640      0x134 disk/built-in.o
                0x0000000087816640                part_get_info_efi
 .text.part_print_efi
                0x0000000087816774      0x1b0 disk/built-in.o
                0x0000000087816774                part_print_efi
 .text.get_disk_guid
                0x0000000087816924       0x62 disk/built-in.o
                0x0000000087816924                get_disk_guid
 *fill*         0x0000000087816986        0x2 
 .text.write_gpt_table
                0x0000000087816988      0x374 disk/built-in.o
                0x0000000087816988                write_gpt_table
 .text.gpt_fill_pte
                0x0000000087816cfc      0x25c disk/built-in.o
                0x0000000087816cfc                gpt_fill_pte
 .text.gpt_fill_header
                0x0000000087816f58      0x19c disk/built-in.o
                0x0000000087816f58                gpt_fill_header
 .text.gpt_restore
                0x00000000878170f4       0xc8 disk/built-in.o
                0x00000000878170f4                gpt_restore
 .text.gpt_verify_headers
                0x00000000878171bc       0x58 disk/built-in.o
                0x00000000878171bc                gpt_verify_headers
 .text.gpt_verify_partitions
                0x0000000087817214      0x16c disk/built-in.o
                0x0000000087817214                gpt_verify_partitions
 .text.is_valid_gpt_buf
                0x0000000087817380       0xa4 disk/built-in.o
                0x0000000087817380                is_valid_gpt_buf
 .text.write_backup_gpt_partitions
                0x0000000087817424      0x244 disk/built-in.o
                0x0000000087817424                write_backup_gpt_partitions
 .text.alloc_priv
                0x0000000087817668       0x38 drivers/built-in.o
 .text.device_bind_common.constprop.0
                0x00000000878176a0      0x20c drivers/built-in.o
 .text.device_bind_with_driver_data
                0x00000000878178ac       0x16 drivers/built-in.o
                0x00000000878178ac                device_bind_with_driver_data
 .text.device_bind
                0x00000000878178c2       0x1c drivers/built-in.o
                0x00000000878178c2                device_bind
 .text.device_bind_by_name
                0x00000000878178de       0x44 drivers/built-in.o