arch/arm/mach-imx/mx6/clock.c:377:12:get_ipg_clk	8	static
arch/arm/mach-imx/mx6/clock.c:388:12:get_ipg_per_clk	8	static
arch/arm/mach-imx/mx6/clock.c:558:12:enable_pll_video.constprop	16	static
arch/arm/mach-imx/mx6/clock.c:315:12:get_mcu_main_clk	8	static
arch/arm/mach-imx/mx6/clock.c:286:12:mxc_get_pll_pfd	24	static
arch/arm/mach-imx/mx6/clock.c:1059:12:get_usdhc_clk	16	static
arch/arm/mach-imx/mx6/clock.c:404:12:get_uart_clk	16	static
arch/arm/mach-imx/mx6/clock.c:28:6:enable_ocotp_clk	0	static
arch/arm/mach-imx/mx6/clock.c:88:6:enable_usboh3_clk	0	static
arch/arm/mach-imx/mx6/clock.c:102:6:enable_enet_clk	16	static
arch/arm/mach-imx/mx6/clock.c:125:6:enable_uart_clk	8	static
arch/arm/mach-imx/mx6/clock.c:142:5:enable_usdhc_clk	0	static
arch/arm/mach-imx/mx6/clock.c:161:5:enable_i2c_clk	16	static
arch/arm/mach-imx/mx6/clock.c:201:5:enable_spi_clk	0	static
arch/arm/mach-imx/mx6/clock.c:327:5:get_periph_clk	8	static
arch/arm/mach-imx/mx6/clock.c:439:12:get_axi_clk	8	static
arch/arm/mach-imx/mx6/clock.c:458:12:get_emi_slow_clk	8	static
arch/arm/mach-imx/mx6/clock.c:486:12:get_mmdc_ch0_clk	24	static
arch/arm/mach-imx/mx6/clock.c:1403:5:do_mx6_showclocks	16	static
arch/arm/mach-imx/mx6/clock.c:776:5:enable_lcdif_clock	16	static
arch/arm/mach-imx/mx6/clock.c:624:6:mxs_set_lcdclk	32	static
arch/arm/mach-imx/mx6/clock.c:860:5:enable_lvds_bridge	16	static
arch/arm/mach-imx/mx6/clock.c:922:6:enable_qspi_clk	0	static
arch/arm/mach-imx/mx6/clock.c:983:5:enable_fec_anatop_clock	16	static
arch/arm/mach-imx/mx6/clock.c:1112:5:imx_get_uartclk	0	static
arch/arm/mach-imx/mx6/clock.c:1117:5:imx_get_fecclk	0	static
arch/arm/mach-imx/mx6/clock.c:1312:6:enable_thermal_clk	0	static
arch/arm/mach-imx/mx6/clock.c:1331:14:mxc_get_clock	16	static
arch/arm/mach-imx/mx6/clock.c:1374:6:enable_ipu_clock	8	static
arch/arm/mach-imx/mx6/clock.c:1386:6:disable_ipu_clock	8	static
