arch/arm/mach-imx/mx6/soc.c:64:5:get_nr_cpus	0	static
arch/arm/mach-imx/mx6/soc.c:70:5:get_cpu_rev	0	static
arch/arm/mach-imx/mx6/soc.c:136:5:get_cpu_speed_grade_hz	8	static
arch/arm/mach-imx/mx6/soc.c:195:5:get_cpu_temp_grade	0	static
arch/arm/mach-imx/mx6/soc.c:226:12:get_board_rev	8	static
arch/arm/mach-imx/mx6/soc.c:290:5:set_ldo_voltage	24	static
arch/arm/mach-imx/mx6/soc.c:557:6:is_usb_boot	0	static
arch/arm/mach-imx/mx6/soc.c:699:12:mmc_get_boot_dev	8	static
arch/arm/mach-imx/mx6/soc.c:565:5:arch_cpu_init	8	static
arch/arm/mach-imx/mx6/soc.c:694:12:board_mmc_get_env_dev	0	static
arch/arm/mach-imx/mx6/soc.c:724:5:mmc_get_env_dev	8	static
arch/arm/mach-imx/mx6/soc.c:736:12:board_mmc_get_env_part	0	static
arch/arm/mach-imx/mx6/soc.c:741:6:mmc_get_env_part	8	static
arch/arm/mach-imx/mx6/soc.c:753:5:board_postclk_init	8	static
arch/arm/mach-imx/mx6/soc.c:765:6:get_board_serial	0	static
arch/arm/mach-imx/mx6/soc.c:806:18:get_boot_device	0	static
arch/arm/mach-imx/mx6/soc.c:849:6:set_wdog_reset	0	static
arch/arm/mach-imx/mx6/soc.c:871:6:reset_misc	0	static
arch/arm/mach-imx/mx6/soc.c:880:6:s_init	8	static
arch/arm/mach-imx/mx6/soc.c:984:6:gpr_init	8	static
