drivers/misc/mxc_ocotp.c:209:12:finish_access	8	static
drivers/misc/mxc_ocotp.c:170:13:wait_busy	16	static
drivers/misc/mxc_ocotp.c:181:12:prepare_access	16	static
drivers/misc/mxc_ocotp.c:308:13:setup_direct_access	24	static
drivers/misc/mxc_ocotp.c:123:5:fuse_bank_physical	16	static
drivers/misc/mxc_ocotp.c:148:5:fuse_word_physical	16	static
drivers/misc/mxc_ocotp.c:234:5:fuse_read	40	static
drivers/misc/mxc_ocotp.c:332:5:fuse_sense	40	static
drivers/misc/mxc_ocotp.c:393:5:fuse_prog	40	static
drivers/misc/mxc_ocotp.c:448:5:fuse_override	40	static
