drivers/net/phy/phy.c:458:5:genphy_shutdown	0	static
drivers/net/phy/phy.c:149:5:genphy_restart_aneg	24	static
drivers/net/phy/phy.c:176:5:genphy_config_aneg	32	static
drivers/net/phy/phy.c:396:5:genphy_config	16	static
drivers/net/phy/phy.c:220:5:genphy_update_link	32	static
drivers/net/phy/phy.c:303:5:genphy_parse_link	24	static
drivers/net/phy/phy.c:447:5:genphy_startup	8	static
drivers/net/phy/phy.c:573:5:phy_register	0	static
drivers/net/phy/phy.c:475:5:genphy_init	0	static
drivers/net/phy/phy.c:482:5:phy_init	8	static
drivers/net/phy/phy.c:599:5:phy_set_supported	0	static
drivers/net/phy/phy.c:721:12:get_phy_id	24	static
drivers/net/phy/phy.c:796:27:get_phy_device_by_mask	48	static
drivers/net/phy/phy.c:844:5:phy_reset	24	static
drivers/net/phy/phy.c:895:5:miiphy_reset	8	static
drivers/net/phy/phy.c:910:20:phy_find_by_mask	16	static
drivers/net/phy/phy.c:925:6:phy_connect_dev	24	static
drivers/net/phy/phy.c:1007:20:phy_connect	24	static
drivers/net/phy/phy.c:1046:5:phy_startup	0	static
drivers/net/phy/phy.c:1054:12:board_phy_config	0	static
drivers/net/phy/phy.c:1061:5:phy_config	0	static
drivers/net/phy/phy.c:1067:5:phy_shutdown	8	static
drivers/net/phy/phy.c:1075:5:phy_get_interface_by_name	16	static
