drivers/mtd/spi/spi-nor-core.c:148:12:read_sr	16	static
drivers/mtd/spi/spi-nor-core.c:616:13:stm_get_locked_range	20	static
drivers/mtd/spi/spi-nor-core.c:113:16:spi_nor_write_data	72	static
drivers/mtd/spi/spi-nor-core.c:75:16:spi_nor_read_data	64	static
drivers/mtd/spi/spi-nor-core.c:442:12:spi_nor_wait_till_ready	32	static
drivers/mtd/spi/spi-nor-core.c:49:12:spi_nor_read_reg	72	static
drivers/mtd/spi/spi-nor-core.c:224:12:write_disable.isra	4	static
drivers/mtd/spi/spi-nor-core.c:216:12:write_enable.isra	4	static
drivers/mtd/spi/spi-nor-core.c:472:12:write_bar	24	static
drivers/mtd/spi/spi-nor-core.c:459:12:clean_bar	24	static
drivers/mtd/spi/spi-nor-core.c:907:12:spi_nor_read	40	static
drivers/mtd/spi/spi-nor-core.c:1229:12:spi_nor_write	64	static
drivers/mtd/spi/spi-nor-core.c:546:12:spi_nor_erase	72	static
drivers/mtd/spi/spi-nor-core.c:65:12:spi_nor_write_reg	72	static
drivers/mtd/spi/spi-nor-core.c:661:12:stm_is_locked_sr	40	static
drivers/mtd/spi/spi-nor-core.c:870:12:stm_is_locked	32	static
drivers/mtd/spi/spi-nor-core.c:667:12:stm_is_unlocked_sr	40	static
drivers/mtd/spi/spi-nor-core.c:596:12:write_sr_and_check.constprop	16	static
drivers/mtd/spi/spi-nor-core.c:705:12:stm_lock	64	static
drivers/mtd/spi/spi-nor-core.c:785:12:stm_unlock	64	static
drivers/mtd/spi/spi-nor-core.c:2470:5:spi_nor_scan	424	static
drivers/mtd/spi/spi-nor-core.c:2642:5:spi_flash_cmd_get_sw_write_prot	8	static
