drivers/gpio/gpio-uclass.c:1034:12:gpio_post_bind	0	static
drivers/gpio/gpio-uclass.c:622:12:get_function	24	static
drivers/gpio/gpio-uclass.c:32:12:gpio_to_device	24	static
drivers/gpio/gpio-uclass.c:399:12:check_reserved	24	static
drivers/gpio/gpio-uclass.c:957:12:gpio_renumber	32	static
drivers/gpio/gpio-uclass.c:1005:12:gpio_pre_remove	16	static
drivers/gpio/gpio-uclass.c:994:12:gpio_post_probe	8	static
drivers/gpio/gpio-uclass.c:55:5:dm_gpio_lookup_name	40	static
drivers/gpio/gpio-uclass.c:94:5:gpio_lookup_name	40	static
drivers/gpio/gpio-uclass.c:119:5:gpio_xlate_offs_flags	0	static
drivers/gpio/gpio-uclass.c:264:5:gpio_hog_lookup_name	0	static
drivers/gpio/gpio-uclass.c:270:5:dm_gpio_request	24	static
drivers/gpio/gpio-uclass.c:295:12:dm_gpio_requestf	60	static
drivers/gpio/gpio-uclass.c:322:5:gpio_request	24	static
drivers/gpio/gpio-uclass.c:344:5:gpio_requestf	60	static
drivers/gpio/gpio-uclass.c:359:5:_dm_gpio_free	16	static
drivers/gpio/gpio-uclass.c:387:5:gpio_free	24	static
drivers/gpio/gpio-uclass.c:426:5:gpio_direction_input	24	static
drivers/gpio/gpio-uclass.c:450:5:gpio_direction_output	24	static
drivers/gpio/gpio-uclass.c:466:5:dm_gpio_get_value	8	static
drivers/gpio/gpio-uclass.c:480:5:dm_gpio_set_value	16	static
drivers/gpio/gpio-uclass.c:494:5:dm_gpio_get_open_drain	16	static
drivers/gpio/gpio-uclass.c:509:5:dm_gpio_set_open_drain	16	static
drivers/gpio/gpio-uclass.c:526:5:dm_gpio_set_dir_flags	24	static
drivers/gpio/gpio-uclass.c:801:12:gpio_request_tail	40	static
drivers/gpio/gpio-uclass.c:846:12:_gpio_request_by_name_nodev	128	static
drivers/gpio/gpio-uclass.c:556:5:dm_gpio_set_dir	0	static
drivers/gpio/gpio-uclass.c:570:5:gpio_get_value	24	static
drivers/gpio/gpio-uclass.c:591:5:gpio_set_value	24	static
drivers/gpio/gpio-uclass.c:602:13:gpio_get_bank_info	8	static
drivers/gpio/gpio-uclass.c:651:5:gpio_get_function	0	static
drivers/gpio/gpio-uclass.c:656:5:gpio_get_raw_function	0	static
drivers/gpio/gpio-uclass.c:661:5:gpio_get_status	64	static
drivers/gpio/gpio-uclass.c:700:5:gpio_claim_vector	24	static
drivers/gpio/gpio-uclass.c:731:5:gpio_get_values_as_int	24	static
drivers/gpio/gpio-uclass.c:751:5:dm_gpio_get_values_as_int	32	static
drivers/gpio/gpio-uclass.c:860:5:gpio_request_by_name_nodev	16	static
drivers/gpio/gpio-uclass.c:867:5:gpio_request_by_name	128	static
drivers/gpio/gpio-uclass.c:919:5:gpio_get_list_count	24	static
drivers/gpio/gpio-uclass.c:934:5:dm_gpio_free	0	static
drivers/gpio/gpio-uclass.c:940:5:gpio_free_list	24	static
drivers/gpio/gpio-uclass.c:951:5:gpio_free_list_nodev	0	static
drivers/gpio/gpio-uclass.c:881:5:gpio_request_list_by_name_nodev	48	static
drivers/gpio/gpio-uclass.c:906:5:gpio_request_list_by_name	0	static
drivers/gpio/gpio-uclass.c:982:5:gpio_get_number	0	static
drivers/gpio/gpio-uclass.c:1019:5:gpio_dev_request_index	104	static
