drivers/mtd/mtdcore.c:1357:12:mtd_ooblayout_count_bytes	32	static
drivers/mtd/mtdcore.c:1035:12:mtd_check_oob_ops	32	static
drivers/mtd/mtdcore.c:1143:5:mtd_ooblayout_ecc	16	static
drivers/mtd/mtdcore.c:1175:5:mtd_ooblayout_free	16	static
drivers/mtd/mtdcore.c:1207:12:mtd_ooblayout_find_region	32	static
drivers/mtd/mtdcore.c:1276:12:mtd_ooblayout_get_bytes	56	static
drivers/mtd/mtdcore.c:1319:12:mtd_ooblayout_set_bytes	56	static
drivers/mtd/mtdcore.c:94:6:idr_remove	0	static
drivers/mtd/mtdcore.c:103:7:idr_find	0	static
drivers/mtd/mtdcore.c:111:7:idr_get_next	8	static
drivers/mtd/mtdcore.c:129:5:idr_alloc	8	static
drivers/mtd/mtdcore.c:155:18:__mtd_next_device	16	static
drivers/mtd/mtdcore.c:161:6:mtd_dev_list_updated	0	static
drivers/mtd/mtdcore.c:523:5:del_mtd_device	8	static
drivers/mtd/mtdcore.c:750:5:__get_mtd_device	8	static
drivers/mtd/mtdcore.c:715:18:get_mtd_device	8	static
drivers/mtd/mtdcore.c:778:18:get_mtd_device_nm	16	static
drivers/mtd/mtdcore.c:861:6:__put_mtd_device	8	static
drivers/mtd/mtdcore.c:852:6:put_mtd_device	0	static
drivers/mtd/mtdcore.c:880:5:mtd_erase	24	static
drivers/mtd/mtdcore.c:936:15:mtd_get_unmapped_area	20	static
drivers/mtd/mtdcore.c:947:5:mtd_read	80	static
drivers/mtd/mtdcore.c:984:5:mtd_write	72	static
drivers/mtd/mtdcore.c:1019:5:mtd_panic_write	24	static
drivers/mtd/mtdcore.c:1068:5:mtd_read_oob	40	static
drivers/mtd/mtdcore.c:1101:5:mtd_write_oob	40	static
drivers/mtd/mtdcore.c:1253:5:mtd_ooblayout_find_eccregion	16	static
drivers/mtd/mtdcore.c:1391:5:mtd_ooblayout_get_eccbytes	16	static
drivers/mtd/mtdcore.c:1411:5:mtd_ooblayout_set_eccbytes	16	static
drivers/mtd/mtdcore.c:1431:5:mtd_ooblayout_get_databytes	16	static
drivers/mtd/mtdcore.c:1451:5:mtd_ooblayout_set_databytes	16	static
drivers/mtd/mtdcore.c:1467:5:mtd_ooblayout_count_freebytes	0	static
drivers/mtd/mtdcore.c:1481:5:mtd_ooblayout_count_eccbytes	0	static
drivers/mtd/mtdcore.c:1492:5:mtd_get_fact_prot_info	8	static
drivers/mtd/mtdcore.c:1503:5:mtd_read_fact_prot_reg	8	static
drivers/mtd/mtdcore.c:1515:5:mtd_get_user_prot_info	8	static
drivers/mtd/mtdcore.c:1526:5:mtd_read_user_prot_reg	8	static
drivers/mtd/mtdcore.c:1538:5:mtd_write_user_prot_reg	32	static
drivers/mtd/mtdcore.c:1560:5:mtd_lock_user_prot_reg	4	static
drivers/mtd/mtdcore.c:1571:5:mtd_lock	24	static
drivers/mtd/mtdcore.c:1583:5:mtd_unlock	24	static
drivers/mtd/mtdcore.c:409:5:add_mtd_device	24	static
drivers/mtd/mtdcore.c:1595:5:mtd_is_locked	24	static
drivers/mtd/mtdcore.c:1607:5:mtd_block_isreserved	16	static
drivers/mtd/mtdcore.c:1617:5:mtd_block_isbad	16	static
drivers/mtd/mtdcore.c:1627:5:mtd_block_markbad	16	static
