drivers/fastboot/fb_common.c:41:6:fastboot_response	24	static
drivers/fastboot/fb_common.c:62:6:fastboot_fail	0	static
drivers/fastboot/fb_common.c:73:6:fastboot_okay	0	static
drivers/fastboot/fb_common.c:91:12:fastboot_set_reboot_flag	0	static
drivers/fastboot/fb_common.c:101:8:fastboot_get_progress_callback	0	static
drivers/fastboot/fb_common.c:116:6:fastboot_boot	8	static
drivers/fastboot/fb_common.c:164:6:fastboot_set_progress_callback	0	static
drivers/fastboot/fb_common.c:175:6:fastboot_init	8	static
