drivers/usb/gadget/ci_udc.c:374:12:ci_ep_disable	0	static
drivers/usb/gadget/ci_udc.c:554:12:ci_ep_dequeue	16	static
drivers/usb/gadget/ci_udc.c:1191:12:ci_udc_gadget_start	0	static
drivers/usb/gadget/ci_udc.c:308:13:ci_ep_free_request	8	static
drivers/usb/gadget/ci_udc.c:1203:12:ci_udc_gadget_stop	16	static
drivers/usb/gadget/ci_udc.c:203:13:ci_flush_qh	0	static
drivers/usb/gadget/ci_udc.c:233:13:ci_flush_qtd	0	static
drivers/usb/gadget/ci_udc.c:284:1:ci_ep_alloc_request	8	static
drivers/usb/gadget/ci_udc.c:941:12:ci_udc_probe	32	static
drivers/usb/gadget/ci_udc.c:1347:12:ci_udc_otg_ofdata_to_platdata	16	static
drivers/usb/gadget/ci_udc.c:1430:12:ci_udc_otg_remove	16	static
drivers/usb/gadget/ci_udc.c:1369:12:ci_udc_otg_probe	24	static
drivers/usb/gadget/ci_udc.c:447:13:ci_ep_submit_next_request	56	static
drivers/usb/gadget/ci_udc.c:578:12:ci_ep_queue	16	static
drivers/usb/gadget/ci_udc.c:328:13:ep_enable	16	static
drivers/usb/gadget/ci_udc.c:348:12:ci_ep_enable	8	static
drivers/usb/gadget/ci_udc.c:789:13:stop_activity	32	static
drivers/usb/gadget/ci_udc.c:127:13:ci_init_after_reset	0	static
drivers/usb/gadget/ci_udc.c:817:6:udc_irq	72	static
drivers/usb/gadget/ci_udc.c:886:5:ci_udc_handle_interrupts	8	static
drivers/usb/gadget/ci_udc.c:1223:12:ci_udc_gadget_handle_interrupts	0	static
drivers/usb/gadget/ci_udc.c:898:6:udc_disconnect	16	static
drivers/usb/gadget/ci_udc.c:909:12:ci_pullup	16	static
drivers/usb/gadget/ci_udc.c:1030:6:dfu_usb_get_reset	0	static
drivers/usb/gadget/ci_udc.c:1063:6:udc_irq_reset	0	static
drivers/usb/gadget/ci_udc.c:1084:6:ci_udc_check_bus_active	456	static
