drivers/usb/gadget/f_fastboot.c:335:28:fastboot_start_ep	16	static
drivers/usb/gadget/f_fastboot.c:406:12:fastboot_add	16	static
drivers/usb/gadget/f_fastboot.c:316:13:fastboot_disable	8	static
drivers/usb/gadget/f_fastboot.c:227:13:fastboot_complete	0	static
drivers/usb/gadget/f_fastboot.c:591:13:do_acmd_complete	0	static
drivers/usb/gadget/f_fastboot.c:510:13:compl_do_reset	0	static
drivers/usb/gadget/f_fastboot.c:579:13:do_exit_on_complete	0	static
drivers/usb/gadget/f_fastboot.c:584:13:do_bootm_on_complete	8	static
drivers/usb/gadget/f_fastboot.c:519:21:rx_bytes_expected	16	static
drivers/usb/gadget/f_fastboot.c:304:13:fastboot_unbind	8	static
drivers/usb/gadget/f_fastboot.c:235:12:fastboot_bind	32	static
drivers/usb/gadget/f_fastboot.c:209:13:fastboot_fifo_complete	8	static
drivers/usb/gadget/f_fastboot.c:354:12:fastboot_set_alt	16	static
drivers/usb/gadget/f_fastboot.c:439:5:fastboot_tx_write_more	24	static
drivers/usb/gadget/f_fastboot.c:482:5:fastboot_tx_write	16	static
drivers/usb/gadget/f_fastboot.c:501:12:fastboot_tx_write_str.isra	8	static
drivers/usb/gadget/f_fastboot.c:543:13:rx_handler_dl_image	88	static
drivers/usb/gadget/f_fastboot.c:602:13:rx_handler_command	96	static
