drivers/usb/gadget/composite.c:299:12:count_configs	16	static
drivers/usb/gadget/composite.c:350:13:reset_config	16	static
drivers/usb/gadget/composite.c:565:13:collect_langs	16	static
drivers/usb/gadget/composite.c:777:13:composite_setup_complete	0	static
drivers/usb/gadget/composite.c:905:12:count_ext_prop	12	static
drivers/usb/gadget/composite.c:923:12:len_ext_prop	12	static
drivers/usb/gadget/composite.c:1316:13:composite_disconnect	8	static
drivers/usb/gadget/composite.c:1432:1:composite_suspend	16	static
drivers/usb/gadget/composite.c:1451:1:composite_resume	16	static
drivers/usb/gadget/g_dnl.c:92:12:g_dnl_unbind	8	static
drivers/usb/gadget/composite.c:585:12:lookup_string	24	static
drivers/usb/gadget/composite.c:848:12:count_ext_compat	24	static
drivers/usb/gadget/composite.c:1326:13:composite_unbind	24	static
drivers/usb/gadget/composite.c:1377:12:composite_bind	24	static
drivers/usb/gadget/g_dnl.c:115:12:g_dnl_do_config	16	static
drivers/usb/gadget/composite.c:1006:1:composite_setup	80	static
drivers/usb/gadget/composite.c:61:5:usb_add_function	16	static
drivers/usb/gadget/composite.c:118:5:usb_function_deactivate	8	static
drivers/usb/gadget/composite.c:141:5:usb_function_activate	0	static
drivers/usb/gadget/composite.c:180:5:usb_interface_id	0	static
drivers/usb/gadget/composite.c:480:5:usb_add_config	24	static
drivers/usb/gadget/composite.c:702:5:usb_string_id	0	static
drivers/usb/gadget/composite.c:732:5:usb_string_ids_tab	0	static
drivers/usb/gadget/composite.c:766:5:usb_string_ids_n	0	static
drivers/usb/gadget/composite.c:1498:5:usb_composite_register	8	static
drivers/usb/gadget/composite.c:1523:6:usb_composite_unregister	8	static
drivers/usb/gadget/g_dnl.c:50:6:g_dnl_set_serialnumber	16	static
drivers/usb/gadget/g_dnl.c:211:12:on_serialno	8	static
drivers/usb/gadget/g_dnl.c:150:5:board_usb_init	0	static
drivers/usb/gadget/g_dnl.c:156:5:board_usb_cleanup	0	static
drivers/usb/gadget/g_dnl.c:162:5:g_dnl_bind_fixup	0	static
drivers/usb/gadget/g_dnl.c:167:12:g_dnl_get_board_bcd_device_number	0	static
drivers/usb/gadget/g_dnl.c:219:12:g_dnl_bind	24	static
drivers/usb/gadget/g_dnl.c:172:12:g_dnl_board_usb_cable_connected	0	static
drivers/usb/gadget/g_dnl.c:179:6:g_dnl_detach	0	static
drivers/usb/gadget/g_dnl.c:184:6:g_dnl_trigger_detach	0	static
drivers/usb/gadget/g_dnl.c:189:6:g_dnl_clear_detach	0	static
drivers/usb/gadget/g_dnl.c:291:5:g_dnl_register	8	static
drivers/usb/gadget/g_dnl.c:306:6:g_dnl_unregister	0	static
drivers/usb/gadget/g_dnl.c:311:12:board_usb_gadget_port_auto	0	static
