lib/efi_loader/efi_disk.c:211:28:efi_disk_flush_blocks	8	static
lib/efi_loader/efi_disk.c:60:28:efi_disk_reset	8	static
lib/efi_loader/efi_disk.c:300:21:efi_disk_add_dev.part.0	32	static
lib/efi_loader/efi_disk.c:111:28:efi_disk_read_blocks	32	static
lib/efi_loader/efi_disk.c:160:28:efi_disk_write_blocks	32	static
lib/efi_loader/efi_disk.c:238:1:efi_fs_from_path	24	static
lib/efi_loader/efi_disk.c:390:5:efi_disk_create_partitions	208	static
lib/efi_loader/efi_disk.c:440:14:efi_disk_register	56	static
