lib/efi_loader/efi_memory.c:86:12:efi_mem_cmp	8	static
lib/efi_loader/efi_memory.c:361:21:efi_check_allocated	20	static
lib/efi_loader/efi_memory.c:381:17:efi_find_free_memory	32	static
lib/efi_loader/efi_memory.c:240:14:efi_add_memory_map	64	static
lib/efi_loader/efi_memory.c:432:14:efi_allocate_pages	32	static
lib/efi_loader/efi_memory.c:481:7:efi_alloc	16	static
lib/efi_loader/efi_memory.c:502:14:efi_free_pages	24	static
lib/efi_loader/efi_memory.c:534:14:efi_allocate_pool	32	static
lib/efi_loader/efi_memory.c:568:14:efi_free_pool	24	static
lib/efi_loader/efi_memory.c:607:14:efi_get_memory_map	20	static
lib/efi_loader/efi_memory.c:667:14:efi_add_conventional_memory_map	48	static
lib/efi_loader/efi_memory.c:707:13:efi_add_known_memory	24	static
lib/efi_loader/efi_memory.c:769:5:efi_memory_init	24	static
