drivers/serial/serial.c:191:12:serial_stub_start	0	static
drivers/serial/serial.c:198:12:serial_stub_stop	0	static
drivers/serial/serial.c:205:13:serial_stub_putc	0	static
drivers/serial/serial.c:212:13:serial_stub_puts	0	static
drivers/serial/serial.c:219:12:serial_stub_getc	0	static
drivers/serial/serial.c:226:12:serial_stub_tstc	0	static
drivers/serial/serial.c:320:30:get_current	8	static
drivers/serial/serial.c:33:13:serial_null	0	static
drivers/serial/serial.c:142:6:serial_register	0	static
drivers/serial/serial.c:240:6:serial_stdio_init	96	static
drivers/serial/serial.c:277:5:serial_assign	16	static
drivers/serial/serial.c:174:6:serial_initialize	8	static
drivers/serial/serial.c:297:6:serial_reinit_all	8	static
drivers/serial/serial.c:354:5:serial_init	8	static
drivers/serial/serial.c:370:6:serial_setbrg	8	static
drivers/serial/serial.c:50:12:on_baudrate	16	static
drivers/serial/serial.c:386:5:serial_getc	8	static
drivers/serial/serial.c:401:5:serial_tstc	8	static
drivers/serial/serial.c:417:6:serial_putc	8	static
drivers/serial/serial.c:435:6:serial_puts	8	static
drivers/serial/serial.c:452:6:default_serial_puts	16	static
