disk/part.c:27:28:part_driver_lookup_type	16	static
disk/part.c:77:18:blk_get_dev	8	static
disk/part.c:121:6:dev_print	48	static
disk/part.c:231:6:part_init	16	static
disk/part.c:301:6:part_print	16	static
disk/part.c:320:5:part_get_info	16	static
disk/part.c:354:5:part_get_info_whole_disk	16	static
disk/part.c:372:5:blk_get_device_by_str	40	static
disk/part.c:432:5:blk_get_device_part_str	160	static
disk/part.c:648:5:part_get_info_by_name_type	32	static
disk/part.c:673:5:part_get_info_by_name	0	static
disk/part.c:725:5:part_get_info_by_dev_and_name_or_num	48	static
disk/part.c:747:6:part_set_generic_name	16	static
