arch/arm/lib/bootm.c:51:6:arch_lmb_reserve	0	static
arch/arm/lib/bootm.c:84:13:board_quiesce_devices	0	static
arch/arm/lib/bootm.c:336:13:boot_jump_linux	24	static
arch/arm/lib/bootm.c:226:13:setup_board_tags	0	static
arch/arm/lib/bootm.c:236:13:board_prep_linux	0	static
arch/arm/lib/bootm.c:239:13:boot_prep_linux	40	static
arch/arm/lib/bootm.c:288:13:armv7_boot_nonsec_default	0	static
arch/arm/lib/bootm.c:426:5:do_bootm_linux	24	static
arch/arm/lib/bootm.c:449:6:boot_prep_vxworks	8	static
arch/arm/lib/bootm.c:464:6:boot_jump_vxworks	0	static
