arch/arm/lib/cache-cp15.c:229:13:cache_disable	8	static
arch/arm/lib/cache-cp15.c:19:13:arm_init_before_mmu	0	static
arch/arm/lib/cache-cp15.c:23:13:arm_init_domains	0	static
arch/arm/lib/cache-cp15.c:27:6:set_section_dcache	0	static
arch/arm/lib/cache-cp15.c:48:13:mmu_page_table_flush	0	static
arch/arm/lib/cache-cp15.c:53:6:mmu_set_region_dcache_behaviour	16	static
arch/arm/lib/cache-cp15.c:89:13:dram_bank_mmu_setup	8	static
arch/arm/lib/cache-cp15.c:275:6:icache_enable	0	static
arch/arm/lib/cache-cp15.c:280:6:icache_disable	0	static
arch/arm/lib/cache-cp15.c:285:5:icache_status	0	static
arch/arm/lib/cache-cp15.c:307:6:dcache_enable	8	static
arch/arm/lib/cache-cp15.c:312:6:dcache_disable	0	static
arch/arm/lib/cache-cp15.c:317:5:dcache_status	0	static
