drivers/video/video_link.c:38:8:ofnode_get_child_by_name	16	static
drivers/video/video_link.c:57:8:ofnode_graph_get_next_endpoint	16	static
drivers/video/video_link.c:123:5:ofnode_graph_get_endpoint_count	16	static
drivers/video/video_link.c:134:5:ofnode_graph_parse_endpoint	24	static
drivers/video/video_link.c:152:8:ofnode_graph_get_endpoint_by_regs	40	static
drivers/video/video_link.c:171:8:ofnode_graph_get_remote_endpoint	16	static
drivers/video/video_link.c:192:8:ofnode_graph_get_port_parent	16	static
drivers/video/video_link.c:214:8:ofnode_graph_get_remote_port_parent	8	static
drivers/video/video_link.c:226:5:find_device_by_ofnode	16	static
drivers/video/video_link.c:282:13:video_link_add_node	40	static
drivers/video/video_link.c:323:17:video_link_get_next_device	24	static
drivers/video/video_link.c:355:17:video_link_get_video_device	24	static
drivers/video/video_link.c:422:13:list_videolink	40	static
drivers/video/video_link.c:457:12:do_videolink	8	static
drivers/video/video_link.c:376:5:video_link_get_display_timings	32	static
drivers/video/video_link.c:477:5:video_link_init	24	static
drivers/video/video_link.c:513:5:video_link_shut_down	8	static
