drivers/core/device.c:684:24:_device_find_global_by_ofnode	16	static
drivers/core/device.c:270:14:alloc_priv	16	static
drivers/core/device.c:34:12:device_bind_common.constprop	40	static
drivers/core/device.c:225:5:device_bind_with_driver_data	24	static
drivers/core/device.c:234:5:device_bind	32	static
drivers/core/device.c:242:5:device_bind_ofnode	24	static
drivers/core/device.c:250:5:device_bind_by_name	40	static
drivers/core/device.c:314:5:device_ofdata_to_platdata	16	static
drivers/core/device.c:380:5:device_probe	16	static
drivers/core/device.c:490:7:dev_get_platdata	8	static
drivers/core/device.c:500:7:dev_get_parent_platdata	8	static
drivers/core/device.c:510:7:dev_get_uclass_platdata	8	static
drivers/core/device.c:520:7:dev_get_priv	8	static
drivers/core/device.c:530:7:dev_get_uclass_priv	8	static
drivers/core/device.c:540:7:dev_get_parent_priv	8	static
drivers/core/device.c:594:5:device_get_child	16	static
drivers/core/device.c:607:5:device_get_child_count	0	static
drivers/core/device.c:618:5:device_find_child_by_seq	20	static
drivers/core/device.c:638:5:device_get_child_by_seq	24	static
drivers/core/device.c:656:5:device_find_child_by_of_offset	12	static
drivers/core/device.c:673:5:device_get_child_by_of_offset	24	static
drivers/core/device.c:701:5:device_find_global_by_ofnode	8	static
drivers/core/device.c:708:5:device_get_global_by_ofnode	16	static
drivers/core/device.c:716:5:device_find_first_child	0	static
drivers/core/device.c:728:5:device_find_next_child	0	static
drivers/core/device.c:743:5:device_find_first_inactive_child	16	static
drivers/core/device.c:761:5:device_find_first_child_by_uclass	12	static
drivers/core/device.c:778:5:device_find_child_by_name	24	static
drivers/core/device.c:795:5:device_first_child_err	24	static
drivers/core/device.c:806:5:device_next_child_err	24	static
drivers/core/device.c:817:5:device_first_child_ofdata_err	16	static
drivers/core/device.c:835:5:device_next_child_ofdata_err	16	static
drivers/core/device.c:853:17:dev_get_parent	0	static
drivers/core/device.c:858:7:dev_get_driver_data	0	static
drivers/core/device.c:863:13:dev_get_driver_ops	0	static
drivers/core/device.c:871:16:device_get_uclass_id	0	static
drivers/core/device.c:876:13:dev_get_uclass_name	0	static
drivers/core/device.c:884:6:device_has_children	0	static
drivers/core/device.c:889:6:device_has_active_children	16	static
drivers/core/device.c:903:6:device_is_last_sibling	0	static
drivers/core/device.c:912:6:device_set_name_alloced	0	static
drivers/core/device.c:917:5:device_set_name	8	static
drivers/core/device.c:929:6:device_is_compatible	8	static
drivers/core/device.c:934:6:of_machine_is_compatible	8	static
drivers/core/device.c:941:5:dev_disable_by_path	8	static
drivers/core/device.c:971:5:dev_enable_by_path	8	static
