drivers/core/ofnode.c:19:5:ofnode_read_u32	24	static
drivers/core/ofnode.c:43:5:ofnode_read_u32_default	16	static
drivers/core/ofnode.c:51:5:ofnode_read_s32_default	16	static
drivers/core/ofnode.c:59:5:ofnode_read_u64	24	static
drivers/core/ofnode.c:83:5:ofnode_read_u64_default	16	static
drivers/core/ofnode.c:105:13:ofnode_read_prop	24	static
drivers/core/ofnode.c:137:13:ofnode_read_string	16	static
drivers/core/ofnode.c:155:5:ofnode_read_size	16	static
drivers/core/ofnode.c:165:8:ofnode_find_subnode	8	static
drivers/core/ofnode.c:191:5:ofnode_read_u32_array	16	static
drivers/core/ofnode.c:456:12:decode_timing_property	32	static
drivers/core/ofnode.c:207:8:ofnode_first_subnode	8	static
drivers/core/ofnode.c:217:8:ofnode_next_subnode	8	static
drivers/core/ofnode.c:227:8:ofnode_get_parent	8	static
drivers/core/ofnode.c:241:13:ofnode_get_name	0	static
drivers/core/ofnode.c:254:8:ofnode_get_by_phandle	8	static
drivers/core/ofnode.c:314:5:ofnode_stringlist_search	8	static
drivers/core/ofnode.c:335:5:ofnode_read_string_index	32	static
drivers/core/ofnode.c:352:5:ofnode_read_string_count	0	static
drivers/core/ofnode.c:380:5:ofnode_parse_phandle_with_args	104	static
drivers/core/ofnode.c:411:5:ofnode_count_phandle_with_args	32	static
drivers/core/ofnode.c:423:8:ofnode_path	8	static
drivers/core/ofnode.c:431:13:ofnode_read_chosen_prop	16	static
drivers/core/ofnode.c:440:13:ofnode_read_chosen_string	0	static
drivers/core/ofnode.c:445:8:ofnode_get_chosen_node	8	static
drivers/core/ofnode.c:544:13:ofnode_get_property	4	static
drivers/core/ofnode.c:91:6:ofnode_read_bool	8	static
drivers/core/ofnode.c:479:5:ofnode_decode_display_timing	32	static
drivers/core/ofnode.c:553:6:ofnode_is_available	8	static
drivers/core/ofnode.c:562:12:ofnode_get_addr_size	4	static
drivers/core/ofnode.c:588:16:ofnode_read_u8_array_ptr	4	static
drivers/core/ofnode.c:606:5:ofnode_read_pci_addr	32	static
drivers/core/ofnode.c:660:5:ofnode_read_pci_vendev	40	static
drivers/core/ofnode.c:696:5:ofnode_read_addr_cells	0	static
drivers/core/ofnode.c:704:5:ofnode_read_size_cells	0	static
drivers/core/ofnode.c:267:12:ofnode_get_addr_size_index	40	static
drivers/core/ofnode.c:302:12:ofnode_get_addr_index	16	static
drivers/core/ofnode.c:309:12:ofnode_get_addr	0	static
drivers/core/ofnode.c:712:5:ofnode_read_simple_addr_cells	0	static
drivers/core/ofnode.c:720:5:ofnode_read_simple_size_cells	0	static
drivers/core/ofnode.c:728:6:ofnode_pre_reloc	8	static
drivers/core/ofnode.c:754:5:ofnode_read_resource	32	static
drivers/core/ofnode.c:774:5:ofnode_read_resource_byname	16	static
drivers/core/ofnode.c:786:5:ofnode_translate_address	0	static
drivers/core/ofnode.c:794:5:ofnode_translate_dma_address	0	static
drivers/core/ofnode.c:802:5:ofnode_device_is_compatible	8	static
drivers/core/ofnode.c:813:8:ofnode_by_compatible	8	static
drivers/core/ofnode.c:825:8:ofnode_by_prop_value	16	static
drivers/core/ofnode.c:839:5:ofnode_write_prop	0	static
drivers/core/ofnode.c:886:5:ofnode_write_string	0	static
drivers/core/ofnode.c:898:5:ofnode_set_enabled	0	static
