drivers/core/root.c:249:12:dm_scan_fdt_node	40	static
drivers/core/root.c:318:12:dm_scan_fdt_ofnode_path	8	static
drivers/core/root.c:32:17:dm_root	8	static
drivers/core/root.c:42:6:dm_fixup_for_gd_move	0	static
drivers/core/root.c:132:5:dm_init	8	static
drivers/core/root.c:166:5:dm_uninit	8	static
drivers/core/root.c:176:5:dm_remove_devices_flags	8	static
drivers/core/root.c:184:5:dm_scan_platdata	8	static
drivers/core/root.c:292:5:dm_scan_fdt_dev	0	static
drivers/core/root.c:307:5:dm_scan_fdt	4	static
drivers/core/root.c:334:5:dm_extended_scan_fdt	8	static
drivers/core/root.c:358:12:dm_scan_other	0	static
drivers/core/root.c:363:5:dm_init_and_scan	8	static
