cmd/mmc.c:907:12:do_mmcops	32	static
cmd/mmc.c:822:12:do_mmc_setdsr	16	static
cmd/mmc.c:95:20:init_mmc_device	16	static
cmd/mmc.c:787:12:do_mmc_rst_func	16	static
cmd/mmc.c:446:12:do_mmc_rescan	8	static
cmd/mmc.c:756:12:do_mmc_partconf	24	static
cmd/mmc.c:677:12:do_mmc_bootbus	24	static
cmd/mmc.c:593:12:do_mmc_hwpartition	96	static
cmd/mmc.c:517:12:do_mmc_list	8	static
cmd/mmc.c:476:12:do_mmc_dev	24	static
cmd/mmc.c:119:12:do_mmcinfo	40	static
cmd/mmc.c:703:12:do_mmc_boot_resize	24	static
cmd/mmc.c:457:12:do_mmc_part	8	static
cmd/mmc.c:416:12:do_mmc_erase	24	static
cmd/mmc.c:386:12:do_mmc_write	24	static
cmd/mmc.c:293:12:do_mmc_read	24	static
