cmd/nvedit.c:848:12:do_env_delete	24	static
cmd/nvedit.c:766:12:do_env_save	8	static
cmd/nvedit.c:1349:12:do_env	24	static
cmd/nvedit.c:92:12:env_print	56	static
cmd/nvedit.c:123:12:do_env_print	24	static
cmd/nvedit.c:1062:12:do_env_import	72	static
cmd/nvedit.c:810:12:do_env_default	16	static
cmd/nvedit.c:1280:12:do_env_exists	48	static
cmd/nvedit.c:225:12:_do_env_set.constprop	72	static
cmd/nvedit.c:381:12:do_env_set	0	static
cmd/nvedit.c:81:5:env_get_id	0	static
cmd/nvedit.c:303:5:env_set	24	static
cmd/nvedit.c:324:5:env_set_ulong	8	static
cmd/nvedit.c:339:5:env_set_hex	32	static
cmd/nvedit.c:929:12:do_env_export	96	static
cmd/nvedit.c:794:5:env_match	24	static
cmd/nvedit.c:704:5:env_get_f	32	static
cmd/nvedit.c:663:7:env_get	48	static
cmd/nvedit.c:347:7:env_get_hex	24	static
cmd/nvedit.c:362:5:eth_env_get_enetaddr	8	static
cmd/nvedit.c:368:5:eth_env_set_enetaddr	40	static
cmd/nvedit.c:689:7:from_env	16	static
cmd/nvedit.c:753:7:env_get_ulong	16	static
cmd/nvedit.c:621:12:do_env_edit.part.0	1056	static
cmd/nvedit.c:621:12:do_env_edit	0	static
