drivers/net/fec_mxc.c:436:13:fec_reg_setup	0	static
drivers/net/fec_mxc.c:1271:12:fecmxc_free_pkt	8	static
drivers/net/fec_mxc.c:1051:13:fec_free_descs	16	static
drivers/net/fec_mxc.c:236:12:fec_phy_write	16	static
drivers/net/fec_mxc.c:230:12:fec_phy_read	16	static
drivers/net/fec_mxc.c:408:12:fecmxc_set_hwaddr	16	static
drivers/net/fec_mxc.c:1263:12:fecmxc_read_rom_hwaddr	16	static
drivers/net/fec_mxc.c:648:13:fecmxc_halt	16	static
drivers/net/fec_mxc.c:1547:12:fecmxc_ofdata_to_platdata	24	static
drivers/net/fec_mxc.c:1530:12:fecmxc_remove	8	static
drivers/net/fec_mxc.c:692:12:fecmxc_send	24	static
drivers/net/fec_mxc.c:129:12:imx_get_fecclk	0	static
drivers/net/fec_mxc.c:162:13:fec_mii_setspeed.constprop	8	static
drivers/net/fec_mxc.c:576:12:fecmxc_init	32	static
drivers/net/fec_mxc.c:843:12:fecmxc_recv	32	static
drivers/net/fec_mxc.c:1064:17:fec_get_miibus	16	static
drivers/net/fec_mxc.c:1340:12:fecmxc_probe	112	static
drivers/net/fec_mxc.c:1090:13:init_clk_fec	0	static
