drivers/mmc/mmc-uclass.c:409:12:mmc_blk_probe	8	static
drivers/mmc/mmc-uclass.c:38:5:dm_mmc_set_ios	0	static
drivers/mmc/mmc-uclass.c:47:5:mmc_set_ios	0	static
drivers/mmc/mmc-uclass.c:52:5:dm_mmc_wait_dat0	0	static
drivers/mmc/mmc-uclass.c:61:5:mmc_wait_dat0	0	static
drivers/mmc/mmc-uclass.c:66:5:dm_mmc_get_wp	0	static
drivers/mmc/mmc-uclass.c:75:5:mmc_getwp	0	static
drivers/mmc/mmc-uclass.c:80:5:dm_mmc_get_cd	0	static
drivers/mmc/mmc-uclass.c:89:5:mmc_getcd	0	static
drivers/mmc/mmc-uclass.c:127:5:dm_mmc_host_power_cycle	0	static
drivers/mmc/mmc-uclass.c:136:5:mmc_host_power_cycle	0	static
drivers/mmc/mmc-uclass.c:141:5:dm_mmc_deferred_probe	0	static
drivers/mmc/mmc-uclass.c:151:5:mmc_deferred_probe	0	static
drivers/mmc/mmc-uclass.c:156:5:mmc_of_parse	16	static
drivers/mmc/mmc-uclass.c:226:13:mmc_get_mmc_dev	8	static
drivers/mmc/mmc-uclass.c:16:5:dm_mmc_send_cmd	16	static
drivers/mmc/mmc-uclass.c:33:5:mmc_send_cmd	0	static
drivers/mmc/mmc-uclass.c:389:12:mmc_select_hwpart	16	static
drivers/mmc/mmc-uclass.c:237:13:find_mmc_device	16	static
drivers/mmc/mmc-uclass.c:258:5:get_mmc_num	8	static
drivers/mmc/mmc-uclass.c:263:5:mmc_get_next_devnum	0	static
drivers/mmc/mmc-uclass.c:268:18:mmc_get_blk_desc	16	static
drivers/mmc/mmc-uclass.c:281:6:mmc_do_preinit	16	static
drivers/mmc/mmc-uclass.c:304:6:print_mmc_devices	40	static
drivers/mmc/mmc-uclass.c:337:5:mmc_bind	48	static
drivers/mmc/mmc-uclass.c:376:5:mmc_unbind	16	static
