drivers/mmc/mmc.c:728:12:mmc_send_ext_csd	56	static
drivers/mmc/mmc.c:632:12:mmc_send_op_cond_iter	40	static
drivers/mmc/mmc.c:469:12:mmc_go_idle	40	static
drivers/mmc/mmc.c:946:12:mmc_set_capacity	24	static
drivers/mmc/mmc.c:1808:12:mmc_read_and_compare_ext_csd	592	static
drivers/mmc/mmc.c:2707:12:mmc_power_on.isra	8	static
drivers/mmc/mmc.c:131:13:mmc_mode_name	0	static
drivers/mmc/mmc.c:205:5:mmc_send_status	48	static
drivers/mmc/mmc.c:749:12:__mmc_switch.constprop	48	static
drivers/mmc/mmc.c:821:12:mmc_set_card_speed.constprop	592	static
drivers/mmc/mmc.c:227:5:mmc_poll_for_busy	32	static
drivers/mmc/mmc.c:269:5:mmc_set_blocklen	48	static
drivers/mmc/mmc.c:413:7:mmc_bread	80	static
drivers/mmc/mmc.c:815:5:mmc_switch	0	static
drivers/mmc/mmc.c:2178:12:mmc_startup_v4	608	static
drivers/mmc/mmc.c:974:5:mmc_switch_part	32	static
drivers/mmc/mmc.c:999:5:mmc_hwpart_config	656	static
drivers/mmc/mmc.c:1578:5:mmc_set_clock	4	static
drivers/mmc/mmc.c:1609:6:mmc_dump_capabilities	0	static
drivers/mmc/mmc.c:2758:5:mmc_get_op_cond	56	static
drivers/mmc/mmc.c:2842:5:mmc_start_init	8	static
drivers/mmc/mmc.c:2898:5:mmc_init	432	static
drivers/mmc/mmc.c:2949:5:mmc_set_dsr	0	static
drivers/mmc/mmc.c:2956:12:cpu_mmc_init	0	static
drivers/mmc/mmc.c:2962:12:board_mmc_init	0	static
drivers/mmc/mmc.c:2967:6:mmc_set_preinit	0	static
drivers/mmc/mmc.c:3011:5:mmc_initialize	24	static
drivers/mmc/mmc.c:3037:5:mmc_init_device	16	static
