fs/fat/fat.c:29:13:downcase	8	static
fs/fat/fat.c:470:13:mkcksum	8	static
fs/fat/fat.c:728:13:fat_itr_child	12	static
fs/fat/fat.c:44:12:disk_read	16	static
fs/fat/fat.c:247:1:get_cluster	40	dynamic
fs/fat/fat.c:488:1:read_bootsectandvi	24	static
fs/fat/fat.c:694:12:fat_itr_root	128	static
fs/fat/fat_write.c:31:12:disk_write	16	static
fs/fat/fat_write.c:106:12:flush_dirty_fat_buffer	24	static
fs/fat/fat.c:162:14:get_fatent	32	static
fs/fat/fat.c:819:19:next_dent	16	static
fs/fat/fat_write.c:403:1:set_sectors	40	dynamic
fs/fat/fat_write.c:473:1:flush_dir	12	static
fs/fat/fat_write.c:1058:12:normalize_longname	40	static
fs/fat/fat_write.c:54:13:set_name	280	static
fs/fat/fat.c:903:12:fat_itr_next	48	static
fs/fat/fat.c:999:12:fat_itr_resolve	32	static
fs/fat/fat_write.c:1002:12:split_filename.isra	32	static
fs/fat/fat_write.c:265:12:set_fatent_value.isra	32	static
fs/fat/fat_write.c:663:12:clear_fatent.isra	24	static
fs/fat/fat_write.c:627:12:new_dir_table	24	static
fs/fat/fat_write.c:221:1:fill_dir_slot	672	static
fs/fat/fat_write.c:971:19:find_directory_entry	16	static
fs/fat/fat_write.c:372:14:determine_fatent	16	static
fs/fat/fat_write.c:727:1:set_contents	104	static
fs/fat/fat.c:59:5:fat_set_blk_dev	24	dynamic
fs/fat/fat.c:88:5:fat_register_device	136	static
fs/fat/fat.c:1076:5:file_fat_detectfs	120	static
fs/fat/fat.c:1138:5:fat_exists	64	static
fs/fat/fat.c:1158:5:fat_size	72	static
fs/fat/fat.c:1195:5:file_fat_read_at	104	static
fs/fat/fat.c:1227:5:file_fat_read	40	static
fs/fat/fat.c:1239:5:fat_read_file	48	static
fs/fat/fat.c:1258:5:fat_opendir	24	static
fs/fat/fat.c:1286:5:fat_readdir	16	static
fs/fat/fat.c:1309:6:fat_closedir	8	static
fs/fat/fat.c:1316:6:fat_close	0	static
fs/fat/fat_write.c:1078:5:file_fat_write_at	376	static
fs/fat/fat_write.c:1217:5:file_fat_write	40	static
fs/fat/fat_write.c:1289:5:fat_unlink	136	static
fs/fat/fat_write.c:1360:5:fat_mkdir	384	static
