drivers/i2c/i2c-uclass.c:52:12:i2c_setup_offset	20	static
drivers/i2c/i2c-uclass.c:252:12:i2c_probe_chip	40	static
drivers/i2c/i2c-uclass.c:694:5:i2c_uclass_init	8	static
drivers/i2c/i2c-uclass.c:616:12:i2c_pre_probe	24	static
drivers/i2c/i2c-uclass.c:670:12:i2c_post_bind	0	static
drivers/i2c/i2c-uclass.c:27:6:i2c_dump_msgs	32	static
drivers/i2c/i2c-uclass.c:127:5:dm_i2c_read	72	static
drivers/i2c/i2c-uclass.c:157:5:dm_i2c_write	64	dynamic
drivers/i2c/i2c-uclass.c:213:5:dm_i2c_xfer	16	static
drivers/i2c/i2c-uclass.c:224:5:dm_i2c_reg_read	16	static
drivers/i2c/i2c-uclass.c:236:5:dm_i2c_reg_write	16	static
drivers/i2c/i2c-uclass.c:317:5:i2c_get_chip	64	static
drivers/i2c/i2c-uclass.c:343:5:i2c_get_chip_for_busnum	24	static
drivers/i2c/i2c-uclass.c:375:5:dm_i2c_probe	16	static
drivers/i2c/i2c-uclass.c:396:5:dm_i2c_set_bus_speed	24	static
drivers/i2c/i2c-uclass.c:639:12:i2c_post_probe	16	static
drivers/i2c/i2c-uclass.c:417:5:dm_i2c_get_bus_speed	16	static
drivers/i2c/i2c-uclass.c:428:5:i2c_set_chip_flags	24	static
drivers/i2c/i2c-uclass.c:445:5:i2c_get_chip_flags	8	static
drivers/i2c/i2c-uclass.c:454:5:i2c_set_chip_offset_len	8	static
drivers/i2c/i2c-uclass.c:465:5:i2c_get_chip_offset_len	8	static
drivers/i2c/i2c-uclass.c:472:5:i2c_set_chip_addr_offset_mask	8	static
drivers/i2c/i2c-uclass.c:481:6:i2c_get_chip_addr_offset_mask	8	static
drivers/i2c/i2c-uclass.c:586:5:i2c_deblock	48	static
drivers/i2c/i2c-uclass.c:597:5:i2c_chip_ofdata_to_platdata	16	static
drivers/i2c/i2c-uclass.c:653:12:i2c_child_post_bind	8	static
