drivers/i2c/mxc_i2c.c:202:12:wait_for_sr_state	56	static
drivers/i2c/mxc_i2c.c:236:12:tx_byte	16	static
drivers/i2c/mxc_i2c.c:266:13:i2c_imx_stop	8	static
drivers/i2c/mxc_i2c.c:885:12:mxc_i2c_set_bus_speed	16	static
drivers/i2c/mxc_i2c.c:257:6:__i2c_force_reset_slave	0	static
drivers/i2c/mxc_i2c.c:363:5:i2c_idle_bus	32	static
drivers/i2c/mxc_i2c.c:438:12:i2c_init_transfer.constprop	56	static
drivers/i2c/mxc_i2c.c:987:12:mxc_i2c_xfer	56	static
drivers/i2c/mxc_i2c.c:970:12:mxc_i2c_probe_chip	16	static
drivers/i2c/mxc_i2c.c:570:5:__enable_i2c_clk	0	static
drivers/i2c/mxc_i2c.c:892:12:mxc_i2c_probe	40	static
