include/log.h:452:19:log_init	0	static
common/board_r.c:103:12:initr_trace	0	static
common/board_r.c:112:12:initr_reloc	0	static
common/board_r.c:701:12:run_main_loop	8	static
common/board_r.c:676:12:initr_check_fastboot	8	static
common/board_r.c:600:12:initr_net	8	static
common/board_r.c:670:12:initr_fastboot_setup	8	static
common/board_r.c:534:12:initr_ethaddr	8	static
common/board_r.c:526:12:initr_enable_interrupts	8	static
common/board_r.c:509:12:initr_jumptable	8	static
common/board_r.c:479:12:initr_env	8	static
common/board_r.c:449:12:initr_mmc	8	static
common/board_r.c:189:12:initr_serial	8	static
common/board_r.c:307:12:initr_dm	0	static
common/board_r.c:340:12:initr_bootstage	8	static
common/board_r.c:255:12:initr_malloc	8	static
common/board_r.c:138:12:initr_reloc_global_data	8	static
common/board_r.c:125:12:initr_caches	8	static
common/board_r.c:367:12:initr_binman	0	static
common/board_r.c:246:12:initr_barrier	0	static
common/board_r.c:274:12:initr_console_record	0	static
common/board_r.c:327:12:initr_dm_devices	0	static
common/board_r.c:347:12:power_init_board	0	static
common/board_r.c:352:12:initr_announce	0	static
common/board_r.c:75:12:board_flash_wp_on	0	static
common/board_r.c:85:13:cpu_secondary_init_r	0	static
common/board_r.c:89:12:initr_secondary_cpu	8	static
common/board_r.c:133:12:fixup_cpu	0	static
common/board_r.c:932:6:board_init_r	8	static
