common/image.c:565:12:on_loadaddr	8	static
common/image.c:215:5:image_check_hcrc	72	static
common/image.c:230:5:image_check_dcrc	8	static
common/image.c:252:7:image_multi_count	0	static
common/image.c:285:6:image_multi_getimg	24	static
common/image.c:581:7:env_get_bootm_low	8	static
common/image.c:598:13:env_get_bootm_size	16	static
common/image.c:626:13:env_get_bootm_mapsize	8	static
common/image.c:642:6:memmove_wd	0	static
common/image.c:677:6:genimg_print_size	8	static
common/image.c:705:22:get_table_entry	0	static
common/image.c:826:20:genimg_get_short_name	8	static
common/image.c:736:13:genimg_get_cat_name	16	static
common/image.c:760:13:genimg_get_cat_short_name	16	static
common/image.c:774:5:genimg_get_cat_count	0	static
common/image.c:779:13:genimg_get_cat_desc	0	static
common/image.c:798:7:get_table_entry_name	8	static
common/image.c:810:13:genimg_get_os_name	0	static
common/image.c:815:13:genimg_get_arch_name	0	static
common/image.c:821:13:genimg_get_type_name	0	static
common/image.c:410:5:image_decomp	32	static
common/image.c:838:13:genimg_get_type_short_name	0	static
common/image.c:843:13:genimg_get_comp_name	0	static
common/image.c:345:6:image_print_contents	40	static
common/image.c:849:13:genimg_get_comp_short_name	0	static
common/image.c:854:13:genimg_get_os_short_name	0	static
common/image.c:859:13:genimg_get_arch_short_name	0	static
common/image.c:878:5:get_table_entry_id	16	static
common/image.c:896:5:genimg_get_os_id	0	static
common/image.c:901:5:genimg_get_arch_id	0	static
common/image.c:906:5:genimg_get_type_id	0	static
common/image.c:911:5:genimg_get_comp_id	0	static
common/image.c:932:7:genimg_get_kernel_addr_fit	0	static
common/image.c:966:7:genimg_get_kernel_addr	16	static
common/image.c:989:5:genimg_get_format	8	static
common/image.c:1021:5:genimg_has_config	0	static
common/image.c:1052:5:boot_get_ramdisk	40	static
common/image.c:1261:5:boot_ramdisk_high	32	static
common/image.c:1336:5:boot_get_setup	0	static
common/image.c:1608:5:image_setup_linux	24	static
